BL51 BANKED LINKER/LOCATER V6.22                                                        04/16/2018  15:24:07  PAGE 1


BL51 BANKED LINKER/LOCATER V6.22, INVOKED BY:
C:\KEIL\C51\BIN\BL51.EXE main.obj, system.obj, at24c08.obj, uart.obj, BK4802.obj, lcdset.obj, vco.obj, Menu.obj, key.obj
>> , MenuEvent.obj, memory.obj, lcdshow.obj, handler.obj TO CB589P RAMSIZE (256) DISABLEWARNING (16)


MEMORY MODEL: LARGE WITH FLOATING POINT ARITHMETIC


INPUT MODULES INCLUDED:
  main.obj (MAIN)
  system.obj (SYSTEM)
  at24c08.obj (AT24C08)
  uart.obj (UART)
  BK4802.obj (BK4802)
  lcdset.obj (LCDSET)
  vco.obj (VCO)
  Menu.obj (MENU)
  key.obj (KEY)
  MenuEvent.obj (MENUEVENT)
  memory.obj (MEMORY)
  lcdshow.obj (LCDSHOW)
  handler.obj (HANDLER)
  C:\KEIL\C51\LIB\C51FPL.LIB (?C?FPADD)
  C:\KEIL\C51\LIB\C51FPL.LIB (?C?FPMUL)
  C:\KEIL\C51\LIB\C51FPL.LIB (?C?FPDIV)
  C:\KEIL\C51\LIB\C51FPL.LIB (?C?FCAST)
  C:\KEIL\C51\LIB\C51FPL.LIB (?C?CASTF)
  C:\KEIL\C51\LIB\C51FPL.LIB (?C?FPGETOPN)
  C:\KEIL\C51\LIB\C51L.LIB (?C_STARTUP)
  C:\KEIL\C51\LIB\C51L.LIB (?C?CLDPTR)
  C:\KEIL\C51\LIB\C51L.LIB (?C?CSTOPTR)
  C:\KEIL\C51\LIB\C51L.LIB (?C?IMUL)
  C:\KEIL\C51\LIB\C51L.LIB (?C?UIDIV)
  C:\KEIL\C51\LIB\C51L.LIB (?C?ILDIX)
  C:\KEIL\C51\LIB\C51L.LIB (?C?ULDIV)
  C:\KEIL\C51\LIB\C51L.LIB (?C?LNEG)
  C:\KEIL\C51\LIB\C51L.LIB (?C?LSTXDATA)
  C:\KEIL\C51\LIB\C51L.LIB (?C?LSTKXDATA)
  C:\KEIL\C51\LIB\C51L.LIB (?C_INIT)


LINK MAP OF MODULE:  CB589P (MAIN)


            TYPE    BASE      LENGTH    RELOCATION   SEGMENT NAME
            -----------------------------------------------------

            * * * * * * *   D A T A   M E M O R Y   * * * * * * *
            REG     0000H     0008H     ABSOLUTE     "REG BANK 0"
            IDATA   0008H     0001H     UNIT         ?STACK

            * * * * * * *  X D A T A   M E M O R Y  * * * * * * *
            XDATA   0000H     0042H     UNIT         ?XD?_GET_AD?SYSTEM
            XDATA   0042H     003EH     UNIT         ?XD?SYSTEM
            XDATA   0080H     001DH     UNIT         ?XD?UART
            XDATA   009DH     000CH     UNIT         ?XD?KEY
            XDATA   00A9H     000BH     UNIT         ?XD?VCO
            XDATA   00B4H     0009H     UNIT         ?XD?MENU
BL51 BANKED LINKER/LOCATER V6.22                                                      04/16/2018  15:24:07  PAGE 2


            XDATA   00BDH     0008H     UNIT         ?XD?_EEPROMREADSEQUENTIAL?AT24C08
            XDATA   00C5H     0008H     UNIT         ?XD?CALCULATEFREQ?VCO
            XDATA   00CDH     0007H     UNIT         ?XD?_EEPROMWRITEPAGE?AT24C08
            XDATA   00D4H     0007H     UNIT         ?XD?CHECKRSSI?HANDLER
            XDATA   00DBH     0005H     UNIT         ?XD?_BK_READ_REG?BK4802
            XDATA   00E0H     0005H     UNIT         _XDATA_GROUP_
            XDATA   00E5H     0001H     UNIT         ?XD?BK4802
            XDATA   00E6H     0001H     UNIT         ?XD?_MENUOPERATE?MENU
            XDATA   00E7H     0001H     UNIT         ?XD?IS_KEY1_PRESS?KEY
            XDATA   00E8H     0001H     UNIT         ?XD?CHANNEL_TABLE_PPT_DN_FUC?MENUEVENT

            * * * * * * *   C O D E   M E M O R Y   * * * * * * *
            CODE    0000H     0003H     ABSOLUTE     
            CODE    0003H     0008H     UNIT         ?PR?_UART0SENDBYTE?UART
            CODE    000BH     0003H     ABSOLUTE     
            CODE    000EH     0015H     UNIT         ?PR?INITTIMER0?SYSTEM
            CODE    0023H     0003H     ABSOLUTE     
            CODE    0026H     0FA8H     UNIT         ?PR?CALCULATEFREQ?VCO
            CODE    0FCEH     052EH     UNIT         ?C?LIB_CODE
            CODE    14FCH     034BH     UNIT         ?PR?IS_KEY1_PRESS?KEY
            CODE    1847H     0208H     UNIT         ?PR?_MENUOPERATE?MENU
            CODE    1A4FH     0206H     UNIT         ?PR?_GET_AD?SYSTEM
            CODE    1C55H     01B8H     UNIT         ?PR?_BK_READ_REG?BK4802
            CODE    1E0DH     01A6H     UNIT         ?CO?HANDLER
            CODE    1FB3H     0177H     UNIT         ?PR?CHECKALLPARAM?MEMORY
            CODE    212AH     0120H     UNIT         ?PR?_BK_WRITE_REG?BK4802
            CODE    224AH     00F9H     UNIT         ?PR?UART0?UART
            CODE    2343H     00F0H     UNIT         ?PR?CHANNEL_AFM_FUC?MENUEVENT
            CODE    2433H     00E4H     UNIT         ?PR?CHECKCHANNEL?MENUEVENT
            CODE    2517H     00D1H     UNIT         ?PR?LOADALLPARAM?MEMORY
            CODE    25E8H     00CBH     UNIT         ?PR?_LCD_STRENGTH?LCDSET
            CODE    26B3H     00B7H     UNIT         ?PR?_EEPROMREADSEQUENTIAL?AT24C08
            CODE    276AH     00B4H     UNIT         ?PR?BK4802_INIT?BK4802
            CODE    281EH     00B1H     UNIT         ?PR?SAVEALLPARAM?MEMORY
            CODE    28CFH     00AFH     UNIT         ?PR?SENDCOMMAND?UART
            CODE    297EH     009FH     UNIT         ?PR?CHECKRSSI?HANDLER
            CODE    2A1DH     0098H     UNIT         ?PR?BK4802_TX?BK4802
            CODE    2AB5H     0096H     UNIT         ?PR?BK4802_RX?BK4802
            CODE    2B4BH     008CH     UNIT         ?C_C51STARTUP
            CODE    2BD7H     0075H     UNIT         ?PR?_LCD_COUNTRY?LCDSET
            CODE    2C4CH     0075H     UNIT         ?PR?_LCD_POWER?LCDSET
            CODE    2CC1H     0075H     UNIT         ?PR?_LCD_BUTTON_TONE?LCDSET
            CODE    2D36H     0068H     UNIT         ?PR?CHANNEL_TABLE_PPT_DN_FUC?MENUEVENT
            CODE    2D9EH     0067H     UNIT         ?PR?GETVOLTAGE?UART
            CODE    2E05H     0066H     UNIT         ?PR?AT24C08I2CREADBYTE?AT24C08
            CODE    2E6BH     0066H     UNIT         ?PR?_EEPROMWRITEPAGE?AT24C08
            CODE    2ED1H     0062H     UNIT         ?PR?_SETRFG?HANDLER
            CODE    2F33H     005FH     UNIT         ?PR?CHANNEL_COUNTRY_DN_FUC?MENUEVENT
            CODE    2F92H     005DH     UNIT         ?PR?CHANNEL_UP_FUC?MENUEVENT
            CODE    2FEFH     005DH     UNIT         ?PR?CHANNEL_COUNTRY_UP_FUC?MENUEVENT
            CODE    304CH     0055H     UNIT         ?PR?CHANNEL_DN_FUC?MENUEVENT
            CODE    30A1H     0050H     UNIT         ?PR?_EEPROMREADBYTE?AT24C08
            CODE    30F1H     004FH     UNIT         ?PR?SETTXPOWER?HANDLER
            CODE    3140H     0049H     UNIT         ?PR?_LCD_TABLE?LCDSET
            CODE    3189H     0049H     UNIT         ?PR?_LCD_COLOR?LCDSET
            CODE    31D2H     0048H     UNIT         ?PR?BK_WRITE_ACK?BK4802
            CODE    321AH     0046H     UNIT         ?PR?CHANNEL_PTY_FUC?MENUEVENT
BL51 BANKED LINKER/LOCATER V6.22                                                      04/16/2018  15:24:07  PAGE 3


            CODE    3260H     0043H     UNIT         ?PR?AT24C08RXACK?AT24C08
            CODE    32A3H     0043H     UNIT         ?PR?_EEPROMWRITEBYTE?AT24C08
            CODE    32E6H     0043H     UNIT         ?PR?SETDEFAULTPARAM?MEMORY
            CODE    3329H     0042H     UNIT         ?PR?_AT24C08I2CWRITEBYTE?AT24C08
            CODE    336BH     003DH     UNIT         ?PR?_LCD_ASQ_TK?LCDSET
            CODE    33A8H     0037H     UNIT         ?PR?_AT24C08TXACK?AT24C08
            CODE    33DFH     0034H     UNIT         ?PR?IO_INIT?SYSTEM
            CODE    3413H     0033H     UNIT         ?PR?_LCD_NUM1?LCDSET
            CODE    3446H     0033H     UNIT         ?PR?_LCD_NUM2?LCDSET
            CODE    3479H     0031H     UNIT         ?PR?_SAVEDATA?MEMORY
            CODE    34AAH     002CH     UNIT         ?PR?INITKEY?KEY
            CODE    34D6H     0029H     UNIT         ?PR?_LOADDATA?MEMORY
            CODE    34FFH     0028H     UNIT         ?CO?LCDSET
            CODE    3527H     0028H     UNIT         ?PR?INITFLAG?MEMORY
            CODE    354FH     0027H     UNIT         ?PR?AT24C08I2CSTART?AT24C08
            CODE    3576H     0026H     UNIT         ?PR?INITBEEP?SYSTEM
            CODE    359CH     0026H     UNIT         ?PR?BK_READ_ACK?BK4802
            CODE    35C2H     0020H     UNIT         ?PR?_DELAYMS?SYSTEM
            CODE    35E2H     0020H     UNIT         ?PR?AT24C08I2CSTOP?AT24C08
            CODE    3602H     001FH     UNIT         ?PR?_UART0SENDDATA?UART
            CODE    3621H     001BH     UNIT         ?PR?_LCD_TKSEG_COM?LCDSET
            CODE    363CH     0018H     UNIT         ?PR?CHANNEL_TABLE_UP_FUC?MENUEVENT
            CODE    3654H     0018H     UNIT         ?PR?CHANNEL_TABLE_DN_FUC?MENUEVENT
            CODE    366CH     0017H     UNIT         ?PR?CHANNEL_NEXT_BACKCOLOR_FUC?MENUEVENT
            CODE    3683H     0015H     UNIT         ?C_INITSEG
            CODE    3698H     0015H     UNIT         ?PR?CHANNEL_LONG_SQ_FUC?MENUEVENT
            CODE    36ADH     0015H     UNIT         ?PR?CHANNEL_VOX_FUC?MENUEVENT
            CODE    36C2H     0014H     UNIT         ?PR?UART0_INIT?SYSTEM
            CODE    36D6H     0014H     UNIT         ?PR?BK_STA?BK4802
            CODE    36EAH     0014H     UNIT         ?PR?PPT_PRESS?KEY
            CODE    36FEH     0013H     UNIT         ?PR?_LCD_FM?LCDSET
            CODE    3711H     0013H     UNIT         ?PR?_LCD_AM?LCDSET
            CODE    3724H     0013H     UNIT         ?PR?_LCD_ASQ?LCDSET
            CODE    3737H     0013H     UNIT         ?PR?_LCD_VOX?LCDSET
            CODE    374AH     0013H     UNIT         ?PR?_LCD_UK?LCDSET
            CODE    375DH     0013H     UNIT         ?PR?_LCD_EU?LCDSET
            CODE    3770H     0013H     UNIT         ?PR?_LCD_DE?LCDSET
            CODE    3783H     0013H     UNIT         ?PR?_LCD_PTY?LCDSET
            CODE    3796H     0013H     UNIT         ?PR?_LCD_TX?LCDSET
            CODE    37A9H     0013H     UNIT         ?PR?_LCD_M?LCDSET
            CODE    37BCH     0013H     UNIT         ?PR?_LCD_SC?LCDSET
            CODE    37CFH     0013H     UNIT         ?PR?_LCD_WL?LCDSET
            CODE    37E2H     0013H     UNIT         ?PR?_LCD_RX?LCDSET
            CODE    37F5H     0013H     UNIT         ?PR?_LCD_R?LCDSET
            CODE    3808H     0013H     UNIT         ?PR?_LCD_H?LCDSET
            CODE    381BH     0013H     UNIT         ?PR?_LCD_NL?LCDSET
            CODE    382EH     0013H     UNIT         ?PR?CHANNEL_SWITCH_TUTTONTONE_FUC?MENUEVENT
            CODE    3841H     0012H     UNIT         ?PR?MAIN?MAIN
            CODE    3853H     0012H     UNIT         ?PR?SYSTEMCLK_INIT?SYSTEM
            CODE    3865H     0010H     UNIT         ?PR?SYSTEMINIT?SYSTEM
            CODE    3875H     0010H     UNIT         ?PR?INITAT24C08?AT24C08
            CODE    3885H     0010H     UNIT         ?PR?CHANNEL_ASQ_UP_FUC?MENUEVENT
            CODE    3895H     0010H     UNIT         ?PR?CHANNEL_ASQ_DN_FUC?MENUEVENT
            CODE    38A5H     000CH     UNIT         ?PR?BK_STO?BK4802
            CODE    38B1H     000BH     UNIT         ?PR?IRQ_TIMER1?MAIN
            CODE    38BCH     000BH     UNIT         ?PR?UART_EVENT?HANDLER
            CODE    38C7H     0009H     UNIT         ?PR?ANALYSECMD?UART
BL51 BANKED LINKER/LOCATER V6.22                                                      04/16/2018  15:24:07  PAGE 4


            CODE    38D0H     0009H     UNIT         ?PR?SHOWASQ?LCDSHOW
            CODE    38D9H     0009H     UNIT         ?PR?SHOWTABLE?LCDSHOW
            CODE    38E2H     0009H     UNIT         ?PR?SHOWCOUNTRY?LCDSHOW
            CODE    38EBH     0009H     UNIT         ?PR?SHOWPOWER?LCDSHOW
            CODE    38F4H     0008H     UNIT         ?PR?OPENLCDTK?LCDSET
            CODE    38FCH     0008H     UNIT         ?PR?CLOSELCDTK?LCDSET
            CODE    3904H     0007H     UNIT         ?PR?LCD_INIT?LCDSET
            CODE    390BH     0007H     UNIT         ?PR?CHANNEL_ASQ_SQ_FUC?MENUEVENT
            CODE    3912H     0007H     UNIT         ?PR?INITMEMORY?MEMORY
            CODE    3919H     0006H     UNIT         ?PR?BK4802_RSSIANDSNR?BK4802
            CODE    391FH     0006H     UNIT         ?PR?BK4802_ASQ?BK4802
            CODE    3925H     0004H     UNIT         ?PR?CHANNEL_PPT_DN_FUC?MENUEVENT
            CODE    3929H     0004H     UNIT         ?PR?CHANNEL_PPT_UP_FUC?MENUEVENT
            CODE    392DH     0004H     UNIT         ?PR?CHANNEL_ASQ_FUC?MENUEVENT
            CODE    3931H     0004H     UNIT         ?PR?CHANNEL_LOCK_FUC?MENUEVENT
            CODE    3935H     0004H     UNIT         ?PR?CHANNEL_DELOCK_FUC?MENUEVENT
            CODE    3939H     0003H     UNIT         ?PR?_DELAYUS?SYSTEM
            CODE    393CH     0003H     UNIT         ?PR?BK4802_SLEEP?BK4802
            CODE    393FH     0001H     UNIT         ?PR?CHANNEL_SCAN_FUC?MENUEVENT
            CODE    3940H     0001H     UNIT         ?PR?CHANNEL_SCAN_LONG_PRESS_FUC?MENUEVENT
            CODE    3941H     0001H     UNIT         ?PR?CHANNEL_SCAN_PPT_DN_FUC?MENUEVENT
            CODE    3942H     0001H     UNIT         ?PR?CHANNEL_SCAN_PPT_UP_FUC?MENUEVENT
            CODE    3943H     0001H     UNIT         ?PR?SHOWCHANNEL?LCDSHOW
            CODE    3944H     0001H     UNIT         ?PR?SHOWBUTTONTONESWITCH?LCDSHOW
            CODE    3945H     0001H     UNIT         ?PR?SHOWBACKCOLOR?LCDSHOW
            CODE    3946H     0001H     UNIT         ?PR?SHOWLOCKED?LCDSHOW
            CODE    3947H     0001H     UNIT         ?PR?SHOWDELOCK?LCDSHOW
            CODE    3948H     0001H     UNIT         ?PR?CHECKSQLEVEL?HANDLER



OVERLAY MAP OF MODULE:   CB589P (MAIN)


SEGMENT                                            XDATA_GROUP
  +--> CALLED SEGMENT                            START    LENGTH
----------------------------------------------------------------
?PR?UART0?UART                                   -----    -----
  +--> ?PR?ANALYSECMD?UART

*** NEW ROOT ***************************************************

?C_C51STARTUP                                    -----    -----
  +--> ?PR?MAIN?MAIN
  +--> ?C_INITSEG

?PR?MAIN?MAIN                                    -----    -----
  +--> ?PR?SYSTEMINIT?SYSTEM
  +--> ?PR?INITMEMORY?MEMORY
  +--> ?PR?SETTXPOWER?HANDLER
  +--> ?PR?BK4802_INIT?BK4802
  +--> ?PR?INITKEY?KEY

?PR?SYSTEMINIT?SYSTEM                            -----    -----
  +--> ?PR?SYSTEMCLK_INIT?SYSTEM
  +--> ?PR?IO_INIT?SYSTEM
  +--> ?PR?INITTIMER0?SYSTEM
BL51 BANKED LINKER/LOCATER V6.22                                                      04/16/2018  15:24:07  PAGE 5


  +--> ?PR?UART0_INIT?SYSTEM
  +--> ?PR?INITBEEP?SYSTEM

?PR?INITMEMORY?MEMORY                            -----    -----
  +--> ?PR?INITAT24C08?AT24C08
  +--> ?PR?LOADALLPARAM?MEMORY

?PR?LOADALLPARAM?MEMORY                          -----    -----
  +--> ?PR?INITFLAG?MEMORY
  +--> ?PR?_LOADDATA?MEMORY
  +--> ?PR?SETDEFAULTPARAM?MEMORY
  +--> ?PR?SAVEALLPARAM?MEMORY
  +--> ?PR?CHECKALLPARAM?MEMORY

?PR?_LOADDATA?MEMORY                             -----    -----
  +--> ?PR?_EEPROMREADBYTE?AT24C08

?PR?_EEPROMREADBYTE?AT24C08                      00E0H    0003H
  +--> ?PR?AT24C08I2CSTART?AT24C08
  +--> ?PR?_AT24C08I2CWRITEBYTE?AT24C08
  +--> ?PR?AT24C08RXACK?AT24C08
  +--> ?PR?AT24C08I2CREADBYTE?AT24C08
  +--> ?PR?_AT24C08TXACK?AT24C08
  +--> ?PR?AT24C08I2CSTOP?AT24C08

?PR?AT24C08I2CSTART?AT24C08                      -----    -----
  +--> ?PR?_DELAYUS?SYSTEM

?PR?_AT24C08I2CWRITEBYTE?AT24C08                 00E3H    0002H
  +--> ?PR?_DELAYUS?SYSTEM

?PR?AT24C08RXACK?AT24C08                         00E3H    0001H
  +--> ?PR?_DELAYUS?SYSTEM

?PR?AT24C08I2CREADBYTE?AT24C08                   00E3H    0002H
  +--> ?PR?_DELAYUS?SYSTEM

?PR?_AT24C08TXACK?AT24C08                        00E3H    0001H
  +--> ?PR?_DELAYUS?SYSTEM

?PR?AT24C08I2CSTOP?AT24C08                       -----    -----
  +--> ?PR?_DELAYUS?SYSTEM

?PR?SAVEALLPARAM?MEMORY                          -----    -----
  +--> ?PR?_SAVEDATA?MEMORY

?PR?_SAVEDATA?MEMORY                             -----    -----
  +--> ?PR?_EEPROMWRITEBYTE?AT24C08

?PR?_EEPROMWRITEBYTE?AT24C08                     00E0H    0003H
  +--> ?PR?AT24C08I2CSTART?AT24C08
  +--> ?PR?_AT24C08I2CWRITEBYTE?AT24C08
  +--> ?PR?AT24C08RXACK?AT24C08
  +--> ?PR?AT24C08I2CSTOP?AT24C08
  +--> ?PR?_DELAYMS?SYSTEM

?PR?BK4802_INIT?BK4802                           -----    -----
BL51 BANKED LINKER/LOCATER V6.22                                                      04/16/2018  15:24:07  PAGE 6


  +--> ?PR?_BK_WRITE_REG?BK4802

?PR?_BK_WRITE_REG?BK4802                         00E0H    0004H
  +--> ?PR?BK_STA?BK4802
  +--> ?PR?BK_WRITE_ACK?BK4802
  +--> ?PR?BK_STO?BK4802

?PR?BK_WRITE_ACK?BK4802                          -----    -----
  +--> ?PR?_DELAYUS?SYSTEM



SYMBOL TABLE OF MODULE:  CB589P (MAIN)

  VALUE           TYPE          NAME
  ----------------------------------

  -------         MODULE        MAIN
  C:0000H         SYMBOL        _ICE_DUMMY_
  D:0080H         PUBLIC        P0
  D:0090H         PUBLIC        P1
  D:00A0H         PUBLIC        P2
  D:00B0H         PUBLIC        P3
  C:38B1H         PUBLIC        irq_timer1
  D:00C8H         PUBLIC        T2CON1
  C:3841H         PUBLIC        main
  D:008CH         PUBLIC        TH0
  D:008AH         PUBLIC        TL0
  B:0088H.4       PUBLIC        TR0
  D:0098H         PUBLIC        SCON0
  D:00D8H         PUBLIC        ADCON
  D:00C0H         PUBLIC        IIC0CON
  -------         PROC          IRQ_TIMER1
  C:38B1H         LINE#         50
  C:38B1H         LINE#         53
  C:38B3H         LINE#         54
  C:38B6H         LINE#         55
  C:38B9H         LINE#         56
  C:38BBH         LINE#         57
  -------         ENDPROC       IRQ_TIMER1
  -------         PROC          MAIN
  C:3841H         LINE#         60
  C:3841H         LINE#         61
  C:3841H         LINE#         62
  C:3844H         LINE#         63
  C:3847H         LINE#         64
  C:384AH         LINE#         65
  C:384DH         LINE#         66
  C:3850H         LINE#         67
  C:3850H         LINE#         68
  C:3850H         LINE#         72
  -------         ENDPROC       MAIN
  -------         ENDMOD        MAIN

  -------         MODULE        SYSTEM
  C:0000H         SYMBOL        _ICE_DUMMY_
  D:0080H         PUBLIC        P0
BL51 BANKED LINKER/LOCATER V6.22                                                      04/16/2018  15:24:07  PAGE 7


  D:0090H         PUBLIC        P1
  D:00A0H         PUBLIC        P2
  D:00B0H         PUBLIC        P3
  C:1A4FH         PUBLIC        _Get_AD
  X:0042H         PUBLIC        mCbParam
  D:00A8H         PUBLIC        IE
  C:33DFH         PUBLIC        IO_Init
  D:0095H         PUBLIC        WPKEY
  D:00C8H         PUBLIC        T2CON1
  C:3853H         PUBLIC        systemCLK_init
  B:00D8H.2       PUBLIC        ADGO
  C:3865H         PUBLIC        SystemInit
  D:00DAH         PUBLIC        ADRH
  X:005FH         PUBLIC        mUartCmd
  X:0060H         PUBLIC        mSysParam
  D:00D9H         PUBLIC        ADRL
  D:008EH         PUBLIC        BRCON0
  X:0077H         PUBLIC        mSqParam
  D:008FH         PUBLIC        BRTIM0
  D:0089H         PUBLIC        TMOD
  D:0091H         PUBLIC        MCKDIV
  D:0092H         PUBLIC        MCKSEL
  B:00A8H.1       PUBLIC        ET0
  D:008CH         PUBLIC        TH0
  D:008AH         PUBLIC        TL0
  C:3576H         PUBLIC        initBEEP
  B:0088H.4       PUBLIC        TR0
  D:00FCH         PUBLIC        P0MDH
  D:00FDH         PUBLIC        P1MDH
  D:00FEH         PUBLIC        P2MDH
  D:00FFH         PUBLIC        P3MDH
  D:00ECH         PUBLIC        P0MDL
  D:00EDH         PUBLIC        P1MDL
  D:00EEH         PUBLIC        P2MDL
  C:36C2H         PUBLIC        UART0_Init
  D:0098H         PUBLIC        SCON0
  D:00D8H         PUBLIC        ADCON
  D:00C0H         PUBLIC        IIC0CON
  C:000EH         PUBLIC        initTimer0
  D:0093H         PUBLIC        CLKEN
  C:35C2H         PUBLIC        _delayms
  C:3939H         PUBLIC        _delayus
  -------         PROC          SYSTEMCLK_INIT
  C:3853H         LINE#         19
  C:3853H         LINE#         20
  C:3853H         LINE#         21
  C:3856H         LINE#         22
  C:3859H         LINE#         23
  C:385EH         LINE#         24
  C:3861H         LINE#         26
  C:3864H         LINE#         27
  -------         ENDPROC       SYSTEMCLK_INIT
  -------         PROC          INITTIMER0
  C:000EH         LINE#         33
  C:000EH         LINE#         34
  C:000EH         LINE#         36
  C:0015H         LINE#         37
BL51 BANKED LINKER/LOCATER V6.22                                                      04/16/2018  15:24:07  PAGE 8


  C:0018H         LINE#         38
  C:001BH         LINE#         39
  C:001EH         LINE#         40
  C:0020H         LINE#         41
  C:0022H         LINE#         42
  -------         ENDPROC       INITTIMER0
  -------         PROC          IO_INIT
  C:33DFH         LINE#         48
  C:33DFH         LINE#         49
  C:33DFH         LINE#         50
  C:33E2H         LINE#         51
  C:33E5H         LINE#         54
  C:33E8H         LINE#         55
  C:33EBH         LINE#         56
  C:33EEH         LINE#         59
  C:33F1H         LINE#         60
  C:33F4H         LINE#         64
  C:33F7H         LINE#         66
  C:33FDH         LINE#         67
  C:3401H         LINE#         70
  C:3407H         LINE#         72
  C:340EH         LINE#         73
  C:3412H         LINE#         74
  -------         ENDPROC       IO_INIT
  -------         PROC          _DELAYMS
  D:0006H         SYMBOL        i
  -------         DO            
  D:0004H         SYMBOL        m
  D:0002H         SYMBOL        n
  -------         ENDDO         
  C:35C2H         LINE#         83
  C:35C2H         LINE#         84
  C:35C2H         LINE#         87
  C:35CCH         LINE#         88
  C:35CCH         LINE#         89
  C:35DAH         LINE#         90
  C:35E1H         LINE#         91
  -------         ENDPROC       _DELAYMS
  -------         PROC          _DELAYUS
  D:0007H         SYMBOL        i
  C:3939H         LINE#         97
  C:3939H         LINE#         98
  C:3939H         LINE#         99
  C:393BH         LINE#         100
  -------         ENDPROC       _DELAYUS
  -------         PROC          INITBEEP
  C:3576H         LINE#         106
  C:3576H         LINE#         107
  C:3576H         LINE#         108
  C:357DH         LINE#         109
  C:3584H         LINE#         110
  C:358BH         LINE#         111
  C:3591H         LINE#         112
  C:3595H         LINE#         113
  C:3598H         LINE#         114
  C:359BH         LINE#         115
  -------         ENDPROC       INITBEEP
BL51 BANKED LINKER/LOCATER V6.22                                                      04/16/2018  15:24:07  PAGE 9


  -------         PROC          UART0_INIT
  C:36C2H         LINE#         121
  C:36C2H         LINE#         122
  C:36C2H         LINE#         123
  C:36C9H         LINE#         124
  C:36CCH         LINE#         125
  C:36CFH         LINE#         127
  C:36D2H         LINE#         128
  C:36D5H         LINE#         130
  -------         ENDPROC       UART0_INIT
  -------         PROC          SYSTEMINIT
  C:3865H         LINE#         155
  C:3865H         LINE#         156
  C:3865H         LINE#         157
  C:3868H         LINE#         158
  C:386BH         LINE#         159
  C:386EH         LINE#         160
  C:3871H         LINE#         162
  C:3874H         LINE#         165
  -------         ENDPROC       SYSTEMINIT
  -------         PROC          _GET_AD
  D:0007H         SYMBOL        AD_IO
  -------         DO            
  X:0000H         SYMBOL        i
  D:0002H         SYMBOL        j
  X:0002H         SYMBOL        temp
  X:0006H         SYMBOL        val
  -------         ENDDO         
  C:1A4FH         LINE#         167
  C:1A4FH         LINE#         168
  C:1A4FH         LINE#         173
  C:1A61H         LINE#         174
  C:1A61H         LINE#         175
  C:1A61H         LINE#         176
  C:1A67H         LINE#         177
  C:1A6AH         LINE#         178
  C:1A6CH         LINE#         179
  C:1A6CH         LINE#         180
  C:1A72H         LINE#         181
  C:1A75H         LINE#         182
  C:1A77H         LINE#         183
  C:1A77H         LINE#         184
  C:1A7DH         LINE#         185
  C:1A80H         LINE#         186
  C:1A82H         LINE#         187
  C:1A82H         LINE#         188
  C:1A88H         LINE#         189
  C:1A8BH         LINE#         190
  C:1A8DH         LINE#         191
  C:1A8DH         LINE#         192
  C:1A93H         LINE#         193
  C:1A96H         LINE#         194
  C:1A96H         LINE#         195
  C:1A96H         LINE#         196
  C:1A96H         LINE#         197
  C:1A96H         LINE#         199
  C:1A9BH         LINE#         200
BL51 BANKED LINKER/LOCATER V6.22                                                      04/16/2018  15:24:07  PAGE 10


  C:1AA2H         LINE#         201
  C:1AA2H         LINE#         202
  C:1AA4H         LINE#         203
  C:1AA7H         LINE#         204
  C:1ACAH         LINE#         205
  C:1AE4H         LINE#         206
  C:1AEBH         LINE#         207
  C:1AEBH         LINE#         208
  C:1B08H         LINE#         209
  C:1B08H         LINE#         210
  C:1B32H         LINE#         211
  C:1B32H         LINE#         212
  C:1B51H         LINE#         213
  C:1B76H         LINE#         214
  C:1B9AH         LINE#         215
  C:1B9AH         LINE#         216
  C:1BA2H         LINE#         217
  C:1BBFH         LINE#         218
  C:1BC9H         LINE#         219
  C:1BD2H         LINE#         220
  C:1BD2H         LINE#         221
  C:1C11H         LINE#         222
  C:1C2BH         LINE#         223
  C:1C48H         LINE#         224
  C:1C54H         LINE#         225
  -------         ENDPROC       _GET_AD
  -------         ENDMOD        SYSTEM

  -------         MODULE        AT24C08
  C:0000H         SYMBOL        _ICE_DUMMY_
  C:2E05H         PUBLIC        at24c08I2cReadByte
  D:0080H         PUBLIC        P0
  D:0090H         PUBLIC        P1
  D:00A0H         PUBLIC        P2
  D:00B0H         PUBLIC        P3
  C:3329H         PUBLIC        _at24c08I2cWriteByte
  C:35E2H         PUBLIC        at24c08I2cStop
  D:00C8H         PUBLIC        T2CON1
  C:2E6BH         PUBLIC        _eepromWritePage
  C:3875H         PUBLIC        initAt24c08
  C:30A1H         PUBLIC        _eepromReadByte
  C:26B3H         PUBLIC        _eepromReadSequential
  C:32A3H         PUBLIC        _eepromWriteByte
  B:0090H.7       PUBLIC        P17
  D:00ECH         PUBLIC        P0MDL
  D:0098H         PUBLIC        SCON0
  C:3260H         PUBLIC        at24c08RxAck
  D:00D8H         PUBLIC        ADCON
  C:33A8H         PUBLIC        _at24c08TxAck
  D:00C0H         PUBLIC        IIC0CON
  C:354FH         PUBLIC        at24c08I2cStart
  -------         PROC          INITAT24C08
  C:3875H         LINE#         9
  C:3875H         LINE#         10
  C:3875H         LINE#         11
  C:387CH         LINE#         12
  C:387EH         LINE#         13
BL51 BANKED LINKER/LOCATER V6.22                                                      04/16/2018  15:24:07  PAGE 11


  C:3881H         LINE#         14
  C:3884H         LINE#         15
  -------         ENDPROC       INITAT24C08
  -------         PROC          AT24C08I2CSTART
  C:354FH         LINE#         21
  C:354FH         LINE#         22
  C:354FH         LINE#         23
  C:3551H         LINE#         24
  C:3556H         LINE#         25
  C:355DH         LINE#         26
  C:3562H         LINE#         27
  C:3564H         LINE#         28
  C:3569H         LINE#         29
  C:3570H         LINE#         30
  C:3575H         LINE#         31
  -------         ENDPROC       AT24C08I2CSTART
  -------         PROC          AT24C08I2CSTOP
  C:35E2H         LINE#         37
  C:35E2H         LINE#         38
  C:35E2H         LINE#         39
  C:35E9H         LINE#         40
  C:35EEH         LINE#         41
  C:35F0H         LINE#         42
  C:35F5H         LINE#         43
  C:35FCH         LINE#         44
  C:3601H         LINE#         45
  -------         ENDPROC       AT24C08I2CSTOP
  -------         PROC          AT24C08RXACK
  -------         DO            
  X:00E3H         SYMBOL        Ack_Bit
  -------         ENDDO         
  C:3260H         LINE#         51
  C:3260H         LINE#         52
  C:3260H         LINE#         54
  C:3262H         LINE#         55
  C:3267H         LINE#         56
  C:3272H         LINE#         57
  C:3277H         LINE#         58
  C:3289H         LINE#         59
  C:328BH         LINE#         60
  C:3290H         LINE#         61
  C:3292H         LINE#         62
  C:329DH         LINE#         63
  C:32A2H         LINE#         64
  -------         ENDPROC       AT24C08RXACK
  -------         PROC          _AT24C08TXACK
  X:00E3H         SYMBOL        ACK
  C:33A8H         LINE#         70
  C:33ADH         LINE#         71
  C:33ADH         LINE#         72
  C:33AFH         LINE#         73
  C:33B4H         LINE#         74
  C:33CBH         LINE#         75
  C:33D0H         LINE#         76
  C:33D2H         LINE#         77
  C:33D7H         LINE#         78
  C:33D9H         LINE#         79
BL51 BANKED LINKER/LOCATER V6.22                                                      04/16/2018  15:24:07  PAGE 12


  C:33DEH         LINE#         80
  -------         ENDPROC       _AT24C08TXACK
  -------         PROC          _AT24C08I2CWRITEBYTE
  X:00E3H         SYMBOL        value
  -------         DO            
  X:00E4H         SYMBOL        i
  -------         ENDDO         
  C:3329H         LINE#         86
  C:332EH         LINE#         87
  C:332EH         LINE#         90
  C:3330H         LINE#         91
  C:3333H         LINE#         92
  C:3333H         LINE#         93
  C:333AH         LINE#         94
  C:333AH         LINE#         95
  C:3341H         LINE#         96
  C:3343H         LINE#         98
  C:3343H         LINE#         99
  C:334AH         LINE#         100
  C:334AH         LINE#         101
  C:334FH         LINE#         102
  C:3351H         LINE#         103
  C:3356H         LINE#         104
  C:3358H         LINE#         105
  C:3360H         LINE#         106
  C:336AH         LINE#         107
  -------         ENDPROC       _AT24C08I2CWRITEBYTE
  -------         PROC          AT24C08I2CREADBYTE
  -------         DO            
  X:00E3H         SYMBOL        i
  X:00E4H         SYMBOL        temp
  -------         ENDDO         
  C:2E05H         LINE#         113
  C:2E05H         LINE#         114
  C:2E05H         LINE#         117
  C:2E07H         LINE#         118
  C:2E0CH         LINE#         119
  C:2E17H         LINE#         120
  C:2E1CH         LINE#         121
  C:2E21H         LINE#         122
  C:2E21H         LINE#         123
  C:2E29H         LINE#         124
  C:2E39H         LINE#         125
  C:2E39H         LINE#         126
  C:2E40H         LINE#         127
  C:2E40H         LINE#         128
  C:2E45H         LINE#         129
  C:2E47H         LINE#         130
  C:2E4CH         LINE#         131
  C:2E4EH         LINE#         132
  C:2E5AH         LINE#         133
  C:2E65H         LINE#         134
  C:2E6AH         LINE#         135
  -------         ENDPROC       AT24C08I2CREADBYTE
  -------         PROC          _EEPROMWRITEBYTE
  X:00E0H         SYMBOL        page
  X:00E1H         SYMBOL        addr
BL51 BANKED LINKER/LOCATER V6.22                                                      04/16/2018  15:24:07  PAGE 13


  X:00E2H         SYMBOL        value
  C:32A3H         LINE#         141
  C:32AEH         LINE#         142
  C:32AEH         LINE#         143
  C:32B1H         LINE#         144
  C:32B9H         LINE#         145
  C:32BFH         LINE#         146
  C:32C7H         LINE#         147
  C:32CDH         LINE#         148
  C:32D5H         LINE#         149
  C:32DBH         LINE#         150
  C:32DEH         LINE#         151
  C:32E5H         LINE#         152
  -------         ENDPROC       _EEPROMWRITEBYTE
  -------         PROC          _EEPROMWRITEPAGE
  X:00CDH         SYMBOL        page
  X:00CEH         SYMBOL        p_value
  X:00D1H         SYMBOL        addr
  X:00D2H         SYMBOL        len
  -------         DO            
  X:00D3H         SYMBOL        i
  -------         ENDDO         
  C:2E6BH         LINE#         158
  C:2E79H         LINE#         159
  C:2E79H         LINE#         161
  C:2E7CH         LINE#         162
  C:2E84H         LINE#         163
  C:2E8AH         LINE#         164
  C:2E92H         LINE#         165
  C:2E98H         LINE#         167
  C:2EA8H         LINE#         168
  C:2EA8H         LINE#         169
  C:2EBFH         LINE#         170
  C:2EC5H         LINE#         171
  C:2ECDH         LINE#         172
  C:2ED0H         LINE#         173
  -------         ENDPROC       _EEPROMWRITEPAGE
  -------         PROC          _EEPROMREADBYTE
  X:00E0H         SYMBOL        page
  X:00E1H         SYMBOL        addr
  -------         DO            
  X:00E2H         SYMBOL        value
  -------         ENDDO         
  C:30A1H         LINE#         179
  C:30A9H         LINE#         180
  C:30A9H         LINE#         183
  C:30ACH         LINE#         184
  C:30B4H         LINE#         185
  C:30BAH         LINE#         186
  C:30C2H         LINE#         187
  C:30C8H         LINE#         188
  C:30CBH         LINE#         189
  C:30D5H         LINE#         190
  C:30DBH         LINE#         191
  C:30E3H         LINE#         192
  C:30E8H         LINE#         193
  C:30EBH         LINE#         194
BL51 BANKED LINKER/LOCATER V6.22                                                      04/16/2018  15:24:07  PAGE 14


  C:30F0H         LINE#         195
  -------         ENDPROC       _EEPROMREADBYTE
  -------         PROC          _EEPROMREADSEQUENTIAL
  X:00BDH         SYMBOL        page
  X:00BEH         SYMBOL        p_data
  X:00C1H         SYMBOL        addr
  X:00C2H         SYMBOL        length
  -------         DO            
  X:00C3H         SYMBOL        i
  -------         ENDDO         
  C:26B3H         LINE#         201
  C:26C1H         LINE#         202
  C:26C1H         LINE#         205
  C:26C4H         LINE#         206
  C:26CCH         LINE#         207
  C:26D2H         LINE#         208
  C:26DAH         LINE#         209
  C:26E0H         LINE#         210
  C:26E3H         LINE#         211
  C:26EDH         LINE#         212
  C:26F3H         LINE#         213
  C:2712H         LINE#         214
  C:2712H         LINE#         215
  C:272FH         LINE#         216
  C:2734H         LINE#         217
  C:2744H         LINE#         218
  C:2761H         LINE#         219
  C:2766H         LINE#         221
  C:2769H         LINE#         222
  -------         ENDPROC       _EEPROMREADSEQUENTIAL
  -------         ENDMOD        AT24C08

  -------         MODULE        UART
  C:0000H         SYMBOL        _ICE_DUMMY_
  D:0080H         PUBLIC        P0
  D:0090H         PUBLIC        P1
  D:00A0H         PUBLIC        P2
  D:00B0H         PUBLIC        P3
  C:0003H         PUBLIC        _uart0SendByte
  X:0080H         PUBLIC        cTxLength
  B:00A8H.4       PUBLIC        ES
  C:2D9EH         PUBLIC        getVoltage
  D:00C8H         PUBLIC        T2CON1
  B:0098H.0       PUBLIC        RI
  B:0098H.1       PUBLIC        TI
  C:38C7H         PUBLIC        analyseCMD
  C:224AH         PUBLIC        Uart0
  X:0081H         PUBLIC        mVoltageSend
  D:0099H         PUBLIC        SBUF0
  D:0098H         PUBLIC        SCON0
  X:0091H         PUBLIC        mReceivePackage
  D:00D8H         PUBLIC        ADCON
  D:00C0H         PUBLIC        IIC0CON
  C:28CFH         PUBLIC        sendCommand
  C:3602H         PUBLIC        _uart0SendData
  -------         PROC          _UART0SENDBYTE
  D:0007H         SYMBOL        dat
BL51 BANKED LINKER/LOCATER V6.22                                                      04/16/2018  15:24:07  PAGE 15


  C:0003H         LINE#         7
  C:0003H         LINE#         8
  C:0003H         LINE#         9
  C:0005H         LINE#         10
  C:0008H         LINE#         11
  C:000AH         LINE#         12
  -------         ENDPROC       _UART0SENDBYTE
  -------         PROC          _UART0SENDDATA
  D:0001H         SYMBOL        p
  C:3602H         LINE#         18
  C:3602H         LINE#         19
  C:3602H         LINE#         20
  C:3604H         LINE#         21
  C:360EH         LINE#         22
  C:360EH         LINE#         23
  C:3615H         LINE#         24
  C:361CH         LINE#         25
  C:361EH         LINE#         26
  C:3620H         LINE#         27
  -------         ENDPROC       _UART0SENDDATA
  -------         PROC          GETVOLTAGE
  -------         DO            
  D:0004H         SYMBOL        val
  -------         ENDDO         
  C:2D9EH         LINE#         29
  C:2D9EH         LINE#         30
  C:2D9EH         LINE#         32
  C:2DABH         LINE#         33
  C:2DB8H         LINE#         34
  C:2DC5H         LINE#         35
  C:2DD2H         LINE#         36
  C:2DDFH         LINE#         37
  C:2DE6H         LINE#         38
  C:2DF2H         LINE#         39
  C:2DFCH         LINE#         40
  C:2E04H         LINE#         41
  -------         ENDPROC       GETVOLTAGE
  -------         PROC          SENDCOMMAND
  -------         DO            
  D:0004H         SYMBOL        i
  -------         ENDDO         
  C:28CFH         LINE#         45
  C:28CFH         LINE#         46
  C:28CFH         LINE#         48
  C:28D2H         LINE#         49
  C:28D8H         LINE#         50
  C:28E5H         LINE#         51
  C:28E8H         LINE#         52
  C:28F5H         LINE#         53
  C:28F8H         LINE#         54
  C:2905H         LINE#         55
  C:2908H         LINE#         56
  C:2915H         LINE#         57
  C:2918H         LINE#         58
  C:2925H         LINE#         59
  C:2928H         LINE#         60
  C:2932H         LINE#         61
BL51 BANKED LINKER/LOCATER V6.22                                                      04/16/2018  15:24:07  PAGE 16


  C:293CH         LINE#         62
  C:2946H         LINE#         63
  C:2949H         LINE#         64
  C:294BH         LINE#         65
  C:294BH         LINE#         66
  C:2962H         LINE#         67
  C:2967H         LINE#         68
  C:296EH         LINE#         69
  C:2974H         LINE#         70
  C:297DH         LINE#         71
  -------         ENDPROC       SENDCOMMAND
  -------         PROC          ANALYSECMD
  C:38C7H         LINE#         81
  C:38C7H         LINE#         82
  C:38C7H         LINE#         83
  C:38CFH         LINE#         84
  -------         ENDPROC       ANALYSECMD
  -------         PROC          UART0
  -------         DO            
  D:0007H         SYMBOL        dat
  D:0006H         SYMBOL        i
  -------         ENDDO         
  C:224AH         LINE#         86
  C:225FH         LINE#         88
  C:2261H         LINE#         89
  C:2262H         LINE#         90
  C:2268H         LINE#         91
  C:226AH         LINE#         92
  C:226CH         LINE#         94
  C:2270H         LINE#         95
  C:2270H         LINE#         96
  C:2276H         LINE#         97
  C:2279H         LINE#         98
  C:2279H         LINE#         100
  C:2287H         LINE#         101
  C:2287H         LINE#         102
  C:2287H         LINE#         103
  C:2297H         LINE#         104
  C:229BH         LINE#         105
  C:229BH         LINE#         106
  C:22A1H         LINE#         107
  C:22A1H         LINE#         108
  C:22A4H         LINE#         109
  C:22A9H         LINE#         110
  C:22ABH         LINE#         112
  C:22ABH         LINE#         113
  C:22B1H         LINE#         114
  C:22B1H         LINE#         115
  C:22B1H         LINE#         116
  C:22B7H         LINE#         117
  C:22B9H         LINE#         118
  C:22B9H         LINE#         119
  C:22C9H         LINE#         120
  C:22CDH         LINE#         121
  C:22CDH         LINE#         122
  C:22D8H         LINE#         123
  C:22D8H         LINE#         124
BL51 BANKED LINKER/LOCATER V6.22                                                      04/16/2018  15:24:07  PAGE 17


  C:22E6H         LINE#         125
  C:22E6H         LINE#         126
  C:22E8H         LINE#         127
  C:2300H         LINE#         128
  C:2300H         LINE#         129
  C:230DH         LINE#         130
  C:2310H         LINE#         131
  C:2314H         LINE#         132
  C:2322H         LINE#         133
  C:2322H         LINE#         134
  C:2325H         LINE#         135
  C:232AH         LINE#         136
  C:232AH         LINE#         137
  C:232AH         LINE#         139
  C:2330H         LINE#         140
  C:2330H         LINE#         141
  C:2330H         LINE#         142
  -------         ENDPROC       UART0
  -------         ENDMOD        UART

  -------         MODULE        BK4802
  C:0000H         SYMBOL        _ICE_DUMMY_
  D:0080H         PUBLIC        P0
  D:0090H         PUBLIC        P1
  D:00A0H         PUBLIC        P2
  D:00B0H         PUBLIC        P3
  D:00C8H         PUBLIC        T2CON1
  C:391FH         PUBLIC        BK4802_ASQ
  C:3919H         PUBLIC        BK4802_RssiAndSnr
  B:0090H.0       PUBLIC        P10
  B:0090H.1       PUBLIC        P11
  B:0090H.3       PUBLIC        P13
  B:0090H.6       PUBLIC        P16
  C:393CH         PUBLIC        BK4802_SLEEP
  X:00E5H         PUBLIC        isSecess
  C:276AH         PUBLIC        BK4802_Init
  C:36D6H         PUBLIC        BK_STA
  C:359CH         PUBLIC        BK_Read_Ack
  C:38A5H         PUBLIC        BK_STO
  D:0098H         PUBLIC        SCON0
  D:00D8H         PUBLIC        ADCON
  C:2AB5H         PUBLIC        BK4802_RX
  D:00C0H         PUBLIC        IIC0CON
  C:2A1DH         PUBLIC        BK4802_TX
  C:1C55H         PUBLIC        _BK_Read_Reg
  C:31D2H         PUBLIC        BK_Write_Ack
  C:212AH         PUBLIC        _BK_Write_Reg
  -------         PROC          BK_WRITE_ACK
  C:31D2H         LINE#         7
  C:31D2H         LINE#         8
  C:31D2H         LINE#         9
  C:31D9H         LINE#         10
  C:31E4H         LINE#         11
  C:31EBH         LINE#         12
  C:31F0H         LINE#         13
  C:3202H         LINE#         14
  C:3202H         LINE#         15
BL51 BANKED LINKER/LOCATER V6.22                                                      04/16/2018  15:24:07  PAGE 18


  C:3207H         LINE#         16
  C:3207H         LINE#         17
  C:320EH         LINE#         18
  C:3219H         LINE#         19
  -------         ENDPROC       BK_WRITE_ACK
  -------         PROC          BK_READ_ACK
  C:359CH         LINE#         20
  C:359CH         LINE#         21
  C:359CH         LINE#         22
  C:35A7H         LINE#         23
  C:35AEH         LINE#         24
  C:35B2H         LINE#         25
  C:35B6H         LINE#         26
  C:35C1H         LINE#         27
  -------         ENDPROC       BK_READ_ACK
  -------         PROC          BK_STA
  C:36D6H         LINE#         28
  C:36D6H         LINE#         29
  C:36D6H         LINE#         30
  C:36DDH         LINE#         31
  C:36E1H         LINE#         32
  C:36E5H         LINE#         33
  C:36E9H         LINE#         34
  -------         ENDPROC       BK_STA
  -------         PROC          BK_STO
  C:38A5H         LINE#         35
  C:38A5H         LINE#         36
  C:38A5H         LINE#         37
  C:38ACH         LINE#         38
  C:38B0H         LINE#         39
  -------         ENDPROC       BK_STO
  -------         PROC          _BK_WRITE_REG
  X:00E0H         SYMBOL        reg
  X:00E1H         SYMBOL        dat
  -------         DO            
  X:00E3H         SYMBOL        i
  D:0007H         SYMBOL        write_code
  -------         ENDDO         
  C:212AH         LINE#         46
  C:2135H         LINE#         47
  C:2135H         LINE#         49
  C:2137H         LINE#         50
  C:213DH         LINE#         51
  C:2145H         LINE#         52
  C:2148H         LINE#         55
  C:214DH         LINE#         56
  C:214DH         LINE#         57
  C:215AH         LINE#         58
  C:2161H         LINE#         59
  C:2168H         LINE#         60
  C:216CH         LINE#         61
  C:2170H         LINE#         62
  C:217AH         LINE#         63
  C:217DH         LINE#         67
  C:2182H         LINE#         68
  C:2182H         LINE#         69
  C:2193H         LINE#         70
BL51 BANKED LINKER/LOCATER V6.22                                                      04/16/2018  15:24:07  PAGE 19


  C:219AH         LINE#         71
  C:21A1H         LINE#         72
  C:21A5H         LINE#         73
  C:21ACH         LINE#         74
  C:21B6H         LINE#         75
  C:21B9H         LINE#         77
  C:21BEH         LINE#         78
  C:21BEH         LINE#         79
  C:21D3H         LINE#         80
  C:21DAH         LINE#         81
  C:21E1H         LINE#         82
  C:21E5H         LINE#         83
  C:21F2H         LINE#         84
  C:21FAH         LINE#         85
  C:21FDH         LINE#         87
  C:2202H         LINE#         88
  C:2202H         LINE#         89
  C:2217H         LINE#         90
  C:221EH         LINE#         91
  C:2225H         LINE#         92
  C:2229H         LINE#         93
  C:2236H         LINE#         94
  C:223EH         LINE#         95
  C:2241H         LINE#         96
  C:2244H         LINE#         97
  C:2249H         LINE#         98
  -------         ENDPROC       _BK_WRITE_REG
  -------         PROC          _BK_READ_REG
  X:00DBH         SYMBOL        reg
  -------         DO            
  X:00DCH         SYMBOL        i
  X:00DDH         SYMBOL        dat
  D:0005H         SYMBOL        write_code
  X:00DFH         SYMBOL        read_code
  -------         ENDDO         
  C:1C55H         LINE#         104
  C:1C5AH         LINE#         105
  C:1C5AH         LINE#         108
  C:1C5CH         LINE#         109
  C:1C62H         LINE#         110
  C:1C68H         LINE#         111
  C:1C70H         LINE#         112
  C:1C73H         LINE#         113
  C:1C76H         LINE#         115
  C:1C7BH         LINE#         116
  C:1C7BH         LINE#         117
  C:1C88H         LINE#         118
  C:1C8FH         LINE#         119
  C:1C96H         LINE#         120
  C:1C9AH         LINE#         121
  C:1C9EH         LINE#         122
  C:1CA8H         LINE#         123
  C:1CABH         LINE#         125
  C:1CB0H         LINE#         126
  C:1CB0H         LINE#         127
  C:1CC1H         LINE#         128
  C:1CC8H         LINE#         129
BL51 BANKED LINKER/LOCATER V6.22                                                      04/16/2018  15:24:07  PAGE 20


  C:1CCFH         LINE#         130
  C:1CD3H         LINE#         131
  C:1CDAH         LINE#         132
  C:1CE2H         LINE#         133
  C:1CE5H         LINE#         135
  C:1CE8H         LINE#         137
  C:1CEDH         LINE#         138
  C:1CEDH         LINE#         139
  C:1CFEH         LINE#         140
  C:1D05H         LINE#         141
  C:1D0CH         LINE#         142
  C:1D10H         LINE#         143
  C:1D17H         LINE#         144
  C:1D21H         LINE#         145
  C:1D24H         LINE#         147
  C:1D2BH         LINE#         148
  C:1D36H         LINE#         149
  C:1D3DH         LINE#         150
  C:1D42H         LINE#         151
  C:1D54H         LINE#         152
  C:1D54H         LINE#         153
  C:1D59H         LINE#         154
  C:1D59H         LINE#         155
  C:1D60H         LINE#         157
  C:1D65H         LINE#         158
  C:1D65H         LINE#         159
  C:1D72H         LINE#         160
  C:1D79H         LINE#         161
  C:1D91H         LINE#         162
  C:1D98H         LINE#         163
  C:1DA2H         LINE#         164
  C:1DA5H         LINE#         166
  C:1DAAH         LINE#         167
  C:1DAAH         LINE#         168
  C:1DB7H         LINE#         169
  C:1DBEH         LINE#         170
  C:1DD6H         LINE#         171
  C:1DDDH         LINE#         172
  C:1DE7H         LINE#         173
  C:1DF2H         LINE#         174
  C:1DF9H         LINE#         175
  C:1DFDH         LINE#         176
  C:1E01H         LINE#         177
  C:1E04H         LINE#         178
  C:1E0CH         LINE#         179
  -------         ENDPROC       _BK_READ_REG
  -------         PROC          BK4802_INIT
  C:276AH         LINE#         185
  C:276AH         LINE#         186
  C:276AH         LINE#         187
  C:276CH         LINE#         188
  C:276EH         LINE#         189
  C:2770H         LINE#         190
  C:2772H         LINE#         195
  C:277BH         LINE#         203
  C:2784H         LINE#         204
  C:278DH         LINE#         205
BL51 BANKED LINKER/LOCATER V6.22                                                      04/16/2018  15:24:07  PAGE 21


  C:2796H         LINE#         206
  C:279FH         LINE#         207
  C:27A8H         LINE#         214
  C:27B1H         LINE#         222
  C:27BAH         LINE#         228
  C:27C3H         LINE#         237
  C:27CCH         LINE#         242
  C:27D5H         LINE#         243
  C:27DEH         LINE#         244
  C:27E7H         LINE#         245
  C:27F0H         LINE#         246
  C:27F9H         LINE#         251
  C:2802H         LINE#         252
  C:280BH         LINE#         253
  C:2814H         LINE#         256
  C:281DH         LINE#         257
  -------         ENDPROC       BK4802_INIT
  -------         PROC          BK4802_TX
  C:2A1DH         LINE#         258
  C:2A1DH         LINE#         259
  C:2A1DH         LINE#         260
  C:2A1FH         LINE#         261
  C:2A26H         LINE#         262
  C:2A26H         LINE#         263
  C:2A2DH         LINE#         264
  C:2A31H         LINE#         265
  C:2A35H         LINE#         266
  C:2A37H         LINE#         268
  C:2A37H         LINE#         269
  C:2A3EH         LINE#         270
  C:2A42H         LINE#         271
  C:2A46H         LINE#         272
  C:2A46H         LINE#         273
  C:2A4BH         LINE#         274
  C:2A54H         LINE#         275
  C:2A5DH         LINE#         276
  C:2A66H         LINE#         277
  C:2A6FH         LINE#         278
  C:2A72H         LINE#         279
  C:2A8BH         LINE#         280
  C:2AABH         LINE#         281
  C:2AB2H         LINE#         282
  C:2AB4H         LINE#         283
  -------         ENDPROC       BK4802_TX
  -------         PROC          BK4802_RX
  C:2AB5H         LINE#         285
  C:2AB5H         LINE#         286
  C:2AB5H         LINE#         287
  C:2AB7H         LINE#         288
  C:2ABEH         LINE#         289
  C:2AC5H         LINE#         290
  C:2AC5H         LINE#         291
  C:2ACCH         LINE#         292
  C:2AD0H         LINE#         293
  C:2AD4H         LINE#         294
  C:2AD6H         LINE#         296
  C:2AD6H         LINE#         297
BL51 BANKED LINKER/LOCATER V6.22                                                      04/16/2018  15:24:07  PAGE 22


  C:2ADDH         LINE#         298
  C:2AE1H         LINE#         299
  C:2AE5H         LINE#         300
  C:2AE5H         LINE#         301
  C:2AEAH         LINE#         303
  C:2AF3H         LINE#         304
  C:2AFCH         LINE#         305
  C:2B05H         LINE#         306
  C:2B0EH         LINE#         307
  C:2B11H         LINE#         308
  C:2B2AH         LINE#         309
  C:2B4AH         LINE#         313
  -------         ENDPROC       BK4802_RX
  -------         PROC          BK4802_SLEEP
  C:393CH         LINE#         315
  C:393CH         LINE#         316
  C:393CH         LINE#         317
  C:393EH         LINE#         318
  -------         ENDPROC       BK4802_SLEEP
  -------         PROC          BK4802_RSSIANDSNR
  -------         DO            
  D:0006H         SYMBOL        val
  -------         ENDDO         
  C:3919H         LINE#         320
  C:3919H         LINE#         321
  C:3919H         LINE#         323
  C:391EH         LINE#         324
  C:391EH         LINE#         325
  -------         ENDPROC       BK4802_RSSIANDSNR
  -------         PROC          BK4802_ASQ
  C:391FH         LINE#         326
  C:391FH         LINE#         327
  C:391FH         LINE#         328
  C:3924H         LINE#         329
  -------         ENDPROC       BK4802_ASQ
  -------         ENDMOD        BK4802

  -------         MODULE        LCDSET
  C:0000H         SYMBOL        _ICE_DUMMY_
  D:0080H         PUBLIC        P0
  C:37A9H         PUBLIC        _LCD_M
  D:0090H         PUBLIC        P1
  D:00A0H         PUBLIC        P2
  D:00B0H         PUBLIC        P3
  C:37F5H         PUBLIC        _LCD_R
  C:38F4H         PUBLIC        OpenLCDTK
  C:351DH         PUBLIC        lock_ecode
  C:34FFH         PUBLIC        Num_Code
  C:351FH         PUBLIC        power_ecode
  D:00C8H         PUBLIC        T2CON1
  C:336BH         PUBLIC        _LCD_ASQ_TK
  C:3724H         PUBLIC        _LCD_ASQ
  C:3140H         PUBLIC        _LCD_TABLE
  C:25E8H         PUBLIC        _LCD_STRENGTH
  C:2CC1H         PUBLIC        _LCD_BUTTON_TONE
  C:3783H         PUBLIC        _LCD_PTY
  C:3737H         PUBLIC        _LCD_VOX
BL51 BANKED LINKER/LOCATER V6.22                                                      04/16/2018  15:24:07  PAGE 23


  C:3189H         PUBLIC        _LCD_COLOR
  C:3523H         PUBLIC        buttontone_ecode
  C:3770H         PUBLIC        _LCD_DE
  C:3711H         PUBLIC        _LCD_AM
  C:2C4CH         PUBLIC        _LCD_POWER
  C:36FEH         PUBLIC        _LCD_FM
  C:3904H         PUBLIC        LCD_Init
  C:37BCH         PUBLIC        _LCD_SC
  C:381BH         PUBLIC        _LCD_NL
  C:375DH         PUBLIC        _LCD_EU
  C:374AH         PUBLIC        _LCD_UK
  C:3413H         PUBLIC        _LCD_NUM1
  C:3446H         PUBLIC        _LCD_NUM2
  C:37CFH         PUBLIC        _LCD_WL
  C:37E2H         PUBLIC        _LCD_RX
  C:3796H         PUBLIC        _LCD_TX
  D:0098H         PUBLIC        SCON0
  D:00D8H         PUBLIC        ADCON
  D:00C0H         PUBLIC        IIC0CON
  C:2BD7H         PUBLIC        _LCD_COUNTRY
  C:38FCH         PUBLIC        CloseLCDTK
  C:3621H         PUBLIC        _LCD_TKSEG_COM
  C:3808H         PUBLIC        _LCD_H
  C:3509H         PUBLIC        country_ecode
  -------         PROC          LCD_INIT
  C:3904H         LINE#         24
  C:3904H         LINE#         25
  C:3904H         LINE#         26
  C:390AH         LINE#         28
  -------         ENDPROC       LCD_INIT
  -------         PROC          _LCD_FM
  D:0007H         SYMBOL        i
  C:36FEH         LINE#         30
  C:36FEH         LINE#         31
  C:36FEH         LINE#         32
  C:3709H         LINE#         33
  C:3710H         LINE#         34
  -------         ENDPROC       _LCD_FM
  -------         PROC          _LCD_AM
  D:0007H         SYMBOL        i
  C:3711H         LINE#         35
  C:3711H         LINE#         36
  C:3711H         LINE#         37
  C:371CH         LINE#         38
  C:3723H         LINE#         39
  -------         ENDPROC       _LCD_AM
  -------         PROC          _LCD_ASQ
  D:0007H         SYMBOL        i
  C:3724H         LINE#         40
  C:3724H         LINE#         41
  C:3724H         LINE#         42
  C:372FH         LINE#         43
  C:3736H         LINE#         44
  -------         ENDPROC       _LCD_ASQ
  -------         PROC          _LCD_VOX
  D:0007H         SYMBOL        i
  C:3737H         LINE#         45
BL51 BANKED LINKER/LOCATER V6.22                                                      04/16/2018  15:24:07  PAGE 24


  C:3737H         LINE#         46
  C:3737H         LINE#         47
  C:3742H         LINE#         48
  C:3749H         LINE#         49
  -------         ENDPROC       _LCD_VOX
  -------         PROC          _LCD_UK
  D:0007H         SYMBOL        i
  C:374AH         LINE#         50
  C:374AH         LINE#         51
  C:374AH         LINE#         52
  C:3755H         LINE#         53
  C:375CH         LINE#         54
  -------         ENDPROC       _LCD_UK
  -------         PROC          _LCD_EU
  D:0007H         SYMBOL        i
  C:375DH         LINE#         55
  C:375DH         LINE#         56
  C:375DH         LINE#         57
  C:3768H         LINE#         58
  C:376FH         LINE#         59
  -------         ENDPROC       _LCD_EU
  -------         PROC          _LCD_DE
  D:0007H         SYMBOL        i
  C:3770H         LINE#         60
  C:3770H         LINE#         61
  C:3770H         LINE#         62
  C:377BH         LINE#         63
  C:3782H         LINE#         64
  -------         ENDPROC       _LCD_DE
  -------         PROC          _LCD_PTY
  D:0007H         SYMBOL        i
  C:3783H         LINE#         65
  C:3783H         LINE#         66
  C:3783H         LINE#         67
  C:378EH         LINE#         68
  C:3795H         LINE#         69
  -------         ENDPROC       _LCD_PTY
  -------         PROC          _LCD_TX
  D:0007H         SYMBOL        i
  C:3796H         LINE#         70
  C:3796H         LINE#         71
  C:3796H         LINE#         72
  C:37A1H         LINE#         73
  C:37A8H         LINE#         74
  -------         ENDPROC       _LCD_TX
  -------         PROC          _LCD_M
  D:0007H         SYMBOL        i
  C:37A9H         LINE#         75
  C:37A9H         LINE#         76
  C:37A9H         LINE#         77
  C:37B4H         LINE#         78
  C:37BBH         LINE#         79
  -------         ENDPROC       _LCD_M
  -------         PROC          _LCD_SC
  D:0007H         SYMBOL        i
  C:37BCH         LINE#         80
  C:37BCH         LINE#         81
BL51 BANKED LINKER/LOCATER V6.22                                                      04/16/2018  15:24:07  PAGE 25


  C:37BCH         LINE#         82
  C:37C7H         LINE#         83
  C:37CEH         LINE#         84
  -------         ENDPROC       _LCD_SC
  -------         PROC          _LCD_WL
  D:0007H         SYMBOL        i
  C:37CFH         LINE#         85
  C:37CFH         LINE#         86
  C:37CFH         LINE#         87
  C:37DAH         LINE#         88
  C:37E1H         LINE#         89
  -------         ENDPROC       _LCD_WL
  -------         PROC          _LCD_RX
  D:0007H         SYMBOL        i
  C:37E2H         LINE#         90
  C:37E2H         LINE#         91
  C:37E2H         LINE#         92
  C:37EDH         LINE#         93
  C:37F4H         LINE#         94
  -------         ENDPROC       _LCD_RX
  -------         PROC          _LCD_R
  D:0007H         SYMBOL        i
  C:37F5H         LINE#         95
  C:37F5H         LINE#         96
  C:37F5H         LINE#         97
  C:3800H         LINE#         98
  C:3807H         LINE#         99
  -------         ENDPROC       _LCD_R
  -------         PROC          _LCD_H
  D:0007H         SYMBOL        i
  C:3808H         LINE#         100
  C:3808H         LINE#         101
  C:3808H         LINE#         102
  C:3813H         LINE#         103
  C:381AH         LINE#         104
  -------         ENDPROC       _LCD_H
  -------         PROC          _LCD_NL
  D:0007H         SYMBOL        i
  C:381BH         LINE#         110
  C:381BH         LINE#         111
  C:381BH         LINE#         112
  C:3826H         LINE#         113
  C:382DH         LINE#         114
  -------         ENDPROC       _LCD_NL
  -------         PROC          _LCD_NUM1
  D:0007H         SYMBOL        i
  C:3413H         LINE#         115
  C:3413H         LINE#         116
  C:3413H         LINE#         117
  C:341AH         LINE#         118
  C:341FH         LINE#         119
  C:3439H         LINE#         120
  C:3445H         LINE#         121
  -------         ENDPROC       _LCD_NUM1
  -------         PROC          _LCD_NUM2
  D:0007H         SYMBOL        i
  C:3446H         LINE#         122
BL51 BANKED LINKER/LOCATER V6.22                                                      04/16/2018  15:24:07  PAGE 26


  C:3446H         LINE#         123
  C:3446H         LINE#         124
  C:344DH         LINE#         125
  C:3452H         LINE#         126
  C:346CH         LINE#         127
  C:3478H         LINE#         128
  -------         ENDPROC       _LCD_NUM2
  -------         PROC          _LCD_STRENGTH
  D:0007H         SYMBOL        i
  C:25E8H         LINE#         130
  C:25E8H         LINE#         131
  C:25E8H         LINE#         132
  C:260DH         LINE#         133
  C:260DH         LINE#         134
  C:260DH         LINE#         135
  C:2614H         LINE#         136
  C:261BH         LINE#         137
  C:2622H         LINE#         138
  C:2623H         LINE#         139
  C:2623H         LINE#         140
  C:262AH         LINE#         141
  C:262EH         LINE#         142
  C:2635H         LINE#         143
  C:263CH         LINE#         144
  C:263DH         LINE#         145
  C:263DH         LINE#         146
  C:2644H         LINE#         147
  C:2648H         LINE#         148
  C:264FH         LINE#         149
  C:2656H         LINE#         150
  C:2657H         LINE#         151
  C:2657H         LINE#         152
  C:265EH         LINE#         153
  C:2662H         LINE#         154
  C:2669H         LINE#         155
  C:2670H         LINE#         156
  C:2671H         LINE#         157
  C:2671H         LINE#         158
  C:2678H         LINE#         159
  C:267FH         LINE#         160
  C:2686H         LINE#         161
  C:2687H         LINE#         162
  C:2687H         LINE#         163
  C:268EH         LINE#         164
  C:2695H         LINE#         165
  C:269CH         LINE#         166
  C:269DH         LINE#         167
  C:269DH         LINE#         168
  C:26A4H         LINE#         169
  C:26ABH         LINE#         170
  C:26B2H         LINE#         171
  C:26B2H         LINE#         172
  C:26B2H         LINE#         173
  -------         ENDPROC       _LCD_STRENGTH
  -------         PROC          _LCD_COUNTRY
  D:0007H         SYMBOL        i
  C:2BD7H         LINE#         175
BL51 BANKED LINKER/LOCATER V6.22                                                      04/16/2018  15:24:07  PAGE 27


  C:2BD7H         LINE#         176
  C:2BD7H         LINE#         177
  C:2BDEH         LINE#         178
  C:2BE3H         LINE#         179
  C:2C06H         LINE#         180
  C:2C12H         LINE#         181
  C:2C17H         LINE#         182
  C:2C1CH         LINE#         183
  C:2C3FH         LINE#         184
  C:2C4BH         LINE#         185
  -------         ENDPROC       _LCD_COUNTRY
  -------         PROC          _LCD_TABLE
  D:0007H         SYMBOL        i
  C:3140H         LINE#         186
  C:3140H         LINE#         187
  C:3140H         LINE#         188
  C:3147H         LINE#         189
  C:314CH         LINE#         190
  C:3153H         LINE#         191
  C:3158H         LINE#         192
  C:315DH         LINE#         193
  C:3162H         LINE#         194
  C:317CH         LINE#         195
  C:3188H         LINE#         197
  -------         ENDPROC       _LCD_TABLE
  -------         PROC          _LCD_POWER
  D:0007H         SYMBOL        i
  C:2C4CH         LINE#         198
  C:2C4CH         LINE#         199
  C:2C4CH         LINE#         200
  C:2C53H         LINE#         201
  C:2C58H         LINE#         202
  C:2C7BH         LINE#         203
  C:2C87H         LINE#         204
  C:2C8CH         LINE#         205
  C:2C91H         LINE#         206
  C:2CB4H         LINE#         207
  C:2CC0H         LINE#         208
  -------         ENDPROC       _LCD_POWER
  -------         PROC          _LCD_BUTTON_TONE
  D:0007H         SYMBOL        i
  C:2CC1H         LINE#         209
  C:2CC1H         LINE#         210
  C:2CC1H         LINE#         211
  C:2CC8H         LINE#         212
  C:2CCDH         LINE#         213
  C:2CF0H         LINE#         214
  C:2CFCH         LINE#         215
  C:2D01H         LINE#         216
  C:2D06H         LINE#         217
  C:2D29H         LINE#         218
  C:2D35H         LINE#         219
  -------         ENDPROC       _LCD_BUTTON_TONE
  -------         PROC          _LCD_COLOR
  D:0007H         SYMBOL        i
  C:3189H         LINE#         221
  C:3189H         LINE#         222
BL51 BANKED LINKER/LOCATER V6.22                                                      04/16/2018  15:24:07  PAGE 28


  C:3189H         LINE#         223
  C:3190H         LINE#         224
  C:3195H         LINE#         225
  C:319CH         LINE#         226
  C:31A1H         LINE#         227
  C:31A6H         LINE#         228
  C:31ABH         LINE#         229
  C:31C5H         LINE#         230
  C:31D1H         LINE#         231
  -------         ENDPROC       _LCD_COLOR
  -------         PROC          _LCD_TKSEG_COM
  D:0007H         SYMBOL        SGN
  D:0005H         SYMBOL        CMN
  C:3621H         LINE#         238
  C:3621H         LINE#         239
  C:3621H         LINE#         240
  C:3628H         LINE#         241
  C:362EH         LINE#         242
  C:3635H         LINE#         243
  C:363BH         LINE#         244
  -------         ENDPROC       _LCD_TKSEG_COM
  -------         PROC          OPENLCDTK
  C:38F4H         LINE#         245
  C:38F4H         LINE#         246
  C:38F4H         LINE#         247
  C:38FBH         LINE#         248
  -------         ENDPROC       OPENLCDTK
  -------         PROC          CLOSELCDTK
  C:38FCH         LINE#         250
  C:38FCH         LINE#         251
  C:38FCH         LINE#         252
  C:3903H         LINE#         253
  -------         ENDPROC       CLOSELCDTK
  -------         PROC          _LCD_ASQ_TK
  D:0003H         SYMBOL        i
  -------         DO            
  D:0004H         SYMBOL        j
  -------         ENDDO         
  C:336BH         LINE#         255
  C:336DH         LINE#         256
  C:336DH         LINE#         258
  C:3376H         LINE#         259
  C:3380H         LINE#         260
  C:3382H         LINE#         261
  C:3382H         LINE#         262
  C:3389H         LINE#         263
  C:338EH         LINE#         264
  C:3393H         LINE#         265
  C:3398H         LINE#         266
  C:339DH         LINE#         267
  C:33A4H         LINE#         268
  C:33A7H         LINE#         269
  -------         ENDPROC       _LCD_ASQ_TK
  -------         ENDMOD        LCDSET

  -------         MODULE        VCO
  C:0000H         SYMBOL        _ICE_DUMMY_
BL51 BANKED LINKER/LOCATER V6.22                                                      04/16/2018  15:24:07  PAGE 29


  D:0080H         PUBLIC        P0
  D:0090H         PUBLIC        P1
  D:00A0H         PUBLIC        P2
  D:00B0H         PUBLIC        P3
  X:00A9H         PUBLIC        mVcoParam
  D:00C8H         PUBLIC        T2CON1
  C:0026H         PUBLIC        calculateFreq
  D:0098H         PUBLIC        SCON0
  D:00D8H         PUBLIC        ADCON
  D:00C0H         PUBLIC        IIC0CON
  X:00B3H         PUBLIC        NDIV_FRE
  -------         PROC          CALCULATEFREQ
  -------         DO            
  X:00C5H         SYMBOL        temp
  X:00C9H         SYMBOL        mCurrentFreq
  -------         ENDDO         
  C:0026H         LINE#         13
  C:0026H         LINE#         14
  C:0026H         LINE#         16
  C:0030H         LINE#         18
  C:0061H         LINE#         19
  C:0061H         LINE#         21
  C:0061H         LINE#         22
  C:0076H         LINE#         23
  C:007FH         LINE#         24
  C:007FH         LINE#         25
  C:009AH         LINE#         26
  C:009AH         LINE#         27
  C:00C1H         LINE#         28
  C:00C4H         LINE#         29
  C:00EEH         LINE#         30
  C:00F1H         LINE#         31
  C:011BH         LINE#         32
  C:011EH         LINE#         33
  C:0148H         LINE#         34
  C:014BH         LINE#         35
  C:014BH         LINE#         36
  C:014BH         LINE#         37
  C:014BH         LINE#         38
  C:014EH         LINE#         39
  C:0163H         LINE#         40
  C:0174H         LINE#         41
  C:0189H         LINE#         42
  C:01A4H         LINE#         43
  C:01A7H         LINE#         44
  C:01A7H         LINE#         45
  C:01BCH         LINE#         46
  C:01C5H         LINE#         47
  C:01C5H         LINE#         48
  C:01E0H         LINE#         49
  C:01E0H         LINE#         50
  C:0207H         LINE#         51
  C:020AH         LINE#         52
  C:0234H         LINE#         53
  C:0237H         LINE#         54
  C:0261H         LINE#         55
  C:0264H         LINE#         56
BL51 BANKED LINKER/LOCATER V6.22                                                      04/16/2018  15:24:07  PAGE 30


  C:028EH         LINE#         57
  C:0291H         LINE#         58
  C:0291H         LINE#         59
  C:0294H         LINE#         60
  C:02A9H         LINE#         61
  C:02BAH         LINE#         62
  C:02CFH         LINE#         63
  C:02EAH         LINE#         64
  C:02EDH         LINE#         65
  C:02EDH         LINE#         66
  C:030BH         LINE#         67
  C:030EH         LINE#         68
  C:030EH         LINE#         69
  C:0323H         LINE#         70
  C:032CH         LINE#         71
  C:032CH         LINE#         72
  C:0347H         LINE#         73
  C:0347H         LINE#         74
  C:036EH         LINE#         75
  C:0371H         LINE#         76
  C:039BH         LINE#         77
  C:039EH         LINE#         78
  C:03C8H         LINE#         79
  C:03CBH         LINE#         80
  C:03F5H         LINE#         81
  C:03F8H         LINE#         82
  C:03F8H         LINE#         83
  C:03FBH         LINE#         84
  C:0410H         LINE#         85
  C:0421H         LINE#         86
  C:0436H         LINE#         87
  C:0451H         LINE#         88
  C:0454H         LINE#         89
  C:0454H         LINE#         90
  C:0469H         LINE#         91
  C:0472H         LINE#         92
  C:0472H         LINE#         93
  C:048DH         LINE#         94
  C:048DH         LINE#         95
  C:04B4H         LINE#         96
  C:04B7H         LINE#         97
  C:04E1H         LINE#         98
  C:04E4H         LINE#         99
  C:050EH         LINE#         100
  C:0511H         LINE#         101
  C:053BH         LINE#         102
  C:053EH         LINE#         103
  C:053EH         LINE#         104
  C:0541H         LINE#         105
  C:0556H         LINE#         106
  C:0567H         LINE#         107
  C:057CH         LINE#         108
  C:05A3H         LINE#         109
  C:05A6H         LINE#         110
  C:05A6H         LINE#         111
  C:05BBH         LINE#         112
  C:05C4H         LINE#         113
BL51 BANKED LINKER/LOCATER V6.22                                                      04/16/2018  15:24:07  PAGE 31


  C:05C4H         LINE#         114
  C:05DFH         LINE#         115
  C:05DFH         LINE#         116
  C:0606H         LINE#         117
  C:0609H         LINE#         118
  C:0633H         LINE#         119
  C:0636H         LINE#         120
  C:0660H         LINE#         121
  C:0663H         LINE#         122
  C:068DH         LINE#         123
  C:0690H         LINE#         124
  C:0690H         LINE#         125
  C:0693H         LINE#         126
  C:06A8H         LINE#         127
  C:06B9H         LINE#         128
  C:06DFH         LINE#         129
  C:06F4H         LINE#         130
  C:0706H         LINE#         131
  C:0709H         LINE#         132
  C:0709H         LINE#         133
  C:071EH         LINE#         134
  C:0727H         LINE#         135
  C:0727H         LINE#         136
  C:0742H         LINE#         137
  C:0742H         LINE#         138
  C:0769H         LINE#         139
  C:076CH         LINE#         140
  C:0796H         LINE#         141
  C:0799H         LINE#         142
  C:07C3H         LINE#         143
  C:07C6H         LINE#         144
  C:07F0H         LINE#         145
  C:07F3H         LINE#         146
  C:07F3H         LINE#         147
  C:07F6H         LINE#         148
  C:080BH         LINE#         149
  C:081CH         LINE#         150
  C:0831H         LINE#         151
  C:0858H         LINE#         152
  C:0876H         LINE#         153
  C:0879H         LINE#         154
  C:0879H         LINE#         155
  C:088EH         LINE#         156
  C:0897H         LINE#         157
  C:0897H         LINE#         158
  C:08B2H         LINE#         159
  C:08B2H         LINE#         160
  C:08D9H         LINE#         161
  C:08DCH         LINE#         162
  C:0906H         LINE#         163
  C:0909H         LINE#         164
  C:0933H         LINE#         165
  C:0936H         LINE#         166
  C:0960H         LINE#         167
  C:0963H         LINE#         168
  C:0963H         LINE#         169
  C:0966H         LINE#         170
BL51 BANKED LINKER/LOCATER V6.22                                                      04/16/2018  15:24:07  PAGE 32


  C:097BH         LINE#         171
  C:098CH         LINE#         172
  C:09A1H         LINE#         173
  C:09B2H         LINE#         174
  C:09C7H         LINE#         175
  C:09CAH         LINE#         177
  C:09CAH         LINE#         178
  C:09F4H         LINE#         179
  C:09FDH         LINE#         180
  C:09FDH         LINE#         181
  C:0A1BH         LINE#         182
  C:0A1BH         LINE#         183
  C:0A56H         LINE#         184
  C:0A59H         LINE#         185
  C:0A97H         LINE#         186
  C:0A9AH         LINE#         187
  C:0AD8H         LINE#         188
  C:0ADBH         LINE#         189
  C:0B19H         LINE#         190
  C:0B1CH         LINE#         191
  C:0B1CH         LINE#         192
  C:0B1FH         LINE#         193
  C:0B49H         LINE#         194
  C:0B6FH         LINE#         195
  C:0B99H         LINE#         196
  C:0BCBH         LINE#         198
  C:0BCEH         LINE#         199
  C:0BCEH         LINE#         200
  C:0C7FH         LINE#         201
  C:0C7FH         LINE#         202
  C:0C8CH         LINE#         203
  C:0C99H         LINE#         204
  C:0CA6H         LINE#         205
  C:0CB3H         LINE#         206
  C:0CC0H         LINE#         207
  C:0CCDH         LINE#         208
  C:0CDAH         LINE#         209
  C:0CE7H         LINE#         210
  C:0CF4H         LINE#         211
  C:0D01H         LINE#         212
  C:0D0EH         LINE#         213
  C:0D1BH         LINE#         214
  C:0D28H         LINE#         215
  C:0D35H         LINE#         216
  C:0D42H         LINE#         217
  C:0D4FH         LINE#         218
  C:0D5CH         LINE#         219
  C:0D69H         LINE#         220
  C:0D76H         LINE#         221
  C:0D83H         LINE#         222
  C:0D90H         LINE#         223
  C:0D9DH         LINE#         224
  C:0DAAH         LINE#         225
  C:0DB7H         LINE#         226
  C:0DC4H         LINE#         227
  C:0DD1H         LINE#         228
  C:0DDEH         LINE#         229
BL51 BANKED LINKER/LOCATER V6.22                                                      04/16/2018  15:24:07  PAGE 33


  C:0DEBH         LINE#         230
  C:0DF8H         LINE#         231
  C:0E05H         LINE#         232
  C:0E12H         LINE#         233
  C:0E1FH         LINE#         234
  C:0E2CH         LINE#         235
  C:0E39H         LINE#         236
  C:0E46H         LINE#         237
  C:0E53H         LINE#         238
  C:0E60H         LINE#         239
  C:0E6DH         LINE#         240
  C:0E7AH         LINE#         241
  C:0E86H         LINE#         242
  C:0E92H         LINE#         243
  C:0E9EH         LINE#         244
  C:0EAAH         LINE#         245
  C:0EB6H         LINE#         246
  C:0EC2H         LINE#         247
  C:0ECEH         LINE#         248
  C:0EDAH         LINE#         249
  C:0EE6H         LINE#         250
  C:0EF2H         LINE#         251
  C:0EFCH         LINE#         252
  C:0EFCH         LINE#         253
  C:0EFCH         LINE#         254
  C:0EFCH         LINE#         255
  C:0EFCH         LINE#         256
  C:0EFCH         LINE#         257
  C:0EFCH         LINE#         258
  C:0EFCH         LINE#         261
  C:0F1EH         LINE#         262
  C:0F25H         LINE#         263
  C:0F25H         LINE#         264
  C:0F44H         LINE#         265
  C:0F44H         LINE#         267
  C:0F96H         LINE#         268
  C:0FCDH         LINE#         269
  -------         ENDPROC       CALCULATEFREQ
  -------         ENDMOD        VCO

  -------         MODULE        MENU
  C:0000H         SYMBOL        _ICE_DUMMY_
  D:0080H         PUBLIC        P0
  D:0090H         PUBLIC        P1
  D:00A0H         PUBLIC        P2
  D:00B0H         PUBLIC        P3
  X:00B4H         PUBLIC        mMenu
  D:00C8H         PUBLIC        T2CON1
  D:0098H         PUBLIC        SCON0
  D:00D8H         PUBLIC        ADCON
  D:00C0H         PUBLIC        IIC0CON
  C:1847H         PUBLIC        _MenuOperate
  -------         PROC          _MENUOPERATE
  X:00E6H         SYMBOL        key
  C:1847H         LINE#         8
  C:184CH         LINE#         9
  C:184CH         LINE#         10
BL51 BANKED LINKER/LOCATER V6.22                                                      04/16/2018  15:24:07  PAGE 34


  C:1860H         LINE#         11
  C:1874H         LINE#         13
  C:18A0H         LINE#         14
  C:18A0H         LINE#         15
  C:18A0H         LINE#         16
  C:18E0H         LINE#         17
  C:18E0H         LINE#         18
  C:18E0H         LINE#         19
  C:18E6H         LINE#         20
  C:18E8H         LINE#         21
  C:18F3H         LINE#         22
  C:18F3H         LINE#         23
  C:18F9H         LINE#         24
  C:18FCH         LINE#         25
  C:18FCH         LINE#         26
  C:18FDH         LINE#         27
  C:18FDH         LINE#         28
  C:1900H         LINE#         29
  C:1901H         LINE#         30
  C:1901H         LINE#         31
  C:190CH         LINE#         32
  C:190FH         LINE#         34
  C:1910H         LINE#         35
  C:1910H         LINE#         36
  C:1916H         LINE#         37
  C:191CH         LINE#         38
  C:191FH         LINE#         39
  C:1920H         LINE#         40
  C:1920H         LINE#         41
  C:192BH         LINE#         42
  C:192EH         LINE#         43
  C:192FH         LINE#         44
  C:192FH         LINE#         45
  C:1935H         LINE#         46
  C:193BH         LINE#         47
  C:193EH         LINE#         48
  C:193FH         LINE#         49
  C:193FH         LINE#         50
  C:1942H         LINE#         51
  C:1943H         LINE#         52
  C:1943H         LINE#         53
  C:1946H         LINE#         54
  C:1947H         LINE#         55
  C:1947H         LINE#         56
  C:194AH         LINE#         57
  C:194BH         LINE#         58
  C:194BH         LINE#         59
  C:1951H         LINE#         60
  C:1954H         LINE#         61
  C:1955H         LINE#         62
  C:1955H         LINE#         63
  C:1958H         LINE#         64
  C:1959H         LINE#         65
  C:1959H         LINE#         66
  C:195CH         LINE#         67
  C:195DH         LINE#         68
  C:195DH         LINE#         69
[...]
  C:2FEFH         LINE#         380
  C:2FEFH         LINE#         381
  C:2FEFH         LINE#         382
  C:2FFEH         LINE#         383
  C:2FFEH         LINE#         384
  C:2FFEH         LINE#         385
  C:300CH         LINE#         386
  C:3011H         LINE#         387
  C:3013H         LINE#         388
  C:3013H         LINE#         389
  C:3021H         LINE#         390
  C:3026H         LINE#         391
  C:3028H         LINE#         392
  C:3028H         LINE#         393
  C:3036H         LINE#         394
  C:303CH         LINE#         395
  C:303CH         LINE#         396
  C:303CH         LINE#         397
  C:3048H         LINE#         398
  C:304BH         LINE#         399
  -------         ENDPROC       CHANNEL_COUNTRY_UP_FUC
  -------         PROC          CHANNEL_COUNTRY_DN_FUC
  C:2F33H         LINE#         405
  C:2F33H         LINE#         406
  C:2F33H         LINE#         407
  C:2F42H         LINE#         408
BL51 BANKED LINKER/LOCATER V6.22                                                      04/16/2018  15:24:07  PAGE 46


  C:2F42H         LINE#         409
  C:2F42H         LINE#         410
  C:2F50H         LINE#         411
  C:2F56H         LINE#         412
  C:2F58H         LINE#         413
  C:2F58H         LINE#         414
  C:2F66H         LINE#         415
  C:2F6CH         LINE#         416
  C:2F6EH         LINE#         417
  C:2F6EH         LINE#         418
  C:2F7CH         LINE#         419
  C:2F82H         LINE#         420
  C:2F82H         LINE#         421
  C:2F82H         LINE#         422
  C:2F8EH         LINE#         423
  C:2F91H         LINE#         424
  -------         ENDPROC       CHANNEL_COUNTRY_DN_FUC
  -------         PROC          CHANNEL_SWITCH_TUTTONTONE_FUC
  C:382EH         LINE#         430
  C:382EH         LINE#         431
  C:382EH         LINE#         432
  C:3838H         LINE#         433
  C:383DH         LINE#         434
  C:3840H         LINE#         435
  -------         ENDPROC       CHANNEL_SWITCH_TUTTONTONE_FUC
  -------         PROC          CHANNEL_NEXT_BACKCOLOR_FUC
  C:366CH         LINE#         441
  C:366CH         LINE#         442
  C:366CH         LINE#         443
  C:367AH         LINE#         444
  C:367FH         LINE#         445
  C:3682H         LINE#         446
  -------         ENDPROC       CHANNEL_NEXT_BACKCOLOR_FUC
  -------         PROC          CHANNEL_LOCK_FUC
  C:3931H         LINE#         452
  C:3931H         LINE#         453
  C:3931H         LINE#         454
  C:3934H         LINE#         455
  -------         ENDPROC       CHANNEL_LOCK_FUC
  -------         PROC          CHANNEL_DELOCK_FUC
  C:3935H         LINE#         461
  C:3935H         LINE#         462
  C:3935H         LINE#         463
  C:3938H         LINE#         464
  -------         ENDPROC       CHANNEL_DELOCK_FUC
  -------         ENDMOD        MENUEVENT

  -------         MODULE        MEMORY
  C:0000H         SYMBOL        _ICE_DUMMY_
  D:0080H         PUBLIC        P0
  D:0090H         PUBLIC        P1
  D:00A0H         PUBLIC        P2
  D:00B0H         PUBLIC        P3
  B:00A8H.7       PUBLIC        EA
  C:32E6H         PUBLIC        setDefaultParam
  C:1FB3H         PUBLIC        checkAllParam
  D:00C8H         PUBLIC        T2CON1
BL51 BANKED LINKER/LOCATER V6.22                                                      04/16/2018  15:24:07  PAGE 47


  C:34D6H         PUBLIC        _loadData
  C:3479H         PUBLIC        _saveData
  C:2517H         PUBLIC        loadAllParam
  C:3527H         PUBLIC        initFlag
  C:3912H         PUBLIC        initMemory
  C:281EH         PUBLIC        saveAllParam
  D:0098H         PUBLIC        SCON0
  D:00D8H         PUBLIC        ADCON
  D:00C0H         PUBLIC        IIC0CON
  -------         PROC          _SAVEDATA
  D:0002H         SYMBOL        addr
  D:0001H         SYMBOL        dat
  -------         DO            
  D:0007H         SYMBOL        page
  -------         ENDDO         
  C:3479H         LINE#         10
  C:347FH         LINE#         11
  C:347FH         LINE#         14
  C:3481H         LINE#         15
  C:348EH         LINE#         16
  C:348EH         LINE#         17
  C:3492H         LINE#         18
  C:3496H         LINE#         19
  C:349AH         LINE#         20
  C:349CH         LINE#         21
  C:349CH         LINE#         23
  C:349EH         LINE#         24
  C:34A7H         LINE#         25
  C:34A9H         LINE#         26
  -------         ENDPROC       _SAVEDATA
  -------         PROC          _LOADDATA
  D:0004H         SYMBOL        addr
  -------         DO            
  D:0007H         SYMBOL        dat
  D:0007H         SYMBOL        page
  -------         ENDDO         
  C:34D6H         LINE#         32
  C:34DAH         LINE#         33
  C:34DAH         LINE#         36
  C:34DCH         LINE#         37
  C:34E9H         LINE#         38
  C:34E9H         LINE#         39
  C:34EDH         LINE#         40
  C:34F1H         LINE#         41
  C:34F5H         LINE#         42
  C:34F7H         LINE#         43
  C:34F7H         LINE#         45
  C:34F9H         LINE#         46
  C:34FCH         LINE#         47
  C:34FEH         LINE#         48
  C:34FEH         LINE#         49
  -------         ENDPROC       _LOADDATA
  -------         PROC          INITFLAG
  C:3527H         LINE#         51
  C:3527H         LINE#         52
  C:3527H         LINE#         54
  C:352DH         LINE#         55
BL51 BANKED LINKER/LOCATER V6.22                                                      04/16/2018  15:24:07  PAGE 48


  C:3532H         LINE#         56
  C:3536H         LINE#         57
  C:353AH         LINE#         58
  C:353FH         LINE#         59
  C:3543H         LINE#         60
  C:3547H         LINE#         61
  C:354EH         LINE#         62
  -------         ENDPROC       INITFLAG
  -------         PROC          SETDEFAULTPARAM
  C:32E6H         LINE#         71
  C:32E6H         LINE#         72
  C:32E6H         LINE#         74
  C:32ECH         LINE#         75
  C:32EFH         LINE#         76
  C:32F1H         LINE#         77
  C:32F7H         LINE#         78
  C:32FCH         LINE#         79
  C:32FFH         LINE#         80
  C:3303H         LINE#         81
  C:3307H         LINE#         82
  C:330CH         LINE#         83
  C:330EH         LINE#         84
  C:3312H         LINE#         86
  C:3315H         LINE#         87
  C:3317H         LINE#         88
  C:331AH         LINE#         90
  C:331EH         LINE#         91
  C:3324H         LINE#         93
  C:3328H         LINE#         96
  -------         ENDPROC       SETDEFAULTPARAM
  -------         PROC          SAVEALLPARAM
  C:281EH         LINE#         102
  C:281EH         LINE#         103
  C:281EH         LINE#         104
  C:2826H         LINE#         105
  C:2832H         LINE#         106
  C:283EH         LINE#         107
  C:284AH         LINE#         108
  C:2856H         LINE#         109
  C:2862H         LINE#         110
  C:286EH         LINE#         111
  C:287AH         LINE#         112
  C:2886H         LINE#         114
  C:2892H         LINE#         115
  C:289EH         LINE#         116
  C:28AAH         LINE#         118
  C:28B6H         LINE#         119
  C:28C2H         LINE#         120
  C:28CEH         LINE#         121
  -------         ENDPROC       SAVEALLPARAM
  -------         PROC          CHECKALLPARAM
  C:1FB3H         LINE#         127
  C:1FB3H         LINE#         128
  C:1FB3H         LINE#         130
  C:1FE4H         LINE#         131
  C:1FE4H         LINE#         132
  C:1FF1H         LINE#         133
BL51 BANKED LINKER/LOCATER V6.22                                                      04/16/2018  15:24:07  PAGE 49


  C:1FFEH         LINE#         134
  C:200BH         LINE#         135
  C:2018H         LINE#         136
  C:2025H         LINE#         137
  C:2025H         LINE#         138
  C:2025H         LINE#         139
  C:2030H         LINE#         140
  C:2036H         LINE#         141
  C:2036H         LINE#         142
  C:2038H         LINE#         143
  C:2045H         LINE#         144
  C:2052H         LINE#         145
  C:205FH         LINE#         146
  C:206AH         LINE#         148
  C:206AH         LINE#         150
  C:2079H         LINE#         151
  C:2081H         LINE#         152
  C:2096H         LINE#         155
  C:209FH         LINE#         156
  C:20BAH         LINE#         159
  C:20CBH         LINE#         160
  C:20CBH         LINE#         161
  C:20D3H         LINE#         162
  C:20D7H         LINE#         163
  C:20D7H         LINE#         165
  C:20E3H         LINE#         166
  C:20EFH         LINE#         168
  C:20FAH         LINE#         169
  C:2105H         LINE#         170
  C:2111H         LINE#         171
  C:211DH         LINE#         172
  C:2129H         LINE#         174
  -------         ENDPROC       CHECKALLPARAM
  -------         PROC          LOADALLPARAM
  C:2517H         LINE#         182
  C:2517H         LINE#         183
  C:2517H         LINE#         184
  C:251AH         LINE#         185
  C:2525H         LINE#         186
  C:2525H         LINE#         187
  C:2528H         LINE#         188
  C:252BH         LINE#         189
  C:252EH         LINE#         191
  C:252EH         LINE#         192
  C:253AH         LINE#         193
  C:2546H         LINE#         194
  C:2552H         LINE#         195
  C:2556H         LINE#         196
  C:2562H         LINE#         197
  C:2566H         LINE#         198
  C:256CH         LINE#         199
  C:2578H         LINE#         200
  C:2584H         LINE#         201
  C:2590H         LINE#         202
  C:259CH         LINE#         203
  C:25A8H         LINE#         204
  C:25B4H         LINE#         206
BL51 BANKED LINKER/LOCATER V6.22                                                      04/16/2018  15:24:07  PAGE 50


  C:25C0H         LINE#         207
  C:25CCH         LINE#         209
  C:25D8H         LINE#         211
  C:25E4H         LINE#         213
  C:25E4H         LINE#         214
  C:25E7H         LINE#         215
  -------         ENDPROC       LOADALLPARAM
  -------         PROC          INITMEMORY
  C:3912H         LINE#         223
  C:3912H         LINE#         224
  C:3912H         LINE#         225
  C:3915H         LINE#         226
  C:3918H         LINE#         227
  -------         ENDPROC       INITMEMORY
  -------         ENDMOD        MEMORY

  -------         MODULE        LCDSHOW
  C:0000H         SYMBOL        _ICE_DUMMY_
  D:0080H         PUBLIC        P0
  D:0090H         PUBLIC        P1
  D:00A0H         PUBLIC        P2
  D:00B0H         PUBLIC        P3
  C:38D9H         PUBLIC        ShowTable
  D:00C8H         PUBLIC        T2CON1
  C:3945H         PUBLIC        ShowBackColor
  C:38E2H         PUBLIC        ShowCountry
  C:3944H         PUBLIC        ShowButtonToneSwitch
  C:38EBH         PUBLIC        ShowPower
  C:38D0H         PUBLIC        ShowAsq
  C:3947H         PUBLIC        ShowDeLock
  C:3943H         PUBLIC        ShowChannel
  D:0098H         PUBLIC        SCON0
  D:00D8H         PUBLIC        ADCON
  D:00C0H         PUBLIC        IIC0CON
  C:3946H         PUBLIC        ShowLocked
  -------         PROC          SHOWCHANNEL
  C:3943H         LINE#         7
  C:3943H         LINE#         8
  C:3943H         LINE#         10
  -------         ENDPROC       SHOWCHANNEL
  -------         PROC          SHOWASQ
  C:38D0H         LINE#         12
  C:38D0H         LINE#         13
  C:38D0H         LINE#         14
  C:38D8H         LINE#         15
  -------         ENDPROC       SHOWASQ
  -------         PROC          SHOWTABLE
  C:38D9H         LINE#         17
  C:38D9H         LINE#         18
  C:38D9H         LINE#         19
  C:38E1H         LINE#         20
  -------         ENDPROC       SHOWTABLE
  -------         PROC          SHOWCOUNTRY
  C:38E2H         LINE#         22
  C:38E2H         LINE#         23
  C:38E2H         LINE#         24
  C:38EAH         LINE#         25
BL51 BANKED LINKER/LOCATER V6.22                                                      04/16/2018  15:24:07  PAGE 51


  -------         ENDPROC       SHOWCOUNTRY
  -------         PROC          SHOWPOWER
  C:38EBH         LINE#         26
  C:38EBH         LINE#         27
  C:38EBH         LINE#         28
  C:38F3H         LINE#         29
  -------         ENDPROC       SHOWPOWER
  -------         PROC          SHOWBUTTONTONESWITCH
  C:3944H         LINE#         30
  C:3944H         LINE#         31
  C:3944H         LINE#         33
  -------         ENDPROC       SHOWBUTTONTONESWITCH
  -------         PROC          SHOWBACKCOLOR
  C:3945H         LINE#         34
  C:3945H         LINE#         35
  -------         ENDPROC       SHOWBACKCOLOR
  -------         PROC          SHOWLOCKED
  C:3946H         LINE#         36
  C:3946H         LINE#         37
  -------         ENDPROC       SHOWLOCKED
  -------         PROC          SHOWDELOCK
  C:3947H         LINE#         38
  C:3947H         LINE#         39
  C:3947H         LINE#         41
  -------         ENDPROC       SHOWDELOCK
  -------         ENDMOD        LCDSHOW

  -------         MODULE        HANDLER
  C:0000H         SYMBOL        _ICE_DUMMY_
  D:0080H         PUBLIC        P0
  D:0090H         PUBLIC        P1
  D:00A0H         PUBLIC        P2
  D:00B0H         PUBLIC        P3
  C:30F1H         PUBLIC        SetTxPower
  D:00C8H         PUBLIC        T2CON1
  C:38BCH         PUBLIC        UART_EVENT
  C:297EH         PUBLIC        checkRssi
  C:1E33H         PUBLIC        asq_close_table
  B:0090H.4       PUBLIC        P14
  B:0090H.5       PUBLIC        P15
  C:3948H         PUBLIC        checkSqLevel
  C:1E0DH         PUBLIC        asq_open_table
  C:1F03H         PUBLIC        sq_close_table
  D:0098H         PUBLIC        SCON0
  C:1E59H         PUBLIC        sq_open_table
  D:00D8H         PUBLIC        ADCON
  D:00C0H         PUBLIC        IIC0CON
  C:2ED1H         PUBLIC        _setRfg
  -------         PROC          _SETRFG
  D:0007H         SYMBOL        RfgLevel
  -------         DO            
  D:0006H         SYMBOL        rfg
  -------         ENDDO         
  C:2ED1H         LINE#         55
  C:2ED1H         LINE#         56
  C:2ED1H         LINE#         59
  C:2ED8H         LINE#         62
BL51 BANKED LINKER/LOCATER V6.22                                                      04/16/2018  15:24:07  PAGE 52


  C:2EDEH         LINE#         63
  C:2EE6H         LINE#         64
  C:2EEEH         LINE#         65
  C:2EF6H         LINE#         66
  C:2EFEH         LINE#         67
  C:2F06H         LINE#         68
  C:2F0EH         LINE#         69
  C:2F16H         LINE#         70
  C:2F1EH         LINE#         71
  C:2F24H         LINE#         73
  C:2F27H         LINE#         74
  C:2F27H         LINE#         75
  C:2F2BH         LINE#         76
  C:2F32H         LINE#         77
  C:2F32H         LINE#         79
  -------         ENDPROC       _SETRFG
  -------         PROC          SETTXPOWER
  C:30F1H         LINE#         82
  C:30F1H         LINE#         83
  C:30F1H         LINE#         84
  C:30FEH         LINE#         85
  C:30FEH         LINE#         86
  C:3101H         LINE#         87
  C:3103H         LINE#         88
  C:3117H         LINE#         89
  C:3117H         LINE#         90
  C:311DH         LINE#         91
  C:311FH         LINE#         92
  C:3125H         LINE#         95
  C:312DH         LINE#         96
  C:312DH         LINE#         97
  C:312FH         LINE#         98
  C:3131H         LINE#         99
  C:3132H         LINE#         100
  C:3136H         LINE#         101
  C:3136H         LINE#         102
  C:3138H         LINE#         103
  C:313AH         LINE#         104
  C:313BH         LINE#         106
  C:313BH         LINE#         107
  C:313DH         LINE#         108
  C:313FH         LINE#         109
  C:313FH         LINE#         110
  -------         ENDPROC       SETTXPOWER
  -------         PROC          CHECKSQLEVEL
  C:3948H         LINE#         111
  C:3948H         LINE#         112
  C:3948H         LINE#         114
  -------         ENDPROC       CHECKSQLEVEL
  -------         PROC          CHECKRSSI
  -------         DO            
  X:00D4H         SYMBOL        i
  X:00D5H         SYMBOL        temp_asq
  X:00D7H         SYMBOL        temp_rssi
  X:00D9H         SYMBOL        temp_agca
  -------         ENDDO         
  C:297EH         LINE#         116
BL51 BANKED LINKER/LOCATER V6.22                                                      04/16/2018  15:24:07  PAGE 53


  C:297EH         LINE#         117
  C:297EH         LINE#         121
  C:2985H         LINE#         122
  C:2989H         LINE#         123
  C:298DH         LINE#         124
  C:2991H         LINE#         125
  C:2991H         LINE#         126
  C:29A2H         LINE#         127
  C:29B3H         LINE#         128
  C:29C4H         LINE#         129
  C:29CBH         LINE#         130
  C:29D7H         LINE#         132
  C:29EEH         LINE#         133
  C:2A05H         LINE#         134
  C:2A1CH         LINE#         135
  -------         ENDPROC       CHECKRSSI
  -------         PROC          UART_EVENT
  -------         DO            
  D:0007H         SYMBOL        event
  -------         ENDDO         
  C:38BCH         LINE#         139
  C:38BCH         LINE#         140
  C:38BCH         LINE#         141
  C:38C1H         LINE#         142
  C:38C3H         LINE#         143
  C:38C6H         LINE#         144
  -------         ENDPROC       UART_EVENT
  -------         ENDMOD        HANDLER

  -------         MODULE        ?C?FPADD
  C:0FD5H         PUBLIC        ?C?FPADD
  C:0FD1H         PUBLIC        ?C?FPSUB
  -------         ENDMOD        ?C?FPADD

  -------         MODULE        ?C?FPMUL
  C:10C6H         PUBLIC        ?C?FPMUL
  -------         ENDMOD        ?C?FPMUL

  -------         MODULE        ?C?FPDIV
  C:11CFH         PUBLIC        ?C?FPDIV
  -------         ENDMOD        ?C?FPDIV

  -------         MODULE        ?C?FCAST
  C:1276H         PUBLIC        ?C?FCASTC
  C:1271H         PUBLIC        ?C?FCASTI
  C:126CH         PUBLIC        ?C?FCASTL
  -------         ENDMOD        ?C?FCAST

  -------         MODULE        ?C?CASTF
  C:12AAH         PUBLIC        ?C?CASTF
  -------         ENDMOD        ?C?CASTF

  -------         MODULE        ?C?CLDPTR
  C:132BH         PUBLIC        ?C?CLDPTR
  -------         ENDMOD        ?C?CLDPTR

  -------         MODULE        ?C?CSTOPTR
BL51 BANKED LINKER/LOCATER V6.22                                                      04/16/2018  15:24:07  PAGE 54


  C:1344H         PUBLIC        ?C?CSTOPTR
  -------         ENDMOD        ?C?CSTOPTR

  -------         MODULE        ?C?IMUL
  C:1366H         PUBLIC        ?C?IMUL
  -------         ENDMOD        ?C?IMUL

  -------         MODULE        ?C?UIDIV
  C:1378H         PUBLIC        ?C?UIDIV
  -------         ENDMOD        ?C?UIDIV

  -------         MODULE        ?C?ILDIX
  C:13CDH         PUBLIC        ?C?ILDIX
  -------         ENDMOD        ?C?ILDIX

  -------         MODULE        ?C?ULDIV
  C:141FH         PUBLIC        ?C?ULDIV
  -------         ENDMOD        ?C?ULDIV

  -------         MODULE        ?C?LNEG
  C:14B1H         PUBLIC        ?C?LNEG
  -------         ENDMOD        ?C?LNEG

  -------         MODULE        ?C?LSTXDATA
  C:14BFH         PUBLIC        ?C?LSTXDATA
  -------         ENDMOD        ?C?LSTXDATA

  -------         MODULE        ?C?LSTKXDATA
  C:14CBH         PUBLIC        ?C?LSTKXDATA
  -------         ENDMOD        ?C?LSTKXDATA

Program Size: data=9.0 xdata=233 code=14665
LINK/LOCATE RUN COMPLETE.  0 WARNING(S),  0 ERROR(S)
