BL51 BANKED LINKER/LOCATER V6.22                                                        06/02/2018  13:38:59  PAGE 1


BL51 BANKED LINKER/LOCATER V6.22, INVOKED BY:
C:\KEIL\C51\BIN\BL51.EXE main.obj, system.obj, at24c08.obj, uart.obj, BK4802.obj, lcdset.obj, vco.obj, Menu.obj, key.obj
>> , MenuEvent.obj, memory.obj, lcdshow.obj, handler.obj, iic.obj TO CB589P RAMSIZE (256) DISABLEWARNING (16)


MEMORY MODEL: LARGE WITH FLOATING POINT ARITHMETIC


INPUT MODULES INCLUDED:
  main.obj (MAIN)
  system.obj (SYSTEM)
  at24c08.obj (AT24C08)
  uart.obj (UART)
  BK4802.obj (BK4802)
  lcdset.obj (LCDSET)
  vco.obj (VCO)
  Menu.obj (MENU)
  key.obj (KEY)
  MenuEvent.obj (MENUEVENT)
  memory.obj (MEMORY)
  lcdshow.obj (LCDSHOW)
  handler.obj (HANDLER)
  iic.obj (IIC)
  C:\KEIL\C51\LIB\C51FPL.LIB (?C?FPADD)
  C:\KEIL\C51\LIB\C51FPL.LIB (?C?FPMUL)
  C:\KEIL\C51\LIB\C51FPL.LIB (?C?FPDIV)
  C:\KEIL\C51\LIB\C51FPL.LIB (?C?FPCMP)
  C:\KEIL\C51\LIB\C51FPL.LIB (?C?FCAST)
  C:\KEIL\C51\LIB\C51FPL.LIB (?C?CASTF)
  C:\KEIL\C51\LIB\C51FPL.LIB (?C?FPGETOPN)
  C:\KEIL\C51\LIB\C51L.LIB (?C_STARTUP)
  C:\KEIL\C51\LIB\C51L.LIB (?C?CLDPTR)
  C:\KEIL\C51\LIB\C51L.LIB (?C?CSTOPTR)
  C:\KEIL\C51\LIB\C51L.LIB (?C?IMUL)
  C:\KEIL\C51\LIB\C51L.LIB (?C?UIDIV)
  C:\KEIL\C51\LIB\C51L.LIB (?C?ILDIX)
  C:\KEIL\C51\LIB\C51L.LIB (?C?ULDIV)
  C:\KEIL\C51\LIB\C51L.LIB (?C?LNEG)
  C:\KEIL\C51\LIB\C51L.LIB (?C?ULSHR)
  C:\KEIL\C51\LIB\C51L.LIB (?C?LSTXDATA)
  C:\KEIL\C51\LIB\C51L.LIB (?C?LSTKXDATA)
  C:\KEIL\C51\LIB\C51L.LIB (?C?CCASE)
  C:\KEIL\C51\LIB\C51L.LIB (?C_INIT)


LINK MAP OF MODULE:  CB589P (MAIN)


            TYPE    BASE      LENGTH    RELOCATION   SEGMENT NAME
            -----------------------------------------------------

            * * * * * * *   D A T A   M E M O R Y   * * * * * * *
            REG     0000H     0008H     ABSOLUTE     "REG BANK 0"
            IDATA   0008H     0001H     UNIT         ?STACK

            * * * * * * *  X D A T A   M E M O R Y  * * * * * * *
            XDATA   0000H     01A6H     UNIT         ?XD?HANDLER
            XDATA   01A6H     0098H     UNIT         ?XD?SYSTEM
BL51 BANKED LINKER/LOCATER V6.22                                                      06/02/2018  13:38:59  PAGE 2


            XDATA   023EH     0028H     UNIT         ?XD?UART
            XDATA   0266H     0020H     UNIT         _XDATA_GROUP_
            XDATA   0286H     000CH     UNIT         ?XD?KEY
            XDATA   0292H     000BH     UNIT         ?XD?VCO
            XDATA   029DH     0007H     UNIT         ?XD?CHECKRSSI?HANDLER
            XDATA   02A4H     0002H     UNIT         ?XD?BK4802
            XDATA   02A6H     0001H     UNIT         ?XD?MEMORY

            * * * * * * *   C O D E   M E M O R Y   * * * * * * *
            CODE    0000H     0003H     ABSOLUTE     
            CODE    0003H     0018H     UNIT         ?PR?SQ_SWITCH?HANDLER
            CODE    001BH     0003H     ABSOLUTE     
            CODE    001EH     0004H     UNIT         ?PR?INITAT24C08?AT24C08
            CODE    0022H     0001H     UNIT         ?PR?BK4802_SLEEP?BK4802
            CODE    0023H     0003H     ABSOLUTE     
            CODE    0026H     0EC3H     UNIT         ?PR?CALCULATEFREQ?VCO
            CODE    0EE9H     05E0H     UNIT         ?C?LIB_CODE
            CODE    14C9H     038EH     UNIT         ?PR?IS_KEY1_PRESS?KEY
            CODE    1857H     0319H     UNIT         ?PR?UART0?UART
            CODE    1B70H     0214H     UNIT         ?C_INITSEG
            CODE    1D84H     0206H     UNIT         ?PR?_GET_AD?SYSTEM
            CODE    1F8AH     0194H     UNIT         ?PR?CHECKALLPARAM?MEMORY
            CODE    211EH     0120H     UNIT         ?PR?CHECKCHANNEL?MENUEVENT
            CODE    223EH     0105H     UNIT         ?PR?CHANNEL_AFM_FUC?MENUEVENT
            CODE    2343H     0100H     UNIT         ?PR?LOADALLPARAM?MEMORY
            CODE    2443H     00DFH     UNIT         ?PR?INIT_RX?BK4802
            CODE    2522H     00DEH     UNIT         ?PR?POWERONCOMKEY?MAIN
            CODE    2600H     00D9H     UNIT         ?PR?CHECKTB?MEMORY
            CODE    26D9H     00D6H     UNIT         ?PR?_CHANNEL_MENU?MENU
            CODE    27AFH     00CBH     UNIT         ?PR?_LCD_STRENGTH?LCDSET
            CODE    287AH     00B1H     UNIT         ?PR?SAVEALLPARAM?MEMORY
            CODE    292BH     00ADH     UNIT         ?PR?CHECKRSSI?HANDLER
            CODE    29D8H     00ABH     UNIT         ?PR?SENDCOMMAND?UART
            CODE    2A83H     00AAH     UNIT         ?PR?_EEPROMREADSEQUENTIAL?AT24C08
            CODE    2B2DH     00A1H     UNIT         ?PR?SHOWCHANNEL?LCDSHOW
            CODE    2BCEH     009FH     UNIT         ?PR?IRQ_TIMER1?MAIN
            CODE    2C6DH     0099H     UNIT         ?PR?_LOCK_MENU?MENU
            CODE    2D06H     0097H     UNIT         ?PR?_SHOWBACKCOLOR?LCDSHOW
            CODE    2D9DH     008DH     UNIT         ?PR?SHOWTK?LCDSHOW
            CODE    2E2AH     008CH     UNIT         ?C_C51STARTUP
            CODE    2EB6H     008AH     UNIT         ?PR?CHANNEL_LONG_AF_FUC?MENUEVENT
            CODE    2F40H     0078H     UNIT         ?PR?CHANNEL_UP_FUC?MENUEVENT
            CODE    2FB8H     0075H     UNIT         ?PR?_LCD_COUNTRY?LCDSET
            CODE    302DH     0075H     UNIT         ?PR?_LCD_POWER?LCDSET
            CODE    30A2H     0073H     UNIT         ?PR?BK_READ_BYTE?BK4802
            CODE    3115H     0067H     UNIT         ?PR?GETVOLTAGE?UART
            CODE    317CH     0066H     UNIT         ?PR?CHANNEL_COUNTRY_DN_FUC?MENUEVENT
            CODE    31E2H     0064H     UNIT         ?PR?MAIN?MAIN
            CODE    3246H     0064H     UNIT         ?PR?_EEPROMWRITEPAGE?AT24C08
            CODE    32AAH     0064H     UNIT         ?PR?RETURNDATA?UART
            CODE    330EH     0064H     UNIT         ?PR?I2C_READ_BYTE?IIC
            CODE    3372H     0063H     UNIT         ?PR?CHANNEL_COUNTRY_UP_FUC?MENUEVENT
            CODE    33D5H     0062H     UNIT         ?PR?_SETRFG?HANDLER
            CODE    3437H     005EH     UNIT         ?PR?I2C_WAIT_ACK?IIC
            CODE    3495H     005CH     UNIT         ?PR?CHANNEL_PPT_DN_FUC?MENUEVENT
            CODE    34F1H     005BH     UNIT         ?PR?CHANNEL_DN_FUC?MENUEVENT
            CODE    354CH     0058H     UNIT         ?PR?_MENUOPERATE?MENU
BL51 BANKED LINKER/LOCATER V6.22                                                      06/02/2018  13:38:59  PAGE 3


            CODE    35A4H     0055H     UNIT         ?PR?_SCAN_MENU?MENU
            CODE    35F9H     0053H     UNIT         ?PR?_BK_WRITE_BYTE?BK4802
            CODE    364CH     0050H     UNIT         ?PR?BK_READ_ACK?BK4802
            CODE    369CH     004FH     UNIT         ?PR?_BK_READ_REG?BK4802
            CODE    36EBH     004DH     UNIT         ?PR?BK4802_TX?BK4802
            CODE    3738H     004BH     UNIT         ?PR?IO_INIT?SYSTEM
            CODE    3783H     004AH     UNIT         ?CO?LCDSET
            CODE    37CDH     0049H     UNIT         ?PR?_LCD_LOCK?LCDSET
            CODE    3816H     0049H     UNIT         ?PR?_LCD_TABLE?LCDSET
            CODE    385FH     0049H     UNIT         ?PR?_LCD_COLOR?LCDSET
            CODE    38A8H     0049H     UNIT         ?PR?INITKEY?KEY
            CODE    38F1H     0049H     UNIT         ?PR?CHANNEL_PTY_FUC?MENUEVENT
            CODE    393AH     0049H     UNIT         ?PR?_I2C_SEND_BYTE?IIC
            CODE    3983H     0046H     UNIT         ?PR?SETDEFAULTPARAM?MEMORY
            CODE    39C9H     0045H     UNIT         ?PR?_EEPROMREADBYTE?AT24C08
            CODE    3A0EH     0044H     UNIT         ?PR?_BK_WRITE_REG?BK4802
            CODE    3A52H     0041H     UNIT         ?PR?UART_EVENT?UART
            CODE    3A93H     003EH     UNIT         ?PR?_LCD_BUTTONTONE?LCDSET
            CODE    3AD1H     003AH     UNIT         ?PR?_EEPROMWRITEBYTE?AT24C08
            CODE    3B0BH     0034H     UNIT         ?PR?INITFLAG?MEMORY
            CODE    3B3FH     0033H     UNIT         ?PR?_LCD_NUM1?LCDSET
            CODE    3B72H     0033H     UNIT         ?PR?_LCD_NUM2?LCDSET
            CODE    3BA5H     0031H     UNIT         ?PR?_SAVEDATA?MEMORY
            CODE    3BD6H     002DH     UNIT         ?PR?LCD_RESET?LCDSET
            CODE    3C03H     002DH     UNIT         ?PR?SETTXPOWER?HANDLER
            CODE    3C30H     002CH     UNIT         ?PR?BK4802_IOINIT?BK4802
            CODE    3C5CH     002AH     UNIT         ?PR?BK_ACK?BK4802
            CODE    3C86H     002AH     UNIT         ?PR?BK_NOACK?BK4802
            CODE    3CB0H     002AH     UNIT         ?PR?_BACKLIGHT_MENU?MENU
            CODE    3CDAH     002AH     UNIT         ?PR?_POWERSET_MENU?MENU
            CODE    3D04H     0029H     UNIT         ?PR?CHANNEL_SWITCH_TUTTONTONE_FUC?MENUEVENT
            CODE    3D2DH     0029H     UNIT         ?PR?CHANNEL_LOCK_OTHERKEY_FUC?MENUEVENT
            CODE    3D56H     0029H     UNIT         ?PR?_LOADDATA?MEMORY
            CODE    3D7FH     0027H     UNIT         ?PR?POWERONSHOW?MAIN
            CODE    3DA6H     0027H     UNIT         ?PR?RECIVEDATA?UART
            CODE    3DCDH     0027H     UNIT         ?PR?BK4802_TXTORX?BK4802
            CODE    3DF4H     0027H     UNIT         ?PR?_COUNTRY_MENU?MENU
            CODE    3E1BH     0026H     UNIT         ?PR?INITBEEP?SYSTEM
            CODE    3E41H     0026H     UNIT         ?PR?LCD_INIT?SYSTEM
            CODE    3E67H     0026H     UNIT         ?PR?CHANNEL_BACKCOLOR_DN_FUC?MENUEVENT
            CODE    3E8DH     0025H     UNIT         ?PR?BK_STOP?BK4802
            CODE    3EB2H     0025H     UNIT         ?PR?_CHECK_COMKEY_FLAG?MENU
            CODE    3ED7H     0025H     UNIT         ?PR?PLAYBUTTONTONE?KEY
            CODE    3EFCH     0025H     UNIT         ?PR?CHANNEL_BACKCOLOR_UP_FUC?MENUEVENT
            CODE    3F21H     0024H     UNIT         ?PR?BK_START?BK4802
            CODE    3F45H     0022H     UNIT         ?PR?SYSTEMCLK_INIT?SYSTEM
            CODE    3F67H     0022H     UNIT         ?PR?CHANNEL_TXPOWER_CHANGE_FUC?MENUEVENT
            CODE    3F89H     0022H     UNIT         ?PR?SETMODU?HANDLER
            CODE    3FABH     0021H     UNIT         ?PR?PPT_PRESS?KEY
            CODE    3FCCH     0021H     UNIT         ?PR?CHANNEL_LONG_SQ_FUC?MENUEVENT
            CODE    3FEDH     0021H     UNIT         ?PR?CHANNEL_VOX_FUC?MENUEVENT
            CODE    400EH     0020H     UNIT         ?PR?_DELAYMS?SYSTEM
            CODE    402EH     0020H     UNIT         ?PR?I2C_STOP?IIC
            CODE    404EH     001EH     UNIT         ?PR?BK4802_RXTOTX?BK4802
            CODE    406CH     001DH     UNIT         ?PR?BK4802_INIT?BK4802
            CODE    4089H     001DH     UNIT         ?PR?CHANNEL_PPT_UP_FUC?MENUEVENT
            CODE    40A6H     001DH     UNIT         ?PR?I2C_START?IIC
BL51 BANKED LINKER/LOCATER V6.22                                                      06/02/2018  13:38:59  PAGE 4


            CODE    40C3H     001CH     UNIT         ?PR?CHANNEL_ASQ_UP_FUC?MENUEVENT
            CODE    40DFH     001CH     UNIT         ?PR?CHANNEL_ASQ_DN_FUC?MENUEVENT
            CODE    40FBH     001BH     UNIT         ?PR?_UART0SENDDATA?UART
            CODE    4116H     0017H     UNIT         ?PR?UART0_INIT?SYSTEM
            CODE    412DH     0017H     UNIT         ?PR?INT1_INIT?SYSTEM
            CODE    4144H     0017H     UNIT         ?PR?LCD_NUM_CLEAR?LCDSET
            CODE    415BH     0017H     UNIT         ?PR?LCD_ALL?LCDSET
            CODE    4172H     0016H     UNIT         ?PR?INITTIMER0?SYSTEM
            CODE    4188H     0016H     UNIT         ?PR?LCD_CLEAR?LCDSET
            CODE    419EH     0016H     UNIT         ?PR?I2C_ACK?IIC
            CODE    41B4H     0016H     UNIT         ?PR?I2C_NACK?IIC
            CODE    41CAH     0015H     UNIT         ?PR?SYSTEMINIT?SYSTEM
            CODE    41DFH     0013H     UNIT         ?PR?_LCD_ASQ?LCDSET
            CODE    41F2H     0013H     UNIT         ?PR?_LCD_VOX?LCDSET
            CODE    4205H     0013H     UNIT         ?PR?_LCD_PTY?LCDSET
            CODE    4218H     0013H     UNIT         ?PR?_LCD_TX?LCDSET
            CODE    422BH     0013H     UNIT         ?PR?_LCD_M?LCDSET
            CODE    423EH     0013H     UNIT         ?PR?_LCD_SC?LCDSET
            CODE    4251H     0013H     UNIT         ?PR?_LCD_WL?LCDSET
            CODE    4264H     0013H     UNIT         ?PR?_LCD_RX?LCDSET
            CODE    4277H     0013H     UNIT         ?PR?_LCD_R?LCDSET
            CODE    428AH     0013H     UNIT         ?PR?_LCD_H?LCDSET
            CODE    429DH     0013H     UNIT         ?PR?_LCD_NL?LCDSET
            CODE    42B0H     000FH     UNIT         ?PR?SHOWCOUNTRY?LCDSHOW
            CODE    42BFH     000FH     UNIT         ?PR?I2C_INIT?IIC
            CODE    42CEH     000EH     UNIT         ?PR?CHANNEL_LOCK_FUC?MENUEVENT
            CODE    42DCH     000EH     UNIT         ?PR?CHANNEL_DELOCK_FUC?MENUEVENT
            CODE    42EAH     000CH     UNIT         ?PR?LCD_FM?LCDSET
            CODE    42F6H     000CH     UNIT         ?PR?LCD_AM?LCDSET
            CODE    4302H     000CH     UNIT         ?PR?LCD_UK?LCDSET
            CODE    430EH     000CH     UNIT         ?PR?LCD_EU?LCDSET
            CODE    431AH     000CH     UNIT         ?PR?LCD_DE?LCDSET
            CODE    4326H     000BH     UNIT         ?PR?CHANNEL_SCAN_FUC?MENUEVENT
            CODE    4331H     000AH     UNIT         ?PR?INITMEMORY?MEMORY
            CODE    433BH     0009H     UNIT         ?PR?ANALYSECMD?UART
            CODE    4344H     0009H     UNIT         ?PR?SHOWTABLE?LCDSHOW
            CODE    434DH     0009H     UNIT         ?PR?SHOWPOWER?LCDSHOW
            CODE    4356H     0009H     UNIT         ?PR?SHOWBUTTONTONESWITCH?LCDSHOW
            CODE    435FH     0008H     UNIT         ?PR?_UART0SENDBYTE?UART
            CODE    4367H     0008H     UNIT         ?PR?LCD_OTHERCONTRY?LCDSET
            CODE    436FH     0007H     UNIT         ?PR?RESETPARAM?MEMORY
            CODE    4376H     0006H     UNIT         ?PR?BK4802_RSSIANDSNR?BK4802
            CODE    437CH     0006H     UNIT         ?PR?BK4802_ASQ?BK4802
            CODE    4382H     0006H     UNIT         ?PR?CHANNEL_SCAN_LONG_PRESS_FUC?MENUEVENT
            CODE    4388H     0006H     UNIT         ?PR?CHANNEL_REST_FUC?MENUEVENT
            CODE    438EH     0006H     UNIT         ?PR?SHOWLOCKED?LCDSHOW
            CODE    4394H     0006H     UNIT         ?PR?SHOWDELOCK?LCDSHOW
            CODE    439AH     0006H     UNIT         ?PR?SHOWASQ?LCDSHOW
            CODE    43A0H     0004H     UNIT         ?PR?BK4802_RX?BK4802
            CODE    43A4H     0004H     UNIT         ?PR?CHANNEL_ASQ_FUC?MENUEVENT
            CODE    43A8H     0004H     UNIT         ?PR?CHANNEL_ASQ_SQ_FUC?MENUEVENT
            CODE    43ACH     0004H     UNIT         ?PR?SHOWRESET?LCDSHOW
            CODE    43B0H     0004H     UNIT         ?PR?CLEARNUM?LCDSHOW
            CODE    43B4H     0004H     UNIT         ?PR?SHOWCLEAR?LCDSHOW
            CODE    43B8H     0004H     UNIT         ?PR?SHOWALL?LCDSHOW
            CODE    43BCH     0003H     UNIT         ?PR?_DELAYUS?SYSTEM
            CODE    43BFH     0001H     UNIT         ?PR?CHANNEL_SCAN_PPT_DN_FUC?MENUEVENT
BL51 BANKED LINKER/LOCATER V6.22                                                      06/02/2018  13:38:59  PAGE 5


            CODE    43C0H     0001H     UNIT         ?PR?CHANNEL_SCAN_PPT_UP_FUC?MENUEVENT
            CODE    43C1H     0001H     UNIT         ?PR?VOX_CHECK?HANDLER



OVERLAY MAP OF MODULE:   CB589P (MAIN)


SEGMENT                                            XDATA_GROUP
  +--> CALLED SEGMENT                            START    LENGTH
----------------------------------------------------------------
?PR?UART0?UART                                   0266H    0002H
  +--> ?PR?_UART0SENDBYTE?UART
  +--> ?PR?_UART0SENDDATA?UART
  +--> ?PR?ANALYSECMD?UART

?PR?_UART0SENDDATA?UART                          -----    -----
  +--> ?PR?_UART0SENDBYTE?UART

*** NEW ROOT ***************************************************

?C_C51STARTUP                                    -----    -----
  +--> ?PR?MAIN?MAIN
  +--> ?C_INITSEG

?PR?MAIN?MAIN                                    0268H    0002H
  +--> ?PR?SYSTEMINIT?SYSTEM
  +--> ?PR?INITMEMORY?MEMORY
  +--> ?PR?_SHOWBACKCOLOR?LCDSHOW
  +--> ?PR?INITKEY?KEY
  +--> ?PR?POWERONCOMKEY?MAIN
  +--> ?PR?POWERONSHOW?MAIN
  +--> ?PR?IS_KEY1_PRESS?KEY
  +--> ?PR?PPT_PRESS?KEY
  +--> ?PR?UART_EVENT?UART
  +--> ?PR?SQ_SWITCH?HANDLER
  +--> ?PR?SHOWTK?LCDSHOW
  +--> ?PR?VOX_CHECK?HANDLER
  +--> ?PR?BK4802_RSSIANDSNR?BK4802
  +--> ?PR?BK4802_ASQ?BK4802

?PR?SYSTEMINIT?SYSTEM                            -----    -----
  +--> ?PR?SYSTEMCLK_INIT?SYSTEM
  +--> ?PR?IO_INIT?SYSTEM
  +--> ?PR?INITTIMER0?SYSTEM
  +--> ?PR?UART0_INIT?SYSTEM
  +--> ?PR?LCD_INIT?SYSTEM
  +--> ?PR?INITBEEP?SYSTEM

?PR?INITMEMORY?MEMORY                            -----    -----
  +--> ?PR?INITAT24C08?AT24C08
  +--> ?PR?LOADALLPARAM?MEMORY
  +--> ?PR?CALCULATEFREQ?VCO

?PR?INITAT24C08?AT24C08                          -----    -----
  +--> ?PR?I2C_INIT?IIC

BL51 BANKED LINKER/LOCATER V6.22                                                      06/02/2018  13:38:59  PAGE 6


?PR?I2C_INIT?IIC                                 -----    -----
  +--> ?PR?_DELAYUS?SYSTEM

?PR?LOADALLPARAM?MEMORY                          026AH    0001H
  +--> ?PR?INITFLAG?MEMORY
  +--> ?PR?_LOADDATA?MEMORY
  +--> ?PR?SETDEFAULTPARAM?MEMORY
  +--> ?PR?SAVEALLPARAM?MEMORY
  +--> ?PR?CHECKALLPARAM?MEMORY
  +--> ?PR?CHECKTB?MEMORY

?PR?_LOADDATA?MEMORY                             -----    -----
  +--> ?PR?_EEPROMREADBYTE?AT24C08

?PR?_EEPROMREADBYTE?AT24C08                      026BH    0003H
  +--> ?PR?I2C_START?IIC
  +--> ?PR?_I2C_SEND_BYTE?IIC
  +--> ?PR?I2C_WAIT_ACK?IIC
  +--> ?PR?I2C_READ_BYTE?IIC
  +--> ?PR?I2C_NACK?IIC
  +--> ?PR?I2C_STOP?IIC

?PR?I2C_START?IIC                                -----    -----
  +--> ?PR?_DELAYUS?SYSTEM

?PR?_I2C_SEND_BYTE?IIC                           0272H    0002H
  +--> ?PR?_DELAYUS?SYSTEM

?PR?I2C_WAIT_ACK?IIC                             0272H    0001H
  +--> ?PR?_DELAYUS?SYSTEM
  +--> ?PR?I2C_STOP?IIC

?PR?I2C_STOP?IIC                                 -----    -----
  +--> ?PR?_DELAYUS?SYSTEM

?PR?I2C_READ_BYTE?IIC                            0272H    0002H
  +--> ?PR?_DELAYUS?SYSTEM

?PR?I2C_NACK?IIC                                 -----    -----
  +--> ?PR?_DELAYUS?SYSTEM

?PR?SAVEALLPARAM?MEMORY                          -----    -----
  +--> ?PR?_SAVEDATA?MEMORY

?PR?_SAVEDATA?MEMORY                             -----    -----
  +--> ?PR?_EEPROMWRITEBYTE?AT24C08

?PR?_EEPROMWRITEBYTE?AT24C08                     026DH    0003H
  +--> ?PR?I2C_START?IIC
  +--> ?PR?_I2C_SEND_BYTE?IIC
  +--> ?PR?I2C_WAIT_ACK?IIC
  +--> ?PR?I2C_STOP?IIC
  +--> ?PR?_DELAYMS?SYSTEM

?PR?CALCULATEFREQ?VCO                            026EH    0008H

?PR?_SHOWBACKCOLOR?LCDSHOW                       -----    -----
BL51 BANKED LINKER/LOCATER V6.22                                                      06/02/2018  13:38:59  PAGE 7


  +--> ?PR?_LCD_COLOR?LCDSET

?PR?_LCD_COLOR?LCDSET                            -----    -----
  +--> ?CO?LCDSET

?PR?POWERONCOMKEY?MAIN                           026AH    0002H
  +--> ?PR?_GET_AD?SYSTEM
  +--> ?PR?SHOWPOWER?LCDSHOW
  +--> ?PR?_DELAYMS?SYSTEM
  +--> ?PR?SHOWRESET?LCDSHOW
  +--> ?PR?RESETPARAM?MEMORY
  +--> ?PR?SHOWCOUNTRY?LCDSHOW
  +--> ?PR?_SHOWBACKCOLOR?LCDSHOW

?PR?_GET_AD?SYSTEM                               026CH    001AH
  +--> ?PR?_DELAYUS?SYSTEM

?PR?SHOWPOWER?LCDSHOW                            -----    -----
  +--> ?PR?_LCD_POWER?LCDSET

?PR?_LCD_POWER?LCDSET                            -----    -----
  +--> ?CO?LCDSET

?PR?SHOWRESET?LCDSHOW                            -----    -----
  +--> ?PR?LCD_RESET?LCDSET

?PR?RESETPARAM?MEMORY                            -----    -----
  +--> ?PR?SETDEFAULTPARAM?MEMORY
  +--> ?PR?SAVEALLPARAM?MEMORY

?PR?SHOWCOUNTRY?LCDSHOW                          -----    -----
  +--> ?PR?_LCD_COUNTRY?LCDSET

?PR?_LCD_COUNTRY?LCDSET                          -----    -----
  +--> ?CO?LCDSET

?PR?POWERONSHOW?MAIN                             -----    -----
  +--> ?PR?SHOWALL?LCDSHOW
  +--> ?PR?_DELAYMS?SYSTEM
  +--> ?PR?SHOWCLEAR?LCDSHOW
  +--> ?PR?SHOWCOUNTRY?LCDSHOW
  +--> ?PR?SHOWCHANNEL?LCDSHOW
  +--> ?PR?SETTXPOWER?HANDLER
  +--> ?PR?SETMODU?HANDLER
  +--> ?PR?BK4802_INIT?BK4802

?PR?SHOWALL?LCDSHOW                              -----    -----
  +--> ?PR?LCD_ALL?LCDSET

?PR?SHOWCLEAR?LCDSHOW                            -----    -----
  +--> ?PR?LCD_CLEAR?LCDSET

?PR?SHOWCHANNEL?LCDSHOW                          -----    -----
  +--> ?PR?_LCD_NUM1?LCDSET
  +--> ?PR?_LCD_NUM2?LCDSET
  +--> ?PR?_LCD_PTY?LCDSET
  +--> ?PR?_LCD_ASQ?LCDSET
BL51 BANKED LINKER/LOCATER V6.22                                                      06/02/2018  13:38:59  PAGE 8


  +--> ?PR?_LCD_VOX?LCDSET
  +--> ?PR?_LCD_H?LCDSET
  +--> ?PR?LCD_EU?LCDSET
  +--> ?PR?LCD_UK?LCDSET
  +--> ?PR?LCD_DE?LCDSET
  +--> ?PR?LCD_OTHERCONTRY?LCDSET
  +--> ?PR?LCD_AM?LCDSET
  +--> ?PR?LCD_FM?LCDSET

?PR?_LCD_NUM1?LCDSET                             -----    -----
  +--> ?CO?LCDSET

?PR?_LCD_NUM2?LCDSET                             -----    -----
  +--> ?CO?LCDSET

?PR?BK4802_INIT?BK4802                           -----    -----
  +--> ?PR?BK4802_IOINIT?BK4802
  +--> ?PR?_DELAYMS?SYSTEM
  +--> ?PR?INIT_RX?BK4802
  +--> ?PR?_LCD_RX?LCDSET

?PR?BK4802_IOINIT?BK4802                         -----    -----
  +--> ?PR?_DELAYUS?SYSTEM

?PR?INIT_RX?BK4802                               -----    -----
  +--> ?PR?_BK_WRITE_REG?BK4802

?PR?_BK_WRITE_REG?BK4802                         026EH    0003H
  +--> ?PR?BK_START?BK4802
  +--> ?PR?_BK_WRITE_BYTE?BK4802
  +--> ?PR?BK_READ_ACK?BK4802
  +--> ?PR?BK_STOP?BK4802
  +--> ?PR?_DELAYMS?SYSTEM

?PR?BK_START?BK4802                              -----    -----
  +--> ?PR?_DELAYUS?SYSTEM

?PR?_BK_WRITE_BYTE?BK4802                        0271H    0002H
  +--> ?PR?_DELAYUS?SYSTEM

?PR?BK_READ_ACK?BK4802                           0271H    0001H
  +--> ?PR?_DELAYUS?SYSTEM

?PR?BK_STOP?BK4802                               -----    -----
  +--> ?PR?_DELAYUS?SYSTEM

?PR?IS_KEY1_PRESS?KEY                            026AH    0002H
  +--> ?PR?_GET_AD?SYSTEM
  +--> ?PR?_DELAYMS?SYSTEM
  +--> ?PR?SHOWCHANNEL?LCDSHOW
  +--> ?PR?SAVEALLPARAM?MEMORY
  +--> ?PR?_MENUOPERATE?MENU

?PR?_MENUOPERATE?MENU                            026CH    0001H
  +--> ?PR?_CHECK_COMKEY_FLAG?MENU
  +--> ?PR?_CHANNEL_MENU?MENU
  +--> ?PR?_SCAN_MENU?MENU
BL51 BANKED LINKER/LOCATER V6.22                                                      06/02/2018  13:38:59  PAGE 9


  +--> ?PR?_COUNTRY_MENU?MENU
  +--> ?PR?_LOCK_MENU?MENU
  +--> ?PR?_BACKLIGHT_MENU?MENU
  +--> ?PR?_POWERSET_MENU?MENU

?PR?_CHANNEL_MENU?MENU                           -----    -----
  +--> ?PR?PLAYBUTTONTONE?KEY
  +--> ?PR?CHANNEL_LONG_SQ_FUC?MENUEVENT
  +--> ?PR?CHANNEL_SWITCH_TUTTONTONE_FUC?MEN...
  +--> ?PR?CHANNEL_UP_FUC?MENUEVENT
  +--> ?PR?CHANNEL_SCAN_FUC?MENUEVENT
  +--> ?PR?CHANNEL_DN_FUC?MENUEVENT
  +--> ?PR?CHANNEL_VOX_FUC?MENUEVENT
  +--> ?PR?CHANNEL_LOCK_FUC?MENUEVENT
  +--> ?PR?CHANNEL_PTY_FUC?MENUEVENT
  +--> ?PR?CHANNEL_AFM_FUC?MENUEVENT
  +--> ?PR?CHANNEL_LONG_AF_FUC?MENUEVENT
  +--> ?PR?CHANNEL_PPT_DN_FUC?MENUEVENT
  +--> ?PR?CHANNEL_PPT_UP_FUC?MENUEVENT

?PR?CHANNEL_LONG_SQ_FUC?MENUEVENT                -----    -----
  +--> ?PR?_SAVEDATA?MEMORY
  +--> ?PR?SHOWCHANNEL?LCDSHOW

?PR?CHANNEL_SWITCH_TUTTONTONE_FUC?MEN...         -----    -----
  +--> ?PR?SHOWBUTTONTONESWITCH?LCDSHOW
  +--> ?PR?_SAVEDATA?MEMORY
  +--> ?PR?_DELAYMS?SYSTEM
  +--> ?PR?SHOWCHANNEL?LCDSHOW

?PR?SHOWBUTTONTONESWITCH?LCDSHOW                 -----    -----
  +--> ?PR?_LCD_BUTTONTONE?LCDSET

?PR?CHANNEL_UP_FUC?MENUEVENT                     -----    -----
  +--> ?PR?CHECKCHANNEL?MENUEVENT
  +--> ?PR?_SAVEDATA?MEMORY
  +--> ?PR?SETTXPOWER?HANDLER
  +--> ?PR?SHOWCHANNEL?LCDSHOW
  +--> ?PR?CALCULATEFREQ?VCO
  +--> ?PR?BK4802_TXTORX?BK4802

?PR?BK4802_TXTORX?BK4802                         -----    -----
  +--> ?PR?SETMODU?HANDLER
  +--> ?PR?BK4802_TX?BK4802
  +--> ?PR?_DELAYMS?SYSTEM
  +--> ?PR?BK4802_RX?BK4802

?PR?BK4802_TX?BK4802                             -----    -----
  +--> ?PR?_DELAYMS?SYSTEM
  +--> ?PR?_BK_WRITE_REG?BK4802

?PR?BK4802_RX?BK4802                             -----    -----
  +--> ?PR?INIT_RX?BK4802

?PR?CHANNEL_SCAN_FUC?MENUEVENT                   -----    -----
  +--> ?PR?_LCD_SC?LCDSET

BL51 BANKED LINKER/LOCATER V6.22                                                      06/02/2018  13:38:59  PAGE 10


?PR?CHANNEL_DN_FUC?MENUEVENT                     -----    -----
  +--> ?PR?CHECKCHANNEL?MENUEVENT
  +--> ?PR?_SAVEDATA?MEMORY
  +--> ?PR?SETTXPOWER?HANDLER
  +--> ?PR?SHOWCHANNEL?LCDSHOW
  +--> ?PR?CALCULATEFREQ?VCO
  +--> ?PR?BK4802_TXTORX?BK4802

?PR?CHANNEL_VOX_FUC?MENUEVENT                    -----    -----
  +--> ?PR?_SAVEDATA?MEMORY
  +--> ?PR?SHOWCHANNEL?LCDSHOW

?PR?CHANNEL_LOCK_FUC?MENUEVENT                   -----    -----
  +--> ?PR?SHOWLOCKED?LCDSHOW
  +--> ?PR?_DELAYMS?SYSTEM
  +--> ?PR?SHOWCHANNEL?LCDSHOW

?PR?SHOWLOCKED?LCDSHOW                           -----    -----
  +--> ?PR?_LCD_LOCK?LCDSET

?PR?CHANNEL_PTY_FUC?MENUEVENT                    -----    -----
  +--> ?PR?SETTXPOWER?HANDLER
  +--> ?PR?SHOWCHANNEL?LCDSHOW
  +--> ?PR?CALCULATEFREQ?VCO

?PR?CHANNEL_AFM_FUC?MENUEVENT                    -----    -----
  +--> ?PR?_SAVEDATA?MEMORY
  +--> ?PR?SETMODU?HANDLER
  +--> ?PR?CALCULATEFREQ?VCO
  +--> ?PR?BK4802_TXTORX?BK4802
  +--> ?PR?SETTXPOWER?HANDLER
  +--> ?PR?SHOWCHANNEL?LCDSHOW

?PR?CHANNEL_LONG_AF_FUC?MENUEVENT                026DH    0001H
  +--> ?PR?PLAYBUTTONTONE?KEY
  +--> ?PR?SHOWCLEAR?LCDSHOW
  +--> ?PR?SHOWCOUNTRY?LCDSHOW
  +--> ?PR?_DELAYMS?SYSTEM
  +--> ?PR?CALCULATEFREQ?VCO
  +--> ?PR?BK4802_TXTORX?BK4802
  +--> ?PR?SETTXPOWER?HANDLER
  +--> ?PR?SHOWCHANNEL?LCDSHOW

?PR?CHANNEL_PPT_DN_FUC?MENUEVENT                 -----    -----
  +--> ?PR?CALCULATEFREQ?VCO
  +--> ?PR?BK4802_RXTOTX?BK4802
  +--> ?PR?_LCD_STRENGTH?LCDSET
  +--> ?PR?_LCD_RX?LCDSET
  +--> ?PR?_LCD_TX?LCDSET

?PR?BK4802_RXTOTX?BK4802                         -----    -----
  +--> ?PR?BK4802_TX?BK4802

?PR?CHANNEL_PPT_UP_FUC?MENUEVENT                 -----    -----
  +--> ?PR?CALCULATEFREQ?VCO
  +--> ?PR?BK4802_TXTORX?BK4802
  +--> ?PR?_LCD_STRENGTH?LCDSET
BL51 BANKED LINKER/LOCATER V6.22                                                      06/02/2018  13:38:59  PAGE 11


  +--> ?PR?_LCD_TX?LCDSET
  +--> ?PR?_LCD_RX?LCDSET

?PR?_SCAN_MENU?MENU                              -----    -----
  +--> ?PR?PLAYBUTTONTONE?KEY
  +--> ?PR?CHANNEL_SCAN_LONG_PRESS_FUC?MENUE...
  +--> ?PR?CHANNEL_SCAN_PPT_DN_FUC?MENUEVENT
  +--> ?PR?CHANNEL_SCAN_PPT_UP_FUC?MENUEVENT

?PR?CHANNEL_SCAN_LONG_PRESS_FUC?MENUE...         -----    -----
  +--> ?PR?_LCD_SC?LCDSET

?PR?_COUNTRY_MENU?MENU                           -----    -----
  +--> ?PR?PLAYBUTTONTONE?KEY
  +--> ?PR?CHANNEL_COUNTRY_UP_FUC?MENUEVENT
  +--> ?PR?CHANNEL_COUNTRY_DN_FUC?MENUEVENT
  +--> ?PR?CHANNEL_REST_FUC?MENUEVENT

?PR?CHANNEL_COUNTRY_UP_FUC?MENUEVENT             -----    -----
  +--> ?PR?_SAVEDATA?MEMORY
  +--> ?PR?SHOWCOUNTRY?LCDSHOW

?PR?CHANNEL_COUNTRY_DN_FUC?MENUEVENT             -----    -----
  +--> ?PR?_SAVEDATA?MEMORY
  +--> ?PR?SHOWCOUNTRY?LCDSHOW

?PR?_LOCK_MENU?MENU                              -----    -----
  +--> ?PR?PLAYBUTTONTONE?KEY
  +--> ?PR?CHANNEL_LOCK_OTHERKEY_FUC?MENUEVENT
  +--> ?PR?CHANNEL_DELOCK_FUC?MENUEVENT
  +--> ?PR?CHANNEL_PPT_DN_FUC?MENUEVENT
  +--> ?PR?CHANNEL_PPT_UP_FUC?MENUEVENT

?PR?CHANNEL_LOCK_OTHERKEY_FUC?MENUEVENT          026DH    0001H
  +--> ?PR?SHOWLOCKED?LCDSHOW
  +--> ?PR?_DELAYMS?SYSTEM
  +--> ?PR?CLEARNUM?LCDSHOW
  +--> ?PR?SHOWCHANNEL?LCDSHOW

?PR?CLEARNUM?LCDSHOW                             -----    -----
  +--> ?PR?LCD_NUM_CLEAR?LCDSET

?PR?CHANNEL_DELOCK_FUC?MENUEVENT                 -----    -----
  +--> ?PR?SHOWDELOCK?LCDSHOW
  +--> ?PR?_DELAYMS?SYSTEM
  +--> ?PR?SHOWCHANNEL?LCDSHOW

?PR?SHOWDELOCK?LCDSHOW                           -----    -----
  +--> ?PR?_LCD_LOCK?LCDSET

?PR?_BACKLIGHT_MENU?MENU                         -----    -----
  +--> ?PR?PLAYBUTTONTONE?KEY
  +--> ?PR?CHANNEL_BACKCOLOR_UP_FUC?MENUEVENT
  +--> ?PR?CHANNEL_BACKCOLOR_DN_FUC?MENUEVENT
  +--> ?PR?CHANNEL_REST_FUC?MENUEVENT

?PR?CHANNEL_BACKCOLOR_UP_FUC?MENUEVENT           -----    -----
BL51 BANKED LINKER/LOCATER V6.22                                                      06/02/2018  13:38:59  PAGE 12


  +--> ?PR?_SHOWBACKCOLOR?LCDSHOW
  +--> ?PR?_SAVEDATA?MEMORY

?PR?CHANNEL_BACKCOLOR_DN_FUC?MENUEVENT           -----    -----
  +--> ?PR?_SHOWBACKCOLOR?LCDSHOW
  +--> ?PR?_SAVEDATA?MEMORY

?PR?_POWERSET_MENU?MENU                          -----    -----
  +--> ?PR?PLAYBUTTONTONE?KEY
  +--> ?PR?CHANNEL_TXPOWER_CHANGE_FUC?MENUEVENT
  +--> ?PR?CHANNEL_REST_FUC?MENUEVENT

?PR?CHANNEL_TXPOWER_CHANGE_FUC?MENUEVENT         -----    -----
  +--> ?PR?_SAVEDATA?MEMORY
  +--> ?PR?SHOWPOWER?LCDSHOW

?PR?PPT_PRESS?KEY                                -----    -----
  +--> ?PR?_MENUOPERATE?MENU

?PR?UART_EVENT?UART                              -----    -----
  +--> ?PR?_EEPROMREADSEQUENTIAL?AT24C08
  +--> ?PR?RETURNDATA?UART
  +--> ?PR?RECIVEDATA?UART
  +--> ?PR?SENDCOMMAND?UART

?PR?_EEPROMREADSEQUENTIAL?AT24C08                026AH    0008H
  +--> ?PR?I2C_START?IIC
  +--> ?PR?_I2C_SEND_BYTE?IIC
  +--> ?PR?I2C_WAIT_ACK?IIC
  +--> ?PR?I2C_READ_BYTE?IIC
  +--> ?PR?I2C_ACK?IIC
  +--> ?PR?I2C_NACK?IIC
  +--> ?PR?I2C_STOP?IIC

?PR?I2C_ACK?IIC                                  -----    -----
  +--> ?PR?_DELAYUS?SYSTEM

?PR?RETURNDATA?UART                              -----    -----
  +--> ?PR?_EEPROMREADSEQUENTIAL?AT24C08
  +--> ?PR?_UART0SENDDATA?UART

?PR?RECIVEDATA?UART                              -----    -----
  +--> ?PR?_EEPROMWRITEPAGE?AT24C08
  +--> ?PR?_UART0SENDBYTE?UART

?PR?_EEPROMWRITEPAGE?AT24C08                     026AH    0007H
  +--> ?PR?I2C_START?IIC
  +--> ?PR?_I2C_SEND_BYTE?IIC
  +--> ?PR?I2C_WAIT_ACK?IIC
  +--> ?PR?I2C_STOP?IIC
  +--> ?PR?_DELAYMS?SYSTEM

?PR?SENDCOMMAND?UART                             -----    -----
  +--> ?PR?GETVOLTAGE?UART
  +--> ?PR?_UART0SENDDATA?UART

?PR?GETVOLTAGE?UART                              -----    -----
BL51 BANKED LINKER/LOCATER V6.22                                                      06/02/2018  13:38:59  PAGE 13


  +--> ?PR?_GET_AD?SYSTEM
  +--> ?PR?BK4802_RSSIANDSNR?BK4802

?PR?BK4802_RSSIANDSNR?BK4802                     -----    -----
  +--> ?PR?_BK_READ_REG?BK4802

?PR?_BK_READ_REG?BK4802                          026AH    0003H
  +--> ?PR?BK_START?BK4802
  +--> ?PR?_BK_WRITE_BYTE?BK4802
  +--> ?PR?BK_READ_ACK?BK4802
  +--> ?PR?BK_READ_BYTE?BK4802
  +--> ?PR?BK_ACK?BK4802
  +--> ?PR?BK_NOACK?BK4802
  +--> ?PR?BK_STOP?BK4802

?PR?BK_READ_BYTE?BK4802                          026DH    0002H
  +--> ?PR?_DELAYUS?SYSTEM

?PR?BK_ACK?BK4802                                -----    -----
  +--> ?PR?_DELAYUS?SYSTEM

?PR?BK_NOACK?BK4802                              -----    -----
  +--> ?PR?_DELAYUS?SYSTEM

?PR?SQ_SWITCH?HANDLER                            026AH    0001H
  +--> ?PR?_GET_AD?SYSTEM

?PR?SHOWTK?LCDSHOW                               -----    -----
  +--> ?PR?_LCD_VOX?LCDSET
  +--> ?PR?_LCD_NUM1?LCDSET
  +--> ?PR?_LCD_NUM2?LCDSET
  +--> ?PR?LCD_NUM_CLEAR?LCDSET

?PR?BK4802_ASQ?BK4802                            -----    -----
  +--> ?PR?_BK_READ_REG?BK4802



SYMBOL TABLE OF MODULE:  CB589P (MAIN)

  VALUE           TYPE          NAME
  ----------------------------------

  -------         MODULE        MAIN
  C:0000H         SYMBOL        _ICE_DUMMY_
  D:0080H         PUBLIC        P0
  D:0090H         PUBLIC        P1
  D:00A0H         PUBLIC        P2
  D:00B0H         PUBLIC        P3
  C:2BCEH         PUBLIC        irq_timer1
  D:00C8H         PUBLIC        T2CON1
  C:2522H         PUBLIC        PowerOnComKey
  C:31E2H         PUBLIC        main
  B:00A0H.0       PUBLIC        P20
  B:0090H.3       PUBLIC        P13
  B:0088H.6       PUBLIC        TR1
  D:0098H         PUBLIC        SCON0
BL51 BANKED LINKER/LOCATER V6.22                                                      06/02/2018  13:38:59  PAGE 14


  D:00D8H         PUBLIC        ADCON
  D:00C0H         PUBLIC        IIC0CON
  C:3D7FH         PUBLIC        PowerOnShow
  -------         PROC          IRQ_TIMER1
  C:2BCEH         LINE#         73
  C:2BD6H         LINE#         76
  C:2BE2H         LINE#         77
  C:2BE2H         LINE#         78
  C:2BF0H         LINE#         79
  C:2BFCH         LINE#         80
  C:2BFCH         LINE#         81
  C:2C00H         LINE#         82
  C:2C04H         LINE#         83
  C:2C06H         LINE#         84
  C:2C0CH         LINE#         85
  C:2C0CH         LINE#         86
  C:2C0CH         LINE#         87
  C:2C13H         LINE#         88
  C:2C13H         LINE#         89
  C:2C21H         LINE#         90
  C:2C28H         LINE#         91
  C:2C28H         LINE#         92
  C:2C2FH         LINE#         93
  C:2C34H         LINE#         94
  C:2C34H         LINE#         95
  C:2C34H         LINE#         96
  C:2C42H         LINE#         97
  C:2C42H         LINE#         98
  C:2C50H         LINE#         99
  C:2C57H         LINE#         100
  C:2C57H         LINE#         101
  C:2C5CH         LINE#         102
  C:2C64H         LINE#         103
  C:2C64H         LINE#         104
  C:2C64H         LINE#         105
  -------         ENDPROC       IRQ_TIMER1
  -------         PROC          POWERONSHOW
  C:3D7FH         LINE#         111
  C:3D7FH         LINE#         112
  C:3D7FH         LINE#         113
  C:3D82H         LINE#         114
  C:3D89H         LINE#         115
  C:3D8CH         LINE#         116
  C:3D8FH         LINE#         117
  C:3D96H         LINE#         118
  C:3D99H         LINE#         119
  C:3D9CH         LINE#         120
  C:3D9FH         LINE#         121
  C:3DA2H         LINE#         122
  C:3DA5H         LINE#         123
  -------         ENDPROC       POWERONSHOW
  -------         PROC          POWERONCOMKEY
  -------         DO            
  X:026AH         SYMBOL        key
  -------         ENDDO         
  C:2522H         LINE#         129
  C:2522H         LINE#         130
BL51 BANKED LINKER/LOCATER V6.22                                                      06/02/2018  13:38:59  PAGE 15


  C:2522H         LINE#         131
  C:252FH         LINE#         132
  C:254BH         LINE#         133
  C:254BH         LINE#         134
  C:2551H         LINE#         135
  C:2554H         LINE#         136
  C:255AH         LINE#         137
  C:255DH         LINE#         138
  C:2564H         LINE#         139
  C:2564H         LINE#         140
  C:257FH         LINE#         141
  C:257FH         LINE#         142
  C:2582H         LINE#         143
  C:2588H         LINE#         144
  C:258BH         LINE#         145
  C:258EH         LINE#         146
  C:2595H         LINE#         147
  C:2595H         LINE#         148
  C:25B0H         LINE#         149
  C:25B0H         LINE#         150
  C:25B6H         LINE#         151
  C:25B9H         LINE#         152
  C:25BFH         LINE#         153
  C:25C2H         LINE#         154
  C:25C9H         LINE#         155
  C:25C9H         LINE#         156
  C:25E4H         LINE#         157
  C:25E4H         LINE#         158
  C:25EAH         LINE#         159
  C:25EFH         LINE#         160
  C:25F2H         LINE#         161
  C:25F9H         LINE#         162
  C:25FFH         LINE#         164
  C:25FFH         LINE#         165
  -------         ENDPROC       POWERONCOMKEY
  -------         PROC          MAIN
  -------         DO            
  X:0268H         SYMBOL        dat
  -------         ENDDO         
  C:31E2H         LINE#         170
  C:31E2H         LINE#         171
  C:31E2H         LINE#         173
  C:31E5H         LINE#         174
  C:31ECH         LINE#         175
  C:31EFH         LINE#         176
  C:31F4H         LINE#         177
  C:31F7H         LINE#         178
  C:31F9H         LINE#         179
  C:31FCH         LINE#         180
  C:3203H         LINE#         181
  C:320CH         LINE#         182
  C:320CH         LINE#         183
  C:320CH         LINE#         184
  C:3212H         LINE#         185
  C:3212H         LINE#         186
  C:3215H         LINE#         187
  C:321BH         LINE#         188
BL51 BANKED LINKER/LOCATER V6.22                                                      06/02/2018  13:38:59  PAGE 16


  C:321BH         LINE#         189
  C:321EH         LINE#         190
  C:3221H         LINE#         191
  C:3224H         LINE#         192
  C:3227H         LINE#         193
  C:322AH         LINE#         194
  C:322DH         LINE#         195
  C:3238H         LINE#         196
  C:3243H         LINE#         197
  -------         ENDPROC       MAIN
  -------         ENDMOD        MAIN

  -------         MODULE        SYSTEM
  C:0000H         SYMBOL        _ICE_DUMMY_
  D:0080H         PUBLIC        P0
  D:0090H         PUBLIC        P1
  D:00A0H         PUBLIC        P2
  D:00B0H         PUBLIC        P3
  X:01A6H         PUBLIC        mMenu
  D:00BFH         PUBLIC        RTCDATA
  B:00A8H.7       PUBLIC        EA
  C:1D84H         PUBLIC        _Get_AD
  X:01B0H         PUBLIC        mCbParam
  D:00A8H         PUBLIC        IE
  C:3738H         PUBLIC        IO_Init
  D:0095H         PUBLIC        WPKEY
  C:412DH         PUBLIC        INT1_Init
  D:00C8H         PUBLIC        T2CON1
  C:3F45H         PUBLIC        systemCLK_init
  B:00D8H.2       PUBLIC        ADGO
  C:41CAH         PUBLIC        SystemInit
  D:00DAH         PUBLIC        ADRH
  X:01DCH         PUBLIC        mUartCmd
  X:01DDH         PUBLIC        mSysParam
  D:00D9H         PUBLIC        ADRL
  D:008EH         PUBLIC        BRCON0
  X:01F7H         PUBLIC        mSqParam
  D:008FH         PUBLIC        BRTIM0
  D:0089H         PUBLIC        TMOD
  D:0088H         PUBLIC        TCON
  B:0088H.3       PUBLIC        IE1
  D:0091H         PUBLIC        MCKDIV
  D:0092H         PUBLIC        MCKSEL
  C:3E41H         PUBLIC        LCD_Init
  B:00A8H.3       PUBLIC        ET1
  D:008CH         PUBLIC        TH0
  B:0088H.2       PUBLIC        IT1
  D:00BEH         PUBLIC        RTCSEL
  X:0200H         PUBLIC        mVoltageSend
  C:3E1BH         PUBLIC        initBEEP
  B:0088H.6       PUBLIC        TR1
  D:00FCH         PUBLIC        P0MDH
  D:00FDH         PUBLIC        P1MDH
  D:00FEH         PUBLIC        P2MDH
  D:00FFH         PUBLIC        P3MDH
  D:00ECH         PUBLIC        P0MDL
  D:00EDH         PUBLIC        P1MDL
BL51 BANKED LINKER/LOCATER V6.22                                                      06/02/2018  13:38:59  PAGE 17


  D:00EEH         PUBLIC        P2MDL
  D:0099H         PUBLIC        SBUF0
  C:4116H         PUBLIC        UART0_Init
  D:0098H         PUBLIC        SCON0
  X:0210H         PUBLIC        mReceivePackage
  D:00D8H         PUBLIC        ADCON
  D:00C0H         PUBLIC        IIC0CON
  C:4172H         PUBLIC        initTimer0
  D:0093H         PUBLIC        CLKEN
  X:0236H         PUBLIC        mTimer
  C:400EH         PUBLIC        _delayms
  D:00ACH         PUBLIC        EINTCS0
  C:43BCH         PUBLIC        _delayus
  -------         PROC          SYSTEMCLK_INIT
  C:3F45H         LINE#         37
  C:3F45H         LINE#         38
  C:3F45H         LINE#         39
  C:3F48H         LINE#         40
  C:3F4BH         LINE#         41
  C:3F50H         LINE#         42
  C:3F53H         LINE#         43
  C:3F56H         LINE#         44
  C:3F59H         LINE#         45
  C:3F5CH         LINE#         46
  C:3F5FH         LINE#         47
  C:3F66H         LINE#         49
  -------         ENDPROC       SYSTEMCLK_INIT
  -------         PROC          INITTIMER0
  C:4172H         LINE#         55
  C:4172H         LINE#         56
  C:4172H         LINE#         57
  C:4175H         LINE#         58
  C:417BH         LINE#         59
  C:417EH         LINE#         60
  C:4181H         LINE#         61
  C:4183H         LINE#         62
  C:4185H         LINE#         63
  C:4187H         LINE#         73
  -------         ENDPROC       INITTIMER0
  -------         PROC          IO_INIT
  C:3738H         LINE#         79
  C:3738H         LINE#         80
  C:3738H         LINE#         81
  C:373BH         LINE#         82
  C:373EH         LINE#         87
  C:3741H         LINE#         88
  C:3744H         LINE#         89
  C:3747H         LINE#         92
  C:374AH         LINE#         93
  C:374DH         LINE#         97
  C:3750H         LINE#         99
  C:3756H         LINE#         100
  C:375AH         LINE#         101
  C:3761H         LINE#         105
  C:3767H         LINE#         107
  C:376EH         LINE#         108
  C:3772H         LINE#         109
BL51 BANKED LINKER/LOCATER V6.22                                                      06/02/2018  13:38:59  PAGE 18


  C:3777H         LINE#         113
  C:377EH         LINE#         114
  C:3782H         LINE#         117
  -------         ENDPROC       IO_INIT
  -------         PROC          _DELAYMS
  D:0006H         SYMBOL        i
  -------         DO            
  D:0004H         SYMBOL        m
  D:0002H         SYMBOL        n
  -------         ENDDO         
  C:400EH         LINE#         126
  C:400EH         LINE#         127
  C:400EH         LINE#         130
  C:4018H         LINE#         131
  C:4018H         LINE#         132
  C:4026H         LINE#         133
  C:402DH         LINE#         134
  -------         ENDPROC       _DELAYMS
  -------         PROC          _DELAYUS
  D:0007H         SYMBOL        i
  C:43BCH         LINE#         140
  C:43BCH         LINE#         141
  C:43BCH         LINE#         142
  C:43BEH         LINE#         143
  -------         ENDPROC       _DELAYUS
  -------         PROC          INITBEEP
  C:3E1BH         LINE#         149
  C:3E1BH         LINE#         150
  C:3E1BH         LINE#         151
  C:3E22H         LINE#         152
  C:3E29H         LINE#         153
  C:3E30H         LINE#         154
  C:3E36H         LINE#         155
  C:3E3AH         LINE#         156
  C:3E3DH         LINE#         157
  C:3E40H         LINE#         158
  -------         ENDPROC       INITBEEP
  -------         PROC          UART0_INIT
  C:4116H         LINE#         164
  C:4116H         LINE#         165
  C:4116H         LINE#         166
  C:411DH         LINE#         167
  C:4120H         LINE#         168
  C:4123H         LINE#         169
  C:4126H         LINE#         170
  C:4129H         LINE#         171
  C:412CH         LINE#         172
  -------         ENDPROC       UART0_INIT
  -------         PROC          INT1_INIT
  C:412DH         LINE#         185
  C:412DH         LINE#         186
  C:412DH         LINE#         187
  C:412FH         LINE#         188
  C:4136H         LINE#         189
  C:4138H         LINE#         190
  C:413BH         LINE#         191
  C:413DH         LINE#         192
BL51 BANKED LINKER/LOCATER V6.22                                                      06/02/2018  13:38:59  PAGE 19


  C:4140H         LINE#         193
  C:4143H         LINE#         195
  -------         ENDPROC       INT1_INIT
  -------         PROC          LCD_INIT
  C:3E41H         LINE#         196
  C:3E41H         LINE#         197
  C:3E41H         LINE#         198
  C:3E44H         LINE#         199
  C:3E47H         LINE#         200
  C:3E4AH         LINE#         201
  C:3E50H         LINE#         202
  C:3E56H         LINE#         203
  C:3E5CH         LINE#         204
  C:3E62H         LINE#         208
  C:3E66H         LINE#         209
  -------         ENDPROC       LCD_INIT
  -------         PROC          SYSTEMINIT
  C:41CAH         LINE#         212
  C:41CAH         LINE#         213
  C:41CAH         LINE#         214
  C:41CDH         LINE#         215
  C:41D0H         LINE#         216
  C:41D3H         LINE#         217
  C:41D6H         LINE#         218
  C:41D9H         LINE#         220
  C:41DCH         LINE#         221
  C:41DEH         LINE#         224
  -------         ENDPROC       SYSTEMINIT
  -------         PROC          _GET_AD
  D:0007H         SYMBOL        AD_IO
  -------         DO            
  X:026CH         SYMBOL        i
  D:0002H         SYMBOL        j
  X:026EH         SYMBOL        temp
  X:0272H         SYMBOL        val
  -------         ENDDO         
  C:1D84H         LINE#         226
  C:1D84H         LINE#         227
  C:1D84H         LINE#         232
  C:1D96H         LINE#         233
  C:1D96H         LINE#         234
  C:1D96H         LINE#         235
  C:1D9CH         LINE#         236
  C:1D9FH         LINE#         237
  C:1DA1H         LINE#         238
  C:1DA1H         LINE#         239
  C:1DA7H         LINE#         240
  C:1DAAH         LINE#         241
  C:1DACH         LINE#         242
  C:1DACH         LINE#         243
  C:1DB2H         LINE#         244
  C:1DB5H         LINE#         245
  C:1DB7H         LINE#         246
  C:1DB7H         LINE#         247
  C:1DBDH         LINE#         248
  C:1DC0H         LINE#         249
  C:1DC2H         LINE#         250
BL51 BANKED LINKER/LOCATER V6.22                                                      06/02/2018  13:38:59  PAGE 20


  C:1DC2H         LINE#         251
  C:1DC8H         LINE#         252
  C:1DCBH         LINE#         253
  C:1DCBH         LINE#         254
  C:1DCBH         LINE#         255
  C:1DCBH         LINE#         256
  C:1DCBH         LINE#         258
  C:1DD0H         LINE#         259
  C:1DD7H         LINE#         260
  C:1DD7H         LINE#         261
  C:1DD9H         LINE#         262
  C:1DDCH         LINE#         263
  C:1DFFH         LINE#         264
  C:1E19H         LINE#         265
  C:1E20H         LINE#         266
  C:1E20H         LINE#         267
  C:1E3DH         LINE#         268
  C:1E3DH         LINE#         269
  C:1E67H         LINE#         270
  C:1E67H         LINE#         271
  C:1E86H         LINE#         272
  C:1EABH         LINE#         273
  C:1ECFH         LINE#         274
  C:1ECFH         LINE#         275
  C:1ED7H         LINE#         276
  C:1EF4H         LINE#         277
  C:1EFEH         LINE#         278
  C:1F07H         LINE#         279
  C:1F07H         LINE#         280
  C:1F46H         LINE#         281
  C:1F60H         LINE#         282
  C:1F7DH         LINE#         283
  C:1F89H         LINE#         284
  -------         ENDPROC       _GET_AD
  -------         ENDMOD        SYSTEM

  -------         MODULE        AT24C08
  C:0000H         SYMBOL        _ICE_DUMMY_
  D:0080H         PUBLIC        P0
  D:0090H         PUBLIC        P1
  D:00A0H         PUBLIC        P2
  D:00B0H         PUBLIC        P3
  D:00C8H         PUBLIC        T2CON1
  C:3246H         PUBLIC        _eepromWritePage
  C:001EH         PUBLIC        initAt24c08
  C:39C9H         PUBLIC        _eepromReadByte
  C:2A83H         PUBLIC        _eepromReadSequential
  C:3AD1H         PUBLIC        _eepromWriteByte
  D:0098H         PUBLIC        SCON0
  D:00D8H         PUBLIC        ADCON
  D:00C0H         PUBLIC        IIC0CON
  -------         PROC          INITAT24C08
  C:001EH         LINE#         15
  C:001EH         LINE#         16
  C:001EH         LINE#         17
  C:0021H         LINE#         18
  -------         ENDPROC       INITAT24C08
BL51 BANKED LINKER/LOCATER V6.22                                                      06/02/2018  13:38:59  PAGE 21


  -------         PROC          _EEPROMWRITEBYTE
  X:026DH         SYMBOL        page
  X:026EH         SYMBOL        addr
  X:026FH         SYMBOL        value
  C:3AD1H         LINE#         25
  C:3ADCH         LINE#         26
  C:3ADCH         LINE#         27
  C:3ADFH         LINE#         28
  C:3AE7H         LINE#         29
  C:3AEAH         LINE#         30
  C:3AF2H         LINE#         31
  C:3AF5H         LINE#         32
  C:3AFDH         LINE#         33
  C:3B00H         LINE#         34
  C:3B03H         LINE#         35
  C:3B0AH         LINE#         39
  -------         ENDPROC       _EEPROMWRITEBYTE
  -------         PROC          _EEPROMWRITEPAGE
  X:026AH         SYMBOL        p_value
  X:026DH         SYMBOL        page
  X:026EH         SYMBOL        addr
  X:026FH         SYMBOL        len
  -------         DO            
  X:0270H         SYMBOL        i
  -------         ENDDO         
  C:3246H         LINE#         41
  C:3254H         LINE#         42
  C:3254H         LINE#         44
  C:3257H         LINE#         45
  C:325FH         LINE#         46
  C:3262H         LINE#         47
  C:326AH         LINE#         48
  C:326DH         LINE#         49
  C:327DH         LINE#         50
  C:327DH         LINE#         51
  C:3294H         LINE#         52
  C:3297H         LINE#         53
  C:329FH         LINE#         54
  C:32A2H         LINE#         55
  C:32A9H         LINE#         56
  -------         ENDPROC       _EEPROMWRITEPAGE
  -------         PROC          _EEPROMREADBYTE
  X:026BH         SYMBOL        page
  X:026CH         SYMBOL        addr
  -------         DO            
  X:026DH         SYMBOL        value
  -------         ENDDO         
  C:39C9H         LINE#         64
  C:39D1H         LINE#         65
  C:39D1H         LINE#         67
  C:39D4H         LINE#         68
  C:39DCH         LINE#         69
  C:39DFH         LINE#         70
  C:39E7H         LINE#         71
  C:39EAH         LINE#         72
  C:39EDH         LINE#         73
  C:39F7H         LINE#         74
BL51 BANKED LINKER/LOCATER V6.22                                                      06/02/2018  13:38:59  PAGE 22


  C:39FAH         LINE#         75
  C:3A02H         LINE#         76
  C:3A05H         LINE#         77
  C:3A08H         LINE#         78
  C:3A0DH         LINE#         79
  -------         ENDPROC       _EEPROMREADBYTE
  -------         PROC          _EEPROMREADSEQUENTIAL
  X:026AH         SYMBOL        p_data
  X:026DH         SYMBOL        page
  X:026EH         SYMBOL        addr
  X:026FH         SYMBOL        length
  -------         DO            
  X:0270H         SYMBOL        i
  -------         ENDDO         
  C:2A83H         LINE#         80
  C:2A91H         LINE#         81
  C:2A91H         LINE#         83
  C:2A94H         LINE#         84
  C:2A9CH         LINE#         85
  C:2A9FH         LINE#         86
  C:2AA7H         LINE#         87
  C:2AAAH         LINE#         88
  C:2AADH         LINE#         89
  C:2AB7H         LINE#         90
  C:2ABAH         LINE#         91
  C:2AD9H         LINE#         92
  C:2AD9H         LINE#         93
  C:2AF6H         LINE#         94
  C:2AF9H         LINE#         95
  C:2B09H         LINE#         96
  C:2B26H         LINE#         97
  C:2B29H         LINE#         98
  C:2B2CH         LINE#         99
  -------         ENDPROC       _EEPROMREADSEQUENTIAL
  -------         ENDMOD        AT24C08

  -------         MODULE        UART
  C:0000H         SYMBOL        _ICE_DUMMY_
  C:3DA6H         PUBLIC        reciveData
  D:0080H         PUBLIC        P0
  D:0090H         PUBLIC        P1
  D:00A0H         PUBLIC        P2
  D:00B0H         PUBLIC        P3
  X:023EH         PUBLIC        connReSureCode
  X:023FH         PUBLIC        connReciveCode
  C:435FH         PUBLIC        _uart0SendByte
  B:00A8H.4       PUBLIC        ES
  C:3115H         PUBLIC        getVoltage
  D:00C8H         PUBLIC        T2CON1
  B:0098H.0       PUBLIC        RI
  B:0098H.1       PUBLIC        TI
  C:32AAH         PUBLIC        returnData
  C:3A52H         PUBLIC        UART_EVENT
  X:0240H         PUBLIC        readSendCode
  X:0241H         PUBLIC        connReciveSure
  X:0249H         PUBLIC        writeSendCode
  X:024AH         PUBLIC        connSendCode
BL51 BANKED LINKER/LOCATER V6.22                                                      06/02/2018  13:38:59  PAGE 23


  X:0252H         PUBLIC        uartAddr
  X:0253H         PUBLIC        uartPage
  C:433BH         PUBLIC        analyseCMD
  X:0254H         PUBLIC        eeprombuf
  C:1857H         PUBLIC        Uart0
  B:0088H.6       PUBLIC        TR1
  X:0264H         PUBLIC        connSendSure
  D:0099H         PUBLIC        SBUF0
  D:0098H         PUBLIC        SCON0
  D:00D8H         PUBLIC        ADCON
  D:00C0H         PUBLIC        IIC0CON
  X:0265H         PUBLIC        isConn
  C:29D8H         PUBLIC        sendCommand
  C:40FBH         PUBLIC        _uart0SendData
  -------         PROC          _UART0SENDBYTE
  D:0007H         SYMBOL        dat
  C:435FH         LINE#         31
  C:435FH         LINE#         32
  C:435FH         LINE#         33
  C:4361H         LINE#         34
  C:4364H         LINE#         35
  C:4366H         LINE#         36
  -------         ENDPROC       _UART0SENDBYTE
  -------         PROC          _UART0SENDDATA
  D:0001H         SYMBOL        p
  D:0005H         SYMBOL        length
  C:40FBH         LINE#         42
  C:40FBH         LINE#         43
  C:40FBH         LINE#         44
  C:40FDH         LINE#         45
  C:4103H         LINE#         46
  C:4103H         LINE#         47
  C:410AH         LINE#         48
  C:4111H         LINE#         49
  C:4113H         LINE#         50
  C:4115H         LINE#         51
  -------         ENDPROC       _UART0SENDDATA
  -------         PROC          GETVOLTAGE
  -------         DO            
  D:0004H         SYMBOL        val
  -------         ENDDO         
  C:3115H         LINE#         53
  C:3115H         LINE#         54
  C:3115H         LINE#         56
  C:3122H         LINE#         57
  C:312FH         LINE#         58
  C:313CH         LINE#         59
  C:3149H         LINE#         60
  C:3156H         LINE#         61
  C:315DH         LINE#         62
  C:3169H         LINE#         63
  C:3173H         LINE#         64
  C:317BH         LINE#         65
  -------         ENDPROC       GETVOLTAGE
  -------         PROC          SENDCOMMAND
  -------         DO            
  D:0004H         SYMBOL        i
BL51 BANKED LINKER/LOCATER V6.22                                                      06/02/2018  13:38:59  PAGE 24


  -------         ENDDO         
  C:29D8H         LINE#         69
  C:29D8H         LINE#         70
  C:29D8H         LINE#         72
  C:29DBH         LINE#         73
  C:29E1H         LINE#         74
  C:29EEH         LINE#         75
  C:29F1H         LINE#         76
  C:29FEH         LINE#         77
  C:2A01H         LINE#         78
  C:2A0EH         LINE#         79
  C:2A11H         LINE#         80
  C:2A1EH         LINE#         81
  C:2A21H         LINE#         82
  C:2A2EH         LINE#         83
  C:2A31H         LINE#         84
  C:2A3BH         LINE#         85
  C:2A45H         LINE#         86
  C:2A4FH         LINE#         87
  C:2A52H         LINE#         88
  C:2A54H         LINE#         89
  C:2A54H         LINE#         90
  C:2A6BH         LINE#         91
  C:2A70H         LINE#         92
  C:2A77H         LINE#         93
  C:2A82H         LINE#         94
  -------         ENDPROC       SENDCOMMAND
  -------         PROC          RETURNDATA
  -------         DO            
  D:0007H         SYMBOL        i
  -------         ENDDO         
  C:32AAH         LINE#         97
  C:32AAH         LINE#         98
  C:32AAH         LINE#         100
  C:32B2H         LINE#         101
  C:32BBH         LINE#         102
  C:32C4H         LINE#         103
  C:32CDH         LINE#         104
  C:32DEH         LINE#         105
  C:32E0H         LINE#         106
  C:32E0H         LINE#         107
  C:32F8H         LINE#         108
  C:32FDH         LINE#         109
  C:330DH         LINE#         110
  -------         ENDPROC       RETURNDATA
  -------         PROC          RECIVEDATA
  C:3DA6H         LINE#         111
  C:3DA6H         LINE#         112
  C:3DA6H         LINE#         113
  C:3DC4H         LINE#         114
  C:3DCCH         LINE#         115
  -------         ENDPROC       RECIVEDATA
  -------         PROC          UART_EVENT
  C:3A52H         LINE#         117
  C:3A52H         LINE#         118
  C:3A52H         LINE#         119
  C:3A66H         LINE#         120
BL51 BANKED LINKER/LOCATER V6.22                                                      06/02/2018  13:38:59  PAGE 25


  C:3A6DH         LINE#         121
  C:3A6DH         LINE#         122
  C:3A70H         LINE#         123
  C:3A75H         LINE#         124
  C:3A75H         LINE#         125
  C:3A7CH         LINE#         126
  C:3A7CH         LINE#         127
  C:3A7FH         LINE#         128
  C:3A84H         LINE#         129
  C:3A84H         LINE#         130
  C:3A8AH         LINE#         131
  C:3A8AH         LINE#         132
  C:3A8DH         LINE#         133
  C:3A92H         LINE#         134
  C:3A92H         LINE#         137
  -------         ENDPROC       UART_EVENT
  -------         PROC          ANALYSECMD
  C:433BH         LINE#         144
  C:433BH         LINE#         145
  C:433BH         LINE#         146
  C:4343H         LINE#         147
  -------         ENDPROC       ANALYSECMD
  -------         PROC          UART0
  -------         DO            
  X:0266H         SYMBOL        dat
  X:0267H         SYMBOL        i
  -------         ENDDO         
  C:1857H         LINE#         149
  C:1870H         LINE#         151
  C:1875H         LINE#         152
  C:1877H         LINE#         153
  C:187DH         LINE#         154
  C:187DH         LINE#         155
  C:187FH         LINE#         156
  C:1881H         LINE#         157
  C:1883H         LINE#         158
  C:1889H         LINE#         160
  C:188FH         LINE#         161
  C:18B9H         LINE#         162
  C:18B9H         LINE#         163
  C:18B9H         LINE#         164
  C:18C8H         LINE#         165
  C:18C8H         LINE#         166
  C:18CEH         LINE#         167
  C:18DDH         LINE#         168
  C:18E3H         LINE#         169
  C:18E6H         LINE#         170
  C:18EEH         LINE#         171
  C:18EEH         LINE#         172
  C:1902H         LINE#         173
  C:1908H         LINE#         174
  C:1910H         LINE#         175
  C:1910H         LINE#         176
  C:1914H         LINE#         177
  C:1914H         LINE#         178
  C:1932H         LINE#         179
  C:1932H         LINE#         180
BL51 BANKED LINKER/LOCATER V6.22                                                      06/02/2018  13:38:59  PAGE 26


  C:193AH         LINE#         182
  C:193AH         LINE#         183
  C:1944H         LINE#         184
  C:194CH         LINE#         185
  C:1952H         LINE#         186
  C:1955H         LINE#         187
  C:1955H         LINE#         188
  C:1955H         LINE#         190
  C:1958H         LINE#         191
  C:1958H         LINE#         192
  C:1965H         LINE#         193
  C:1965H         LINE#         195
  C:1970H         LINE#         196
  C:1973H         LINE#         197
  C:197DH         LINE#         198
  C:197DH         LINE#         199
  C:1983H         LINE#         200
  C:1986H         LINE#         202
  C:198EH         LINE#         203
  C:198EH         LINE#         204
  C:1991H         LINE#         205
  C:1991H         LINE#         206
  C:19A5H         LINE#         207
  C:19A5H         LINE#         208
  C:19A5H         LINE#         209
  C:19B2H         LINE#         210
  C:19B2H         LINE#         211
  C:19B8H         LINE#         212
  C:19BEH         LINE#         213
  C:19C0H         LINE#         214
  C:19C7H         LINE#         215
  C:19C7H         LINE#         216
  C:19CCH         LINE#         217
  C:19D1H         LINE#         218
  C:19D3H         LINE#         220
  C:19D3H         LINE#         221
  C:19D8H         LINE#         222
  C:19DAH         LINE#         223
  C:19DAH         LINE#         225
  C:19E5H         LINE#         226
  C:19E5H         LINE#         227
  C:19EBH         LINE#         228
  C:19EBH         LINE#         229
  C:19EEH         LINE#         230
  C:19EEH         LINE#         231
  C:19F6H         LINE#         232
  C:19FCH         LINE#         233
  C:19FFH         LINE#         234
  C:19FFH         LINE#         235
  C:1A07H         LINE#         236
  C:1A0DH         LINE#         237
  C:1A10H         LINE#         238
  C:1A10H         LINE#         239
  C:1A18H         LINE#         240
  C:1A1FH         LINE#         241
  C:1A1FH         LINE#         242
  C:1A25H         LINE#         243
BL51 BANKED LINKER/LOCATER V6.22                                                      06/02/2018  13:38:59  PAGE 27


  C:1A28H         LINE#         244
  C:1A2BH         LINE#         245
  C:1A33H         LINE#         246
  C:1A33H         LINE#         247
  C:1A38H         LINE#         248
  C:1A3DH         LINE#         249
  C:1A3DH         LINE#         250
  C:1A40H         LINE#         251
  C:1A40H         LINE#         252
  C:1A43H         LINE#         253
  C:1A43H         LINE#         254
  C:1A51H         LINE#         255
  C:1A51H         LINE#         256
  C:1A62H         LINE#         257
  C:1A68H         LINE#         258
  C:1A70H         LINE#         259
  C:1A70H         LINE#         260
  C:1A75H         LINE#         261
  C:1A7AH         LINE#         262
  C:1A7DH         LINE#         263
  C:1A7DH         LINE#         264
  C:1A80H         LINE#         266
  C:1A80H         LINE#         267
  C:1A85H         LINE#         268
  C:1A87H         LINE#         269
  C:1A87H         LINE#         270
  C:1A8AH         LINE#         271
  C:1A8AH         LINE#         272
  C:1A9FH         LINE#         273
  C:1AA3H         LINE#         274
  C:1AA3H         LINE#         275
  C:1AA9H         LINE#         276
  C:1AA9H         LINE#         277
  C:1AACH         LINE#         278
  C:1AB1H         LINE#         279
  C:1AB3H         LINE#         281
  C:1AB3H         LINE#         282
  C:1AB9H         LINE#         283
  C:1AB9H         LINE#         284
  C:1AB9H         LINE#         285
  C:1ABFH         LINE#         286
  C:1AC2H         LINE#         287
  C:1AC2H         LINE#         288
  C:1AD7H         LINE#         289
  C:1ADBH         LINE#         290
  C:1ADBH         LINE#         291
  C:1AE6H         LINE#         292
  C:1AE6H         LINE#         293
  C:1AF4H         LINE#         294
  C:1AF4H         LINE#         295
  C:1AF9H         LINE#         296
  C:1B17H         LINE#         297
  C:1B17H         LINE#         298
  C:1B2EH         LINE#         299
  C:1B34H         LINE#         300
  C:1B3CH         LINE#         301
  C:1B4BH         LINE#         302
BL51 BANKED LINKER/LOCATER V6.22                                                      06/02/2018  13:38:59  PAGE 28


  C:1B4BH         LINE#         303
  C:1B4EH         LINE#         304
  C:1B53H         LINE#         305
  C:1B53H         LINE#         306
  C:1B53H         LINE#         308
  C:1B59H         LINE#         309
  C:1B59H         LINE#         310
  C:1B59H         LINE#         311
  C:1B59H         LINE#         312
  C:1B59H         LINE#         313
  -------         ENDPROC       UART0
  -------         ENDMOD        UART

  -------         MODULE        BK4802
  C:0000H         SYMBOL        _ICE_DUMMY_
  C:3F21H         PUBLIC        BK_Start
  D:0080H         PUBLIC        P0
  D:0090H         PUBLIC        P1
  D:00A0H         PUBLIC        P2
  D:00B0H         PUBLIC        P3
  C:3E8DH         PUBLIC        BK_Stop
  D:00C8H         PUBLIC        T2CON1
  C:2443H         PUBLIC        Init_RX
  C:437CH         PUBLIC        BK4802_ASQ
  C:4376H         PUBLIC        BK4802_RssiAndSnr
  X:02A4H         PUBLIC        ack
  B:0090H.0       PUBLIC        P10
  B:0090H.2       PUBLIC        P12
  B:0090H.6       PUBLIC        P16
  C:0022H         PUBLIC        BK4802_SLEEP
  C:3C5CH         PUBLIC        BK_ACK
  X:02A5H         PUBLIC        isSecess
  C:406CH         PUBLIC        BK4802_Init
  C:364CH         PUBLIC        BK_Read_Ack
  C:30A2H         PUBLIC        BK_Read_Byte
  D:0098H         PUBLIC        SCON0
  D:00D8H         PUBLIC        ADCON
  C:43A0H         PUBLIC        BK4802_RX
  D:00C0H         PUBLIC        IIC0CON
  C:36EBH         PUBLIC        BK4802_TX
  C:369CH         PUBLIC        _BK_Read_Reg
  C:3C30H         PUBLIC        BK4802_IOInit
  C:35F9H         PUBLIC        _BK_Write_Byte
  C:3DCDH         PUBLIC        BK4802_TXtoRX
  C:404EH         PUBLIC        BK4802_RXtoTX
  C:3A0EH         PUBLIC        _BK_Write_Reg
  C:3C86H         PUBLIC        BK_NoACK
  -------         PROC          BK_START
  C:3F21H         LINE#         32
  C:3F21H         LINE#         33
  C:3F21H         LINE#         34
  C:3F28H         LINE#         35
  C:3F2CH         LINE#         36
  C:3F31H         LINE#         37
  C:3F38H         LINE#         38
  C:3F3DH         LINE#         39
  C:3F44H         LINE#         40
BL51 BANKED LINKER/LOCATER V6.22                                                      06/02/2018  13:38:59  PAGE 29


  -------         ENDPROC       BK_START
  -------         PROC          BK_STOP
  C:3E8DH         LINE#         46
  C:3E8DH         LINE#         47
  C:3E8DH         LINE#         48
  C:3E94H         LINE#         49
  C:3E99H         LINE#         50
  C:3EA0H         LINE#         51
  C:3EA5H         LINE#         52
  C:3EACH         LINE#         53
  C:3EB1H         LINE#         54
  -------         ENDPROC       BK_STOP
  -------         PROC          BK_READ_ACK
  -------         DO            
  X:0271H         SYMBOL        tempTime
  -------         ENDDO         
  C:364CH         LINE#         60
  C:364CH         LINE#         61
  C:364CH         LINE#         62
  C:3651H         LINE#         63
  C:3658H         LINE#         64
  C:3661H         LINE#         65
  C:3668H         LINE#         66
  C:366DH         LINE#         67
  C:3672H         LINE#         68
  C:3682H         LINE#         69
  C:3689H         LINE#         70
  C:3694H         LINE#         71
  C:3699H         LINE#         72
  C:369BH         LINE#         73
  -------         ENDPROC       BK_READ_ACK
  -------         PROC          BK_ACK
  C:3C5CH         LINE#         79
  C:3C5CH         LINE#         80
  C:3C5CH         LINE#         82
  C:3C61H         LINE#         83
  C:3C68H         LINE#         84
  C:3C6DH         LINE#         85
  C:3C74H         LINE#         86
  C:3C79H         LINE#         87
  C:3C80H         LINE#         88
  C:3C85H         LINE#         89
  -------         ENDPROC       BK_ACK
  -------         PROC          BK_NOACK
  C:3C86H         LINE#         90
  C:3C86H         LINE#         91
  C:3C86H         LINE#         93
  C:3C8BH         LINE#         94
  C:3C92H         LINE#         95
  C:3C97H         LINE#         96
  C:3C9EH         LINE#         97
  C:3CA3H         LINE#         98
  C:3CAAH         LINE#         99
  C:3CAFH         LINE#         100
  -------         ENDPROC       BK_NOACK
  -------         PROC          _BK_WRITE_BYTE
  X:0271H         SYMBOL        value
BL51 BANKED LINKER/LOCATER V6.22                                                      06/02/2018  13:38:59  PAGE 30


  -------         DO            
  X:0272H         SYMBOL        i
  -------         ENDDO         
  C:35F9H         LINE#         106
  C:35FEH         LINE#         107
  C:35FEH         LINE#         109
  C:3605H         LINE#         110
  C:360AH         LINE#         111
  C:360AH         LINE#         112
  C:3611H         LINE#         113
  C:3611H         LINE#         114
  C:3618H         LINE#         115
  C:361AH         LINE#         117
  C:361AH         LINE#         118
  C:3621H         LINE#         119
  C:3621H         LINE#         120
  C:3626H         LINE#         121
  C:362DH         LINE#         122
  C:3632H         LINE#         123
  C:3639H         LINE#         125
  C:3641H         LINE#         126
  C:364BH         LINE#         127
  -------         ENDPROC       _BK_WRITE_BYTE
  -------         PROC          BK_READ_BYTE
  -------         DO            
  X:026DH         SYMBOL        i
  X:026EH         SYMBOL        temp
  -------         ENDDO         
  C:30A2H         LINE#         133
  C:30A2H         LINE#         134
  C:30A2H         LINE#         135
  C:30A7H         LINE#         136
  C:30AEH         LINE#         137
  C:30B7H         LINE#         138
  C:30BCH         LINE#         139
  C:30C1H         LINE#         140
  C:30C1H         LINE#         141
  C:30C9H         LINE#         142
  C:30D9H         LINE#         143
  C:30D9H         LINE#         144
  C:30E0H         LINE#         145
  C:30E0H         LINE#         146
  C:30E7H         LINE#         147
  C:30ECH         LINE#         148
  C:30F3H         LINE#         149
  C:30F8H         LINE#         150
  C:3104H         LINE#         151
  C:310FH         LINE#         152
  C:3114H         LINE#         153
  -------         ENDPROC       BK_READ_BYTE
  -------         PROC          _BK_WRITE_REG
  X:026EH         SYMBOL        addr
  X:026FH         SYMBOL        value
  C:3A0EH         LINE#         159
  C:3A19H         LINE#         160
  C:3A19H         LINE#         161
  C:3A1CH         LINE#         162
BL51 BANKED LINKER/LOCATER V6.22                                                      06/02/2018  13:38:59  PAGE 31


  C:3A21H         LINE#         163
  C:3A24H         LINE#         164
  C:3A2CH         LINE#         165
  C:3A2FH         LINE#         166
  C:3A37H         LINE#         167
  C:3A3AH         LINE#         168
  C:3A44H         LINE#         169
  C:3A47H         LINE#         170
  C:3A4AH         LINE#         171
  C:3A51H         LINE#         172
  -------         ENDPROC       _BK_WRITE_REG
  -------         PROC          _BK_READ_REG
  X:026AH         SYMBOL        addr
  -------         DO            
  D:0006H         SYMBOL        value
  X:026BH         SYMBOL        val1
  X:026CH         SYMBOL        val2
  -------         ENDDO         
  C:369CH         LINE#         179
  C:36A1H         LINE#         180
  C:36A1H         LINE#         183
  C:36A4H         LINE#         184
  C:36A9H         LINE#         185
  C:36ACH         LINE#         186
  C:36B4H         LINE#         187
  C:36B7H         LINE#         188
  C:36BAH         LINE#         189
  C:36BFH         LINE#         190
  C:36C2H         LINE#         191
  C:36CAH         LINE#         192
  C:36CDH         LINE#         193
  C:36D5H         LINE#         194
  C:36D8H         LINE#         195
  C:36DBH         LINE#         196
  C:36EAH         LINE#         197
  C:36EAH         LINE#         198
  -------         ENDPROC       _BK_READ_REG
  -------         PROC          BK4802_IOINIT
  C:3C30H         LINE#         199
  C:3C30H         LINE#         200
  C:3C30H         LINE#         201
  C:3C37H         LINE#         202
  C:3C3CH         LINE#         203
  C:3C43H         LINE#         205
  C:3C48H         LINE#         206
  C:3C4FH         LINE#         207
  C:3C54H         LINE#         208
  C:3C5BH         LINE#         209
  -------         ENDPROC       BK4802_IOINIT
  -------         PROC          INIT_RX
  C:2443H         LINE#         215
  C:2443H         LINE#         216
  C:2443H         LINE#         220
  C:244CH         LINE#         228
  C:2455H         LINE#         229
  C:245EH         LINE#         230
  C:2467H         LINE#         231
BL51 BANKED LINKER/LOCATER V6.22                                                      06/02/2018  13:38:59  PAGE 32


  C:2470H         LINE#         232
  C:2479H         LINE#         233
  C:2482H         LINE#         240
  C:248BH         LINE#         248
  C:2494H         LINE#         254
  C:249DH         LINE#         263
  C:24A6H         LINE#         268
  C:24AFH         LINE#         269
  C:24B8H         LINE#         270
  C:24C1H         LINE#         271
  C:24CAH         LINE#         272
  C:24D3H         LINE#         277
  C:24DCH         LINE#         278
  C:24E5H         LINE#         279
  C:24EEH         LINE#         282
  C:24F4H         LINE#         283
  C:24F4H         LINE#         284
  C:24FCH         LINE#         285
  C:24FEH         LINE#         287
  C:24FEH         LINE#         288
  C:2507H         LINE#         289
  C:2507H         LINE#         291
  C:2514H         LINE#         292
  C:2521H         LINE#         295
  -------         ENDPROC       INIT_RX
  -------         PROC          BK4802_RX
  C:43A0H         LINE#         296
  C:43A0H         LINE#         297
  C:43A0H         LINE#         298
  C:43A3H         LINE#         299
  -------         ENDPROC       BK4802_RX
  -------         PROC          BK4802_TX
  C:36EBH         LINE#         302
  C:36EBH         LINE#         303
  C:36EBH         LINE#         304
  C:36EDH         LINE#         305
  C:36F4H         LINE#         306
  C:36FDH         LINE#         315
  C:370AH         LINE#         316
  C:370AH         LINE#         317
  C:3712H         LINE#         318
  C:3714H         LINE#         320
  C:3714H         LINE#         321
  C:371DH         LINE#         322
  C:371DH         LINE#         323
  C:372AH         LINE#         324
  C:3737H         LINE#         325
  -------         ENDPROC       BK4802_TX
  -------         PROC          BK4802_INIT
  C:406CH         LINE#         333
  C:406CH         LINE#         334
  C:406CH         LINE#         335
  C:406FH         LINE#         336
  C:4071H         LINE#         337
  C:4073H         LINE#         338
  C:4075H         LINE#         339
  C:407CH         LINE#         340
BL51 BANKED LINKER/LOCATER V6.22                                                      06/02/2018  13:38:59  PAGE 33


  C:407FH         LINE#         341
  C:4081H         LINE#         342
  C:4083H         LINE#         343
  C:4088H         LINE#         344
  -------         ENDPROC       BK4802_INIT
  -------         PROC          BK4802_RXTOTX
  C:404EH         LINE#         345
  C:404EH         LINE#         346
  C:404EH         LINE#         347
  C:4055H         LINE#         348
  C:4059H         LINE#         349
  C:405DH         LINE#         350
  C:4060H         LINE#         351
  C:4067H         LINE#         352
  C:4069H         LINE#         353
  C:406BH         LINE#         354
  -------         ENDPROC       BK4802_RXTOTX
  -------         PROC          BK4802_TXTORX
  C:3DCDH         LINE#         356
  C:3DCDH         LINE#         357
  C:3DCDH         LINE#         358
  C:3DD0H         LINE#         359
  C:3DD7H         LINE#         360
  C:3DD7H         LINE#         362
  C:3DDAH         LINE#         363
  C:3DDCH         LINE#         365
  C:3DDCH         LINE#         366
  C:3DE3H         LINE#         370
  C:3DE5H         LINE#         371
  C:3DECH         LINE#         372
  C:3DEFH         LINE#         373
  C:3DEFH         LINE#         375
  C:3DF1H         LINE#         376
  C:3DF3H         LINE#         377
  -------         ENDPROC       BK4802_TXTORX
  -------         PROC          BK4802_SLEEP
  C:0022H         LINE#         379
  C:0022H         LINE#         380
  C:0022H         LINE#         382
  -------         ENDPROC       BK4802_SLEEP
  -------         PROC          BK4802_RSSIANDSNR
  -------         DO            
  D:0006H         SYMBOL        val
  -------         ENDDO         
  C:4376H         LINE#         384
  C:4376H         LINE#         385
  C:4376H         LINE#         387
  C:437BH         LINE#         388
  C:437BH         LINE#         389
  -------         ENDPROC       BK4802_RSSIANDSNR
  -------         PROC          BK4802_ASQ
  C:437CH         LINE#         390
  C:437CH         LINE#         391
  C:437CH         LINE#         392
  C:4381H         LINE#         393
  -------         ENDPROC       BK4802_ASQ
  -------         ENDMOD        BK4802
BL51 BANKED LINKER/LOCATER V6.22                                                      06/02/2018  13:38:59  PAGE 34



  -------         MODULE        LCDSET
  C:0000H         SYMBOL        _ICE_DUMMY_
  D:0080H         PUBLIC        P0
  C:422BH         PUBLIC        _LCD_M
  D:0090H         PUBLIC        P1
  D:00A0H         PUBLIC        P2
  D:00B0H         PUBLIC        P3
  C:4277H         PUBLIC        _LCD_R
  C:415BH         PUBLIC        LCD_ALL
  C:37C3H         PUBLIC        lock_ecode
  C:3783H         PUBLIC        Num_Code
  C:37C5H         PUBLIC        power_ecode
  D:00C8H         PUBLIC        T2CON1
  C:41DFH         PUBLIC        _LCD_ASQ
  C:4188H         PUBLIC        LCD_CLEAR
  C:3816H         PUBLIC        _LCD_TABLE
  C:27AFH         PUBLIC        _LCD_STRENGTH
  C:4205H         PUBLIC        _LCD_PTY
  C:41F2H         PUBLIC        _LCD_VOX
  C:385FH         PUBLIC        _LCD_COLOR
  C:3BD6H         PUBLIC        LCD_RESET
  C:37C9H         PUBLIC        buttontone_ecode
  C:4367H         PUBLIC        LCD_OtherContry
  C:431AH         PUBLIC        LCD_DE
  C:42F6H         PUBLIC        LCD_AM
  C:302DH         PUBLIC        _LCD_POWER
  C:42EAH         PUBLIC        LCD_FM
  C:423EH         PUBLIC        _LCD_SC
  C:3A93H         PUBLIC        _LCD_BUTTONTONE
  C:429DH         PUBLIC        _LCD_NL
  C:430EH         PUBLIC        LCD_EU
  C:4302H         PUBLIC        LCD_UK
  C:3B3FH         PUBLIC        _LCD_NUM1
  C:3B72H         PUBLIC        _LCD_NUM2
  C:4251H         PUBLIC        _LCD_WL
  C:37CDH         PUBLIC        _LCD_LOCK
  C:4264H         PUBLIC        _LCD_RX
  C:4218H         PUBLIC        _LCD_TX
  D:0098H         PUBLIC        SCON0
  D:00D8H         PUBLIC        ADCON
  D:00C0H         PUBLIC        IIC0CON
  C:2FB8H         PUBLIC        _LCD_COUNTRY
  C:4144H         PUBLIC        LCD_NUM_CLEAR
  C:428AH         PUBLIC        _LCD_H
  C:378DH         PUBLIC        country_ecode
  -------         PROC          LCD_FM
  C:42EAH         LINE#         58
  C:42EAH         LINE#         59
  C:42EAH         LINE#         60
  C:42F1H         LINE#         61
  C:42F5H         LINE#         62
  -------         ENDPROC       LCD_FM
  -------         PROC          LCD_AM
  C:42F6H         LINE#         63
  C:42F6H         LINE#         64
  C:42F6H         LINE#         65
BL51 BANKED LINKER/LOCATER V6.22                                                      06/02/2018  13:38:59  PAGE 35


  C:42FDH         LINE#         66
  C:4301H         LINE#         67
  -------         ENDPROC       LCD_AM
  -------         PROC          _LCD_ASQ
  D:0007H         SYMBOL        i
  C:41DFH         LINE#         68
  C:41DFH         LINE#         69
  C:41DFH         LINE#         70
  C:41EAH         LINE#         71
  C:41F1H         LINE#         72
  -------         ENDPROC       _LCD_ASQ
  -------         PROC          _LCD_VOX
  D:0007H         SYMBOL        i
  C:41F2H         LINE#         73
  C:41F2H         LINE#         74
  C:41F2H         LINE#         75
  C:41FDH         LINE#         76
  C:4204H         LINE#         77
  -------         ENDPROC       _LCD_VOX
  -------         PROC          LCD_UK
  C:4302H         LINE#         78
  C:4302H         LINE#         79
  C:4302H         LINE#         80
[...]
  C:2BB7H         LINE#         52
  C:2BB7H         LINE#         53
  C:2BBAH         LINE#         54
  C:2BBCH         LINE#         55
  C:2BBCH         LINE#         56
  C:2BBFH         LINE#         57
  C:2BBFH         LINE#         58
  C:2BBFH         LINE#         59
  C:2BCAH         LINE#         60
  C:2BCDH         LINE#         61
  -------         ENDPROC       SHOWCHANNEL
  -------         PROC          SHOWTABLE
  C:4344H         LINE#         63
  C:4344H         LINE#         64
  C:4344H         LINE#         65
  C:434CH         LINE#         66
  -------         ENDPROC       SHOWTABLE
  -------         PROC          SHOWCOUNTRY
  C:42B0H         LINE#         68
  C:42B0H         LINE#         69
  C:42B0H         LINE#         70
  C:42BEH         LINE#         71
BL51 BANKED LINKER/LOCATER V6.22                                                      06/02/2018  13:38:59  PAGE 69


  -------         ENDPROC       SHOWCOUNTRY
  -------         PROC          SHOWPOWER
  C:434DH         LINE#         73
  C:434DH         LINE#         74
  C:434DH         LINE#         75
  C:4355H         LINE#         76
  -------         ENDPROC       SHOWPOWER
  -------         PROC          SHOWBUTTONTONESWITCH
  C:4356H         LINE#         77
  C:4356H         LINE#         78
  C:4356H         LINE#         79
  C:435EH         LINE#         80
  -------         ENDPROC       SHOWBUTTONTONESWITCH
  -------         PROC          SHOWRESET
  C:43ACH         LINE#         81
  C:43ACH         LINE#         82
  C:43ACH         LINE#         83
  C:43AFH         LINE#         84
  -------         ENDPROC       SHOWRESET
  -------         PROC          _SHOWBACKCOLOR
  D:0007H         SYMBOL        i
  C:2D06H         LINE#         85
  C:2D06H         LINE#         86
  C:2D06H         LINE#         87
  C:2D0AH         LINE#         88
  C:2D0AH         LINE#         89
  C:2D12H         LINE#         90
  C:2D12H         LINE#         91
  C:2D3DH         LINE#         92
  C:2D3DH         LINE#         93
  C:2D3DH         LINE#         94
  C:2D44H         LINE#         95
  C:2D46H         LINE#         96
  C:2D48H         LINE#         97
  C:2D49H         LINE#         98
  C:2D49H         LINE#         99
  C:2D50H         LINE#         100
  C:2D52H         LINE#         101
  C:2D54H         LINE#         102
  C:2D55H         LINE#         103
  C:2D55H         LINE#         104
  C:2D5CH         LINE#         105
  C:2D5EH         LINE#         106
  C:2D60H         LINE#         107
  C:2D61H         LINE#         108
  C:2D61H         LINE#         109
  C:2D68H         LINE#         110
  C:2D6AH         LINE#         111
  C:2D6CH         LINE#         112
  C:2D6DH         LINE#         113
  C:2D6DH         LINE#         114
  C:2D74H         LINE#         115
  C:2D76H         LINE#         116
  C:2D78H         LINE#         117
  C:2D79H         LINE#         118
  C:2D79H         LINE#         119
  C:2D80H         LINE#         120
BL51 BANKED LINKER/LOCATER V6.22                                                      06/02/2018  13:38:59  PAGE 70


  C:2D82H         LINE#         121
  C:2D84H         LINE#         122
  C:2D85H         LINE#         123
  C:2D85H         LINE#         124
  C:2D8CH         LINE#         125
  C:2D8EH         LINE#         126
  C:2D90H         LINE#         127
  C:2D91H         LINE#         128
  C:2D91H         LINE#         129
  C:2D98H         LINE#         130
  C:2D9AH         LINE#         131
  C:2D9CH         LINE#         132
  C:2D9CH         LINE#         133
  C:2D9CH         LINE#         134
  C:2D9CH         LINE#         135
  C:2D9CH         LINE#         136
  -------         ENDPROC       _SHOWBACKCOLOR
  -------         PROC          SHOWLOCKED
  C:438EH         LINE#         137
  C:438EH         LINE#         138
  C:438EH         LINE#         139
  C:4393H         LINE#         140
  -------         ENDPROC       SHOWLOCKED
  -------         PROC          SHOWDELOCK
  C:4394H         LINE#         141
  C:4394H         LINE#         142
  C:4394H         LINE#         143
  C:4399H         LINE#         144
  -------         ENDPROC       SHOWDELOCK
  -------         PROC          SHOWASQ
  C:439AH         LINE#         145
  C:439AH         LINE#         146
  C:439AH         LINE#         147
  C:439FH         LINE#         148
  -------         ENDPROC       SHOWASQ
  -------         PROC          CLEARNUM
  C:43B0H         LINE#         149
  C:43B0H         LINE#         150
  C:43B0H         LINE#         151
  C:43B3H         LINE#         152
  -------         ENDPROC       CLEARNUM
  -------         PROC          SHOWCLEAR
  C:43B4H         LINE#         153
  C:43B4H         LINE#         154
  C:43B4H         LINE#         155
  C:43B7H         LINE#         156
  -------         ENDPROC       SHOWCLEAR
  -------         PROC          SHOWALL
  C:43B8H         LINE#         157
  C:43B8H         LINE#         158
  C:43B8H         LINE#         159
  C:43BBH         LINE#         160
  -------         ENDPROC       SHOWALL
  -------         PROC          SHOWTK
  C:2D9DH         LINE#         162
  C:2D9DH         LINE#         163
  C:2D9DH         LINE#         164
BL51 BANKED LINKER/LOCATER V6.22                                                      06/02/2018  13:38:59  PAGE 71


  C:2DACH         LINE#         165
  C:2DACH         LINE#         166
  C:2DB8H         LINE#         167
  C:2DB9H         LINE#         169
  C:2DB9H         LINE#         170
  C:2DC2H         LINE#         171
  C:2DC8H         LINE#         172
  C:2DC8H         LINE#         173
  C:2DC8H         LINE#         174
  C:2DD0H         LINE#         175
  C:2DD0H         LINE#         176
  C:2DDEH         LINE#         177
  C:2DE3H         LINE#         179
  C:2DECH         LINE#         180
  C:2DECH         LINE#         181
  C:2DF8H         LINE#         182
  C:2E05H         LINE#         183
  C:2E05H         LINE#         184
  C:2E0AH         LINE#         185
  C:2E0BH         LINE#         187
  C:2E0BH         LINE#         188
  C:2E17H         LINE#         190
  C:2E20H         LINE#         191
  C:2E20H         LINE#         192
  C:2E23H         LINE#         193
  C:2E23H         LINE#         194
  C:2E29H         LINE#         195
  C:2E29H         LINE#         196
  C:2E29H         LINE#         197
  C:2E29H         LINE#         198
  C:2E29H         LINE#         199
  C:2E29H         LINE#         200
  C:2E29H         LINE#         201
  -------         ENDPROC       SHOWTK
  -------         ENDMOD        LCDSHOW

  -------         MODULE        HANDLER
  C:0000H         SYMBOL        _ICE_DUMMY_
  D:0080H         PUBLIC        P0
  D:0090H         PUBLIC        P1
  D:00A0H         PUBLIC        P2
  D:00B0H         PUBLIC        P3
  C:3C03H         PUBLIC        SetTxPower
  D:00C8H         PUBLIC        T2CON1
  C:292BH         PUBLIC        checkRssi
  X:0000H         PUBLIC        asq_close_table
  B:0090H.1       PUBLIC        P11
  B:0090H.4       PUBLIC        P14
  B:0090H.5       PUBLIC        P15
  C:43C1H         PUBLIC        VOX_Check
  C:3F89H         PUBLIC        SetModu
  X:0026H         PUBLIC        asq_open_table
  X:004CH         PUBLIC        sq_close_table
  D:0098H         PUBLIC        SCON0
  X:00FCH         PUBLIC        sq_open_table
  D:00D8H         PUBLIC        ADCON
  D:00C0H         PUBLIC        IIC0CON
BL51 BANKED LINKER/LOCATER V6.22                                                      06/02/2018  13:38:59  PAGE 72


  C:33D5H         PUBLIC        _setRfg
  C:0003H         PUBLIC        SQ_Switch
  -------         PROC          _SETRFG
  D:0007H         SYMBOL        RfgLevel
  -------         DO            
  D:0006H         SYMBOL        rfg
  -------         ENDDO         
  C:33D5H         LINE#         66
  C:33D5H         LINE#         67
  C:33D5H         LINE#         69
  C:33DCH         LINE#         70
  C:33E2H         LINE#         71
  C:33EAH         LINE#         72
  C:33F2H         LINE#         73
  C:33FAH         LINE#         74
  C:3402H         LINE#         75
  C:340AH         LINE#         76
  C:3412H         LINE#         77
  C:341AH         LINE#         78
  C:3422H         LINE#         79
  C:3428H         LINE#         80
  C:342BH         LINE#         81
  C:342BH         LINE#         82
  C:342FH         LINE#         83
  C:3436H         LINE#         84
  C:3436H         LINE#         86
  -------         ENDPROC       _SETRFG
  -------         PROC          SETTXPOWER
  C:3C03H         LINE#         93
  C:3C03H         LINE#         94
  C:3C03H         LINE#         95
  C:3C16H         LINE#         96
  C:3C16H         LINE#         97
  C:3C18H         LINE#         98
  C:3C1AH         LINE#         99
  C:3C1BH         LINE#         100
  C:3C26H         LINE#         101
  C:3C26H         LINE#         102
  C:3C28H         LINE#         103
  C:3C2AH         LINE#         104
  C:3C2BH         LINE#         106
  C:3C2BH         LINE#         107
  C:3C2DH         LINE#         108
  C:3C2FH         LINE#         109
  C:3C2FH         LINE#         110
  -------         ENDPROC       SETTXPOWER
  -------         PROC          SETMODU
  C:3F89H         LINE#         116
  C:3F89H         LINE#         117
  C:3F89H         LINE#         118
  C:3F8FH         LINE#         119
  C:3F8FH         LINE#         120
  C:3F96H         LINE#         121
  C:3F9AH         LINE#         122
  C:3F9CH         LINE#         124
  C:3F9DH         LINE#         126
  C:3F9DH         LINE#         127
BL51 BANKED LINKER/LOCATER V6.22                                                      06/02/2018  13:38:59  PAGE 73


  C:3FA4H         LINE#         128
  C:3FA8H         LINE#         129
  C:3FAAH         LINE#         130
  C:3FAAH         LINE#         132
  -------         ENDPROC       SETMODU
  -------         PROC          CHECKRSSI
  -------         DO            
  X:029DH         SYMBOL        i
  X:029EH         SYMBOL        temp_asq
  X:02A0H         SYMBOL        temp_rssi
  X:02A2H         SYMBOL        temp_agca
  -------         ENDDO         
  C:292BH         LINE#         139
  C:292BH         LINE#         140
  C:292BH         LINE#         143
  C:2932H         LINE#         144
  C:2936H         LINE#         145
  C:293AH         LINE#         146
  C:293EH         LINE#         147
  C:293EH         LINE#         148
  C:2945H         LINE#         149
  C:2945H         LINE#         150
  C:2956H         LINE#         151
  C:2956H         LINE#         152
  C:2967H         LINE#         153
  C:2978H         LINE#         154
  C:297FH         LINE#         155
  C:298BH         LINE#         156
  C:2992H         LINE#         157
  C:2992H         LINE#         158
  C:29A9H         LINE#         159
  C:29A9H         LINE#         160
  C:29C0H         LINE#         161
  C:29D7H         LINE#         162
  -------         ENDPROC       CHECKRSSI
  -------         PROC          SQ_SWITCH
  -------         DO            
  D:0006H         SYMBOL        val
  X:026AH         SYMBOL        sqlevel
  -------         ENDDO         
  C:0003H         LINE#         168
  C:0003H         LINE#         169
  C:0003H         LINE#         172
  C:0009H         LINE#         173
  C:0009H         LINE#         174
  C:000EH         LINE#         175
  C:001AH         LINE#         176
  C:001AH         LINE#         177
  -------         ENDPROC       SQ_SWITCH
  -------         PROC          VOX_CHECK
  C:43C1H         LINE#         183
  C:43C1H         LINE#         184
  C:43C1H         LINE#         196
  -------         ENDPROC       VOX_CHECK
  -------         ENDMOD        HANDLER

  -------         MODULE        IIC
BL51 BANKED LINKER/LOCATER V6.22                                                      06/02/2018  13:38:59  PAGE 74


  C:0000H         SYMBOL        _ICE_DUMMY_
  D:0080H         PUBLIC        P0
  D:0090H         PUBLIC        P1
  D:00A0H         PUBLIC        P2
  D:00B0H         PUBLIC        P3
  C:330EH         PUBLIC        I2C_Read_Byte
  D:00C8H         PUBLIC        T2CON1
  C:393AH         PUBLIC        _I2C_Send_Byte
  C:3437H         PUBLIC        I2C_Wait_Ack
  C:419EH         PUBLIC        I2C_Ack
  C:40A6H         PUBLIC        I2C_Start
  C:42BFH         PUBLIC        I2C_Init
  B:0090H.7       PUBLIC        P17
  C:402EH         PUBLIC        I2C_Stop
  D:0098H         PUBLIC        SCON0
  D:00D8H         PUBLIC        ADCON
  D:00C0H         PUBLIC        IIC0CON
  C:41B4H         PUBLIC        I2C_NAck
  -------         PROC          I2C_INIT
  C:42BFH         LINE#         6
  C:42BFH         LINE#         7
  C:42BFH         LINE#         8
  C:42C6H         LINE#         9
  C:42CBH         LINE#         10
  C:42CDH         LINE#         11
  -------         ENDPROC       I2C_INIT
  -------         PROC          I2C_START
  C:40A6H         LINE#         14
  C:40A6H         LINE#         15
  C:40A6H         LINE#         16
  C:40ADH         LINE#         17
  C:40AFH         LINE#         18
  C:40B4H         LINE#         19
  C:40BBH         LINE#         20
  C:40C0H         LINE#         21
  C:40C2H         LINE#         22
  -------         ENDPROC       I2C_START
  -------         PROC          I2C_STOP
  C:402EH         LINE#         25
  C:402EH         LINE#         26
  C:402EH         LINE#         28
  C:4035H         LINE#         29
  C:403AH         LINE#         30
  C:403CH         LINE#         31
  C:4041H         LINE#         32
  C:4048H         LINE#         33
  C:404DH         LINE#         34
  -------         ENDPROC       I2C_STOP
  -------         PROC          I2C_ACK
  C:419EH         LINE#         38
  C:419EH         LINE#         39
  C:419EH         LINE#         40
  C:41A5H         LINE#         41
  C:41AAH         LINE#         42
  C:41ACH         LINE#         43
  C:41B1H         LINE#         44
  C:41B3H         LINE#         45
BL51 BANKED LINKER/LOCATER V6.22                                                      06/02/2018  13:38:59  PAGE 75


  -------         ENDPROC       I2C_ACK
  -------         PROC          I2C_NACK
  C:41B4H         LINE#         46
  C:41B4H         LINE#         47
  C:41B4H         LINE#         48
  C:41BBH         LINE#         49
  C:41C0H         LINE#         50
  C:41C2H         LINE#         51
  C:41C7H         LINE#         52
  C:41C9H         LINE#         53
  -------         ENDPROC       I2C_NACK
  -------         PROC          I2C_WAIT_ACK
  -------         DO            
  X:0272H         SYMBOL        tempTime
  -------         ENDDO         
  C:3437H         LINE#         58
  C:3437H         LINE#         59
  C:3437H         LINE#         60
  C:343CH         LINE#         61
  C:343EH         LINE#         62
  C:3447H         LINE#         63
  C:3449H         LINE#         64
  C:344EH         LINE#         65
  C:345EH         LINE#         66
  C:345EH         LINE#         67
  C:3464H         LINE#         68
  C:346AH         LINE#         69
  C:346AH         LINE#         70
  C:346FH         LINE#         71
  C:3472H         LINE#         72
  C:347DH         LINE#         73
  C:3480H         LINE#         74
  C:3480H         LINE#         75
  C:3480H         LINE#         76
  C:3482H         LINE#         77
  C:348DH         LINE#         78
  C:3492H         LINE#         79
  C:3494H         LINE#         80
  -------         ENDPROC       I2C_WAIT_ACK
  -------         PROC          _I2C_SEND_BYTE
  X:0272H         SYMBOL        txd
  -------         DO            
  X:0273H         SYMBOL        i
  -------         ENDDO         
  C:393AH         LINE#         84
  C:393FH         LINE#         85
  C:393FH         LINE#         86
  C:3942H         LINE#         87
  C:3944H         LINE#         89
  C:3945H         LINE#         90
  C:3945H         LINE#         91
  C:3951H         LINE#         92
  C:395AH         LINE#         94
  C:3961H         LINE#         96
  C:3968H         LINE#         97
  C:396AH         LINE#         98
  C:396FH         LINE#         99
BL51 BANKED LINKER/LOCATER V6.22                                                      06/02/2018  13:38:59  PAGE 76


  C:3971H         LINE#         100
  C:3976H         LINE#         101
  C:3982H         LINE#         102
  -------         ENDPROC       _I2C_SEND_BYTE
  -------         PROC          I2C_READ_BYTE
  -------         DO            
  X:0272H         SYMBOL        i
  X:0273H         SYMBOL        receive
  -------         ENDDO         
  C:330EH         LINE#         107
  C:330EH         LINE#         108
  C:330EH         LINE#         110
  C:3310H         LINE#         111
  C:3315H         LINE#         112
  C:331EH         LINE#         113
  C:3323H         LINE#         114
  C:3328H         LINE#         115
  C:3328H         LINE#         116
  C:3330H         LINE#         117
  C:3347H         LINE#         118
  C:3349H         LINE#         119
  C:334EH         LINE#         120
  C:3350H         LINE#         121
  C:3355H         LINE#         122
  C:3361H         LINE#         123
  C:336CH         LINE#         124
  C:3371H         LINE#         125
  -------         ENDPROC       I2C_READ_BYTE
  -------         ENDMOD        IIC

  -------         MODULE        ?C?FPADD
  C:0EF0H         PUBLIC        ?C?FPADD
  C:0EECH         PUBLIC        ?C?FPSUB
  -------         ENDMOD        ?C?FPADD

  -------         MODULE        ?C?FPMUL
  C:0FE1H         PUBLIC        ?C?FPMUL
  -------         ENDMOD        ?C?FPMUL

  -------         MODULE        ?C?FPDIV
  C:10EAH         PUBLIC        ?C?FPDIV
  -------         ENDMOD        ?C?FPDIV

  -------         MODULE        ?C?FPCMP
  C:1189H         PUBLIC        ?C?FPCMP
  C:1187H         PUBLIC        ?C?FPCMP3
  -------         ENDMOD        ?C?FPCMP

  -------         MODULE        ?C?FCAST
  C:120AH         PUBLIC        ?C?FCASTC
  C:1205H         PUBLIC        ?C?FCASTI
  C:1200H         PUBLIC        ?C?FCASTL
  -------         ENDMOD        ?C?FCAST

  -------         MODULE        ?C?CASTF
  C:123EH         PUBLIC        ?C?CASTF
  -------         ENDMOD        ?C?CASTF
BL51 BANKED LINKER/LOCATER V6.22                                                      06/02/2018  13:38:59  PAGE 77



  -------         MODULE        ?C?CLDPTR
  C:12BFH         PUBLIC        ?C?CLDPTR
  -------         ENDMOD        ?C?CLDPTR

  -------         MODULE        ?C?CSTOPTR
  C:12D8H         PUBLIC        ?C?CSTOPTR
  -------         ENDMOD        ?C?CSTOPTR

  -------         MODULE        ?C?IMUL
  C:12FAH         PUBLIC        ?C?IMUL
  -------         ENDMOD        ?C?IMUL

  -------         MODULE        ?C?UIDIV
  C:130CH         PUBLIC        ?C?UIDIV
  -------         ENDMOD        ?C?UIDIV

  -------         MODULE        ?C?ILDIX
  C:1361H         PUBLIC        ?C?ILDIX
  -------         ENDMOD        ?C?ILDIX

  -------         MODULE        ?C?ULDIV
  C:13B3H         PUBLIC        ?C?ULDIV
  -------         ENDMOD        ?C?ULDIV

  -------         MODULE        ?C?LNEG
  C:1445H         PUBLIC        ?C?LNEG
  -------         ENDMOD        ?C?LNEG

  -------         MODULE        ?C?ULSHR
  C:1453H         PUBLIC        ?C?ULSHR
  -------         ENDMOD        ?C?ULSHR

  -------         MODULE        ?C?LSTXDATA
  C:1466H         PUBLIC        ?C?LSTXDATA
  -------         ENDMOD        ?C?LSTXDATA

  -------         MODULE        ?C?LSTKXDATA
  C:1472H         PUBLIC        ?C?LSTKXDATA
  -------         ENDMOD        ?C?LSTKXDATA

  -------         MODULE        ?C?CCASE
  C:14A3H         PUBLIC        ?C?CCASE
  -------         ENDMOD        ?C?CCASE

Program Size: data=9.0 xdata=679 code=17346
LINK/LOCATE RUN COMPLETE.  0 WARNING(S),  0 ERROR(S)
